10-04 20:03:17.623 14352 14352 W art     : Failed execv(/system/bin/dex2oat --runtime-arg -classpath --runtime-arg  --debuggable --instruction-set=arm --instruction-set-features=smp,div,atomic_ldrd_strd --runtime-arg -Xrelocate --boot-image=/system/framework/boot.art --runtime-arg -Xms64m --runtime-arg -Xmx512m --instruction-set-variant=krait --instruction-set-features=default --dex-file=/data/app/com.qualcomm.ftcrobotcontroller-2/split_lib_slice_2_apk.apk --oat-file=/data/dalvik-cache/arm/data@app@com.qualcomm.ftcrobotcontroller-2@split_lib_slice_2_apk.apk@classes.dex) because non-0 exit status
10-04 20:03:17.693 14446 14446 I dex2oat : /system/bin/dex2oat --debuggable --dex-file=/data/app/com.qualcomm.ftcrobotcontroller-2/split_lib_slice_3_apk.apk --oat-file=/data/dalvik-cache/arm/data@app@com.qualcomm.ftcrobotcontroller-2@split_lib_slice_3_apk.apk@classes.dex
10-04 20:03:17.693 14446 14446 E dex2oat : Failed to create oat file: /data/dalvik-cache/arm/data@app@com.qualcomm.ftcrobotcontroller-2@split_lib_slice_3_apk.apk@classes.dex: Permission denied
10-04 20:03:17.693 14446 14446 I dex2oat : dex2oat took 748.021us (threads: 4) 
10-04 20:03:17.693 14352 14352 W art     : Failed execv(/system/bin/dex2oat --runtime-arg -classpath --runtime-arg  --debuggable --instruction-set=arm --instruction-set-features=smp,div,atomic_ldrd_strd --runtime-arg -Xrelocate --boot-image=/system/framework/boot.art --runtime-arg -Xms64m --runtime-arg -Xmx512m --instruction-set-variant=krait --instruction-set-features=default --dex-file=/data/app/com.qualcomm.ftcrobotcontroller-2/split_lib_slice_3_apk.apk --oat-file=/data/dalvik-cache/arm/data@app@com.qualcomm.ftcrobotcontroller-2@split_lib_slice_3_apk.apk@classes.dex) because non-0 exit status
10-04 20:03:17.773 14448 14448 I dex2oat : /system/bin/dex2oat --debuggable --dex-file=/data/app/com.qualcomm.ftcrobotcontroller-2/split_lib_slice_4_apk.apk --oat-file=/data/dalvik-cache/arm/data@app@com.qualcomm.ftcrobotcontroller-2@split_lib_slice_4_apk.apk@classes.dex
10-04 20:03:17.773 14448 14448 E dex2oat : Failed to create oat file: /data/dalvik-cache/arm/data@app@com.qualcomm.ftcrobotcontroller-2@split_lib_slice_4_apk.apk@classes.dex: Permission denied
10-04 20:03:17.773 14448 14448 I dex2oat : dex2oat took 625.989us (threads: 4) 
10-04 20:03:17.783 14352 14352 W art     : Failed execv(/system/bin/dex2oat --runtime-arg -classpath --runtime-arg  --debuggable --instruction-set=arm --instruction-set-features=smp,div,atomic_ldrd_strd --runtime-arg -Xrelocate --boot-image=/system/framework/boot.art --runtime-arg -Xms64m --runtime-arg -Xmx512m --instruction-set-variant=krait --instruction-set-features=default --dex-file=/data/app/com.qualcomm.ftcrobotcontroller-2/split_lib_slice_4_apk.apk --oat-file=/data/dalvik-cache/arm/data@app@com.qualcomm.ftcrobotcontroller-2@split_lib_slice_4_apk.apk@classes.dex) because non-0 exit status
10-04 20:03:17.783 14352 14352 E InstantRunHelper: Error accessing apk file: /data/app/com.qualcomm.ftcrobotcontroller-2/split_lib_slice_5_apk.apk, IOException: java.io.IOException: No original dex files found for dex location /data/app/com.qualcomm.ftcrobotcontroller-2/split_lib_slice_5_apk.apk
10-04 20:03:17.783 14352 14352 E InstantRunHelper: java.io.IOException: No original dex files found for dex location /data/app/com.qualcomm.ftcrobotcontroller-2/split_lib_slice_5_apk.apk
10-04 20:03:17.793 14352 14352 E InstantRunHelper: 	at dalvik.system.DexFile.openDexFileNative(Native Method)
10-04 20:03:17.793 14352 14352 E InstantRunHelper: 	at dalvik.system.DexFile.openDexFile(DexFile.java:295)
10-04 20:03:17.793 14352 14352 E InstantRunHelper: 	at dalvik.system.DexFile.<init>(DexFile.java:80)
10-04 20:03:17.793 14352 14352 E InstantRunHelper: 	at org.firstinspires.ftc.robotcore.internal.opmode.InstantRunHelper.getAllClassNames(InstantRunHelper.java:77)
10-04 20:03:17.793 14352 14352 E InstantRunHelper: 	at org.firstinspires.ftc.robotcore.internal.opmode.ClassManager.getAllClassNames(ClassManager.java:168)
10-04 20:03:17.793 14352 14352 E InstantRunHelper: 	at org.firstinspires.ftc.robotcore.internal.opmode.ClassManager.processAllClasses(ClassManager.java:255)
10-04 20:03:17.793 14352 14352 E InstantRunHelper: 	at com.qualcomm.ftccommon.ClassManagerFactory.processAllClasses(ClassManagerFactory.java:90)
10-04 20:03:17.793 14352 14352 E InstantRunHelper: 	at org.firstinspires.ftc.robotcontroller.internal.FtcRobotControllerActivity.onCreate(FtcRobotControllerActivity.java:339)
10-04 20:03:17.793 14352 14352 E InstantRunHelper: 	at android.app.Activity.performCreate(Activity.java:6876)
10-04 20:03:17.803 14352 14352 E InstantRunHelper: 	at android.app.Instrumentation.callActivityOnCreate(Instrumentation.java:1135)
10-04 20:03:17.803 14352 14352 E InstantRunHelper: 	at android.app.ActivityThread.performLaunchActivity(ActivityThread.java:3206)
10-04 20:03:17.803 14352 14352 E InstantRunHelper: 	at android.app.ActivityThread.handleLaunchActivity(ActivityThread.java:3349)
10-04 20:03:17.803 14352 14352 E InstantRunHelper: 	at android.app.ActivityThread.access$1100(ActivityThread.java:221)
10-04 20:03:17.803 14352 14352 E InstantRunHelper: 	at android.app.ActivityThread$H.handleMessage(ActivityThread.java:1794)
10-04 20:03:17.803 14352 14352 E InstantRunHelper: 	at android.os.Handler.dispatchMessage(Handler.java:102)
10-04 20:03:17.803 14352 14352 E InstantRunHelper: 	at android.os.Looper.loop(Looper.java:158)
10-04 20:03:17.803 14352 14352 E InstantRunHelper: 	at android.app.ActivityThread.main(ActivityThread.java:7224)
10-04 20:03:17.803 14352 14352 E InstantRunHelper: 	at java.lang.reflect.Method.invoke(Native Method)
10-04 20:03:17.803 14352 14352 E InstantRunHelper: 	at com.android.internal.os.ZygoteInit$MethodAndArgsCaller.run(ZygoteInit.java:1230)
10-04 20:03:17.803 14352 14352 E InstantRunHelper: 	at com.android.internal.os.ZygoteInit.main(ZygoteInit.java:1120)
10-04 20:03:17.883 14450 14450 I dex2oat : /system/bin/dex2oat --debuggable --dex-file=/data/app/com.qualcomm.ftcrobotcontroller-2/split_lib_slice_6_apk.apk --oat-file=/data/dalvik-cache/arm/data@app@com.qualcomm.ftcrobotcontroller-2@split_lib_slice_6_apk.apk@classes.dex
10-04 20:03:17.883 14450 14450 E dex2oat : Failed to create oat file: /data/dalvik-cache/arm/data@app@com.qualcomm.ftcrobotcontroller-2@split_lib_slice_6_apk.apk@classes.dex: Permission denied
10-04 20:03:17.883 14450 14450 I dex2oat : dex2oat took 1.040ms (threads: 4) 
10-04 20:03:17.883 14352 14352 W art     : Failed execv(/system/bin/dex2oat --runtime-arg -classpath --runtime-arg  --debuggable --instruction-set=arm --instruction-set-features=smp,div,atomic_ldrd_strd --runtime-arg -Xrelocate --boot-image=/system/framework/boot.art --runtime-arg -Xms64m --runtime-arg -Xmx512m --instruction-set-variant=krait --instruction-set-features=default --dex-file=/data/app/com.qualcomm.ftcrobotcontroller-2/split_lib_slice_6_apk.apk --oat-file=/data/dalvik-cache/arm/data@app@com.qualcomm.ftcrobotcontroller-2@split_lib_slice_6_apk.apk@classes.dex) because non-0 exit status
10-04 20:03:17.953 14452 14452 I dex2oat : /system/bin/dex2oat --debuggable --dex-file=/data/app/com.qualcomm.ftcrobotcontroller-2/split_lib_slice_7_apk.apk --oat-file=/data/dalvik-cache/arm/data@app@com.qualcomm.ftcrobotcontroller-2@split_lib_slice_7_apk.apk@classes.dex
10-04 20:03:17.953 14452 14452 E dex2oat : Failed to create oat file: /data/dalvik-cache/arm/data@app@com.qualcomm.ftcrobotcontroller-2@split_lib_slice_7_apk.apk@classes.dex: Permission denied
10-04 20:03:17.953 14452 14452 I dex2oat : dex2oat took 793.489us (threads: 4) 
10-04 20:03:17.963 14352 14352 W art     : Failed execv(/system/bin/dex2oat --runtime-arg -classpath --runtime-arg  --debuggable --instruction-set=arm --instruction-set-features=smp,div,atomic_ldrd_strd --runtime-arg -Xrelocate --boot-image=/system/framework/boot.art --runtime-arg -Xms64m --runtime-arg -Xmx512m --instruction-set-variant=krait --instruction-set-features=default --dex-file=/data/app/com.qualcomm.ftcrobotcontroller-2/split_lib_slice_7_apk.apk --oat-file=/data/dalvik-cache/arm/data@app@com.qualcomm.ftcrobotcontroller-2@split_lib_slice_7_apk.apk@classes.dex) because non-0 exit status
10-04 20:03:18.043 14454 14454 I dex2oat : /system/bin/dex2oat --debuggable --dex-file=/data/app/com.qualcomm.ftcrobotcontroller-2/split_lib_slice_8_apk.apk --oat-file=/data/dalvik-cache/arm/data@app@com.qualcomm.ftcrobotcontroller-2@split_lib_slice_8_apk.apk@classes.dex
10-04 20:03:18.043 14454 14454 E dex2oat : Failed to create oat file: /data/dalvik-cache/arm/data@app@com.qualcomm.ftcrobotcontroller-2@split_lib_slice_8_apk.apk@classes.dex: Permission denied
10-04 20:03:18.043 14454 14454 I dex2oat : dex2oat took 626.719us (threads: 4) 
10-04 20:03:18.043 14352 14352 W art     : Failed execv(/system/bin/dex2oat --runtime-arg -classpath --runtime-arg  --debuggable --instruction-set=arm --instruction-set-features=smp,div,atomic_ldrd_strd --runtime-arg -Xrelocate --boot-image=/system/framework/boot.art --runtime-arg -Xms64m --runtime-arg -Xmx512m --instruction-set-variant=krait --instruction-set-features=default --dex-file=/data/app/com.qualcomm.ftcrobotcontroller-2/split_lib_slice_8_apk.apk --oat-file=/data/dalvik-cache/arm/data@app@com.qualcomm.ftcrobotcontroller-2@split_lib_slice_8_apk.apk@classes.dex) because non-0 exit status
10-04 20:03:18.123 14456 14456 I dex2oat : /system/bin/dex2oat --debuggable --dex-file=/data/app/com.qualcomm.ftcrobotcontroller-2/split_lib_slice_9_apk.apk --oat-file=/data/dalvik-cache/arm/data@app@com.qualcomm.ftcrobotcontroller-2@split_lib_slice_9_apk.apk@classes.dex
10-04 20:03:18.123 14456 14456 E dex2oat : Failed to create oat file: /data/dalvik-cache/arm/data@app@com.qualcomm.ftcrobotcontroller-2@split_lib_slice_9_apk.apk@classes.dex: Permission denied
10-04 20:03:18.123 14456 14456 I dex2oat : dex2oat took 685.522us (threads: 4) 
10-04 20:03:18.123 14352 14352 W art     : Failed execv(/system/bin/dex2oat --runtime-arg -classpath --runtime-arg  --debuggable --instruction-set=arm --instruction-set-features=smp,div,atomic_ldrd_strd --runtime-arg -Xrelocate --boot-image=/system/framework/boot.art --runtime-arg -Xms64m --runtime-arg -Xmx512m --instruction-set-variant=krait --instruction-set-features=default --dex-file=/data/app/com.qualcomm.ftcrobotcontroller-2/split_lib_slice_9_apk.apk --oat-file=/data/dalvik-cache/arm/data@app@com.qualcomm.ftcrobotcontroller-2@split_lib_slice_9_apk.apk@classes.dex) because non-0 exit status
10-04 20:03:18.133 14352 14352 V OnBotJava:ClassLoader: opening DexFile /storage/emulated/0/FIRST/java/build/jars/onBotJavaJar-2019-09-15+08.07.56--1765342321/OnBotJava.jar
10-04 20:03:18.203 14458 14458 I dex2oat : /system/bin/dex2oat --debuggable --dex-file=/storage/emulated/0/FIRST/java/build/jars/onBotJavaJar-2019-09-15+08.07.56--1765342321/OnBotJava.jar --oat-file=/data/user/0/com.qualcomm.ftcrobotcontroller/app_dexopt/@storage@emulated@0@FIRST@java@build@jars@onBotJavaJar-2019-09-15+08.07.56--1765342321@OnBotJava.jar@classes.dex
10-04 20:03:18.283 14458 14458 I dex2oat : ----------------------------------------------------
10-04 20:03:18.283 14458 14458 I dex2oat : <SS>: S T A R T I N G . . .
10-04 20:03:18.283 14458 14458 E dex2oat : <SS>: oat location is not valid /data/user/0/com.qualcomm.ftcrobotcontroller/app_dexopt/@storage@emulated@0@FIRST@java@build@jars@onBotJavaJar-2019-09-15+08.07.56--1765342321@OnBotJava.jar@classes.dex
10-04 20:03:18.283 14458 14458 I dex2oat : dex2oat took 84.707ms (threads: 4) arena alloc=742KB java alloc=21KB native alloc=2MB free=2MB
10-04 20:03:18.293 14352 14352 I OnBotJavaHelperImpl: /storage/emulated/0/FIRST/java/build/jars/onBotJavaJar-2019-09-15+08.07.56--1765342321/OnBotJava.jar: org.firstinspires.ftc.teamcode.ArushHdrive
10-04 20:03:18.293 14352 14352 I OnBotJavaHelperImpl: /storage/emulated/0/FIRST/java/build/jars/onBotJavaJar-2019-09-15+08.07.56--1765342321/OnBotJava.jar: org.firstinspires.ftc.teamcode.AutonCrater_final
10-04 20:03:18.293 14352 14352 I OnBotJavaHelperImpl: /storage/emulated/0/FIRST/java/build/jars/onBotJavaJar-2019-09-15+08.07.56--1765342321/OnBotJava.jar: org.firstinspires.ftc.teamcode.AutonDepot_final
10-04 20:03:18.293 14352 14352 I OnBotJavaHelperImpl: /storage/emulated/0/FIRST/java/build/jars/onBotJavaJar-2019-09-15+08.07.56--1765342321/OnBotJava.jar: org.firstinspires.ftc.teamcode.BabyBot
10-04 20:03:18.293 14352 14352 I OnBotJavaHelperImpl: /storage/emulated/0/FIRST/java/build/jars/onBotJavaJar-2019-09-15+08.07.56--1765342321/OnBotJava.jar: org.firstinspires.ftc.teamcode.Teleop
10-04 20:03:18.293 14352 14352 V OnBotJava:ClassLoader: opening DexFile /storage/emulated/0/FIRST/java/build/jars/onBotJavaJar-2019-09-15+08.07.56--1765342321/OnBotJava.jar
10-04 20:03:19.083 14352 14352 V OnBotJava:ClassLoader: From /storage/emulated/0/FIRST/java/build/jars/onBotJavaJar-2019-09-15+08.07.56--1765342321/OnBotJava.jar loaded: org.firstinspires.ftc.teamcode.AutonCrater_final
10-04 20:03:19.083 14352 14352 V OnBotJava:ClassLoader: From /storage/emulated/0/FIRST/java/build/jars/onBotJavaJar-2019-09-15+08.07.56--1765342321/OnBotJava.jar loaded: org.firstinspires.ftc.teamcode.ArushHdrive
10-04 20:03:19.083 14352 14352 V OnBotJava:ClassLoader: From /storage/emulated/0/FIRST/java/build/jars/onBotJavaJar-2019-09-15+08.07.56--1765342321/OnBotJava.jar loaded: org.firstinspires.ftc.teamcode.BabyBot
10-04 20:03:19.083 14352 14352 V OnBotJava:ClassLoader: From /storage/emulated/0/FIRST/java/build/jars/onBotJavaJar-2019-09-15+08.07.56--1765342321/OnBotJava.jar loaded: org.firstinspires.ftc.teamcode.AutonDepot_final
10-04 20:03:19.083 14352 14352 V OnBotJava:ClassLoader: From /storage/emulated/0/FIRST/java/build/jars/onBotJavaJar-2019-09-15+08.07.56--1765342321/OnBotJava.jar loaded: org.firstinspires.ftc.teamcode.Teleop
10-04 20:03:20.373 14352 14352 V OnBotJavaDeterminer: isOnBotJava: class=AdafruitBNO055IMU loader=PathClassLoader: false
10-04 20:03:20.403 14352 14352 V OnBotJavaDeterminer: isOnBotJava: class=NavxMicroNavigationSensor loader=PathClassLoader: false
10-04 20:03:20.413 14352 14352 V OnBotJavaDeterminer: isOnBotJava: class=LynxEmbeddedIMU loader=PathClassLoader: false
10-04 20:03:20.473 14352 14352 V OnBotJavaDeterminer: isOnBotJava: class=ModernRoboticsAnalogOpticalDistanceSensor loader=PathClassLoader: false
10-04 20:03:20.483 14352 14352 V OnBotJavaDeterminer: isOnBotJava: class=ModernRoboticsI2cCompassSensor loader=PathClassLoader: false
10-04 20:03:20.493 14352 14352 V OnBotJavaDeterminer: isOnBotJava: class=ModernRoboticsI2cRangeSensor loader=PathClassLoader: false
10-04 20:03:20.503 14352 14352 V OnBotJavaDeterminer: isOnBotJava: class=ModernRoboticsTouchSensor loader=PathClassLoader: false
10-04 20:03:20.523 14352 14352 V OnBotJavaDeterminer: isOnBotJava: class=Matrix12vMotor loader=PathClassLoader: false
10-04 20:03:20.533 14352 14352 V OnBotJavaDeterminer: isOnBotJava: class=MatrixLegacyMotor loader=PathClassLoader: false
10-04 20:03:20.533 14352 14352 V OnBotJavaDeterminer: isOnBotJava: class=NeveRest20Gearmotor loader=PathClassLoader: false
10-04 20:03:20.543 14352 14352 V OnBotJavaDeterminer: isOnBotJava: class=NeveRest3_7GearmotorV1 loader=PathClassLoader: false
10-04 20:03:20.553 14352 14352 V OnBotJavaDeterminer: isOnBotJava: class=NeveRest40Gearmotor loader=PathClassLoader: false
10-04 20:03:20.563 14352 14352 V OnBotJavaDeterminer: isOnBotJava: class=NeveRest60Gearmotor loader=PathClassLoader: false
10-04 20:03:20.573 14352 14352 V OnBotJavaDeterminer: isOnBotJava: class=RevRobotics20HdHexMotor loader=PathClassLoader: false
10-04 20:03:20.583 14352 14352 V OnBotJavaDeterminer: isOnBotJava: class=RevRobotics40HdHexMotor loader=PathClassLoader: false
10-04 20:03:20.583 14352 14352 V OnBotJavaDeterminer: isOnBotJava: class=RevRoboticsCoreHexMotor loader=PathClassLoader: false
10-04 20:03:20.593 14352 14352 V OnBotJavaDeterminer: isOnBotJava: class=TetrixMotor loader=PathClassLoader: false
10-04 20:03:20.603 14352 14352 V OnBotJavaDeterminer: isOnBotJava: class=Rev2mDistanceSensor loader=PathClassLoader: false
10-04 20:03:20.613 14352 14352 V OnBotJavaDeterminer: isOnBotJava: class=RevBlinkinLedDriver loader=PathClassLoader: false
10-04 20:03:20.623 14352 14352 V OnBotJavaDeterminer: isOnBotJava: class=RevColorSensorV3 loader=PathClassLoader: false
10-04 20:03:20.623 14352 14352 V OnBotJavaDeterminer: isOnBotJava: class=RevSPARKMini loader=PathClassLoader: false
10-04 20:03:20.633 14352 14352 V OnBotJavaDeterminer: isOnBotJava: class=RevTouchSensor loader=PathClassLoader: false
10-04 20:03:20.643 14352 14352 V OnBotJavaDeterminer: isOnBotJava: class=AnalogInput loader=PathClassLoader: false
10-04 20:03:20.653 14352 14352 V OnBotJavaDeterminer: isOnBotJava: class=CRServo loader=PathClassLoader: false
10-04 20:03:20.663 14352 14352 V OnBotJavaDeterminer: isOnBotJava: class=DigitalChannelImpl loader=PathClassLoader: false
10-04 20:03:20.683 14352 14352 V OnBotJavaDeterminer: isOnBotJava: class=LED loader=PathClassLoader: false
10-04 20:03:20.703 14352 14352 V OnBotJavaDeterminer: isOnBotJava: class=Servo loader=PathClassLoader: false
10-04 20:03:20.723 14352 14352 V OnBotJavaDeterminer: isOnBotJava: class=UnspecifiedMotor loader=PathClassLoader: false
10-04 20:03:21.263 14352 14352 V UpdateUI: Network: inactive, disconnected
10-04 20:03:21.263 14352 14352 V ServiceStarter: attempting to start service FtcRobotControllerWatchdogService
10-04 20:03:21.273 14352 14352 V ServiceStarter: started service FtcRobotControllerWatchdogService
10-04 20:03:21.273 14352 14352 V RobotCore: BuildConfig: versionCode=34 versionName=5.2 module=com.qualcomm.ftcrobotcontroller
10-04 20:03:21.273 14352 14352 V RobotCore: BuildConfig: versionCode=64 versionName=11.6 module=com.qualcomm.robotcore
10-04 20:03:21.273 14352 14352 V RobotCore: BuildConfig: versionCode=64 versionName=11.6 module=com.qualcomm.hardware
10-04 20:03:21.273 14352 14352 V RobotCore: BuildConfig: versionCode=64 versionName=11.6 module=com.qualcomm.ftccommon
10-04 20:03:21.273 14352 14352 V RobotCore: BuildConfig: versionCode=64 versionName=11.6 module=com.google.blocks
10-04 20:03:21.273 14352 14352 V RobotCore: BuildConfig: versionCode=64 versionName=11.6 module=org.firstinspires.inspection
10-04 20:03:21.273 14352 14352 I RCActivity: Android device serial number: 15ae9b38
10-04 20:03:21.283 14352 14352 I RobotCore: Android Device: maker=samsung model=SM-G900V sdk=23
10-04 20:03:21.283 14352 14352 V RCActivity: onStart()
10-04 20:03:21.283 14352 14352 V RCActivity: pref_wifip2p_channel: Found existing preferred channel (0).
10-04 20:03:21.283 14352 14352 V RCActivity: pref_wifip2p_channel: attempting to set preferred channel...
10-04 20:03:21.283 14352 14352 V WifiDirectChannelChanger: changeToChannel() channel=0
10-04 20:03:21.283 14352 14352 V WifiDirectChannelChanger: startChannelChange() channel=0
10-04 20:03:21.293 14352 14352 V RCActivity: onResume()
10-04 20:03:21.293 14352 14417 V WifiDirectChannelChanger: callSetWifiP2pChannels() success
10-04 20:03:21.293 14352 14417 V WifiDirectChannelChanger: Channel 0 saved as preference "pref_wifip2p_channel".
10-04 20:03:21.293 14352 14417 V WifiDirectChannelChanger: finishChannelChange() channel=0 success=true
10-04 20:03:21.293 14352 14352 D SecWifiDisplayUtil: Metadata value : none
10-04 20:03:21.293 14352 14352 D ViewRootImpl: #1 mView = com.android.internal.policy.PhoneWindow$DecorView{4c86b8a I.E...... R.....ID 0,0-0,0}
10-04 20:03:21.303 14352 14473 D OpenGLRenderer: Use EGL_SWAP_BEHAVIOR_PRESERVED: true
10-04 20:03:21.313 14352 14352 D ConnectivityManager: requestNetwork; getAppId(CallingUid) : 10208, CallingPid : 14352
10-04 20:03:21.333 14352 14352 V FtcRobotControllerWatchdogService: onCreate()
10-04 20:03:21.333 14352 14352 V FtcRobotControllerWatchdogService: onStartCommand() intent=Intent { cmp=com.qualcomm.ftcrobotcontroller/org.firstinspires.ftc.ftccommon.internal.FtcRobotControllerWatchdogService } flags=0x0 startId=1
10-04 20:03:21.333 14352 14352 V FtcRobotControllerWatchdogService: shouldAutoLauchRobotController() result=false
10-04 20:03:21.333 14352 14352 V FTCService: onCreate()
10-04 20:03:21.333 14352 14352 V FTCService: onBind()
10-04 20:03:21.343 14352 14352 V CoreRobotWebServer: creating NanoHTTPD(8080)
10-04 20:03:21.373 14352 14352 V WebSocketManager: Registered broadcast-only namespace ControlHubUpdater
10-04 20:03:21.383 14352 14352 V RobotCore: Getting network assistant of type: WIFIDIRECT
10-04 20:03:21.393 14352 14352 V NetDiscover_prefremrc: onSharedPreferenceChanged(name=pref_wifip2p_groupowner_connectedto, value=null)
10-04 20:03:21.393 14352 14352 V WifiDirect: There are 1 Wifi Direct Assistant Clients (+)
10-04 20:03:21.393 14352 14352 V WifiDirect: Enabling Wifi Direct Assistant
10-04 20:03:21.393 14352 14352 V WifiDirectInviteMonitor: startMonitoring()
10-04 20:03:21.403 14352 14417 V NetDiscover_wifiDirectAgent_bcast: wifiP2pEnabled=true
10-04 20:03:21.403 14352 14417 D NetDiscover_wifiDirectAgent_bcast: connection changed: networkInfo.state=CONNECTED
10-04 20:03:21.403 14352 14417 V NetDiscover_wifiDirectAgent_bcast: NetworkInfo: [type: WIFI_P2P[] - WIFI_P2P, state: CONNECTED/CONNECTED, reason: (unspecified), extra: (none), roaming: false, failover: false, isAvailable: true]
10-04 20:03:21.403 14352 14417 V NetDiscover_wifiDirectAgent_bcast: WifiP2pInfo: groupFormed: true isGroupOwner: true groupOwnerAddress: /192.168.49.1
10-04 20:03:21.403 14352 14417 V NetDiscover_wifiDirectAgent_bcast: WifiP2pGroup: network: DIRECT-7w-14353-RC, isGO: true, GO: Device: [Phone] 14353-RC, deviceAddress: 62:f1:89:92:f8:36, primary type: 10-0050F204-5, secondary type: null, wps: 0, grpcapab: 0, devcapab: 0, status: 3, wfdInfo: null, groupownerAddress: null, GOdeviceName: null, interfaceAddress: , SConnectInfo : null, contactInfoHash : null, ssDevInfo : 0, iconIdx : 0, Client: Device: [Phone] 14353-DS, deviceAddress: 92:b6:86:c4:11:68, primary type: 10-0050F204-5, secondary type: null, wps: 392, grpcapab: 0, devcapab: 37, status: 0, wfdInfo: null, groupownerAddress: null, GOdeviceName: null, interfaceAddress: , SConnectInfo : null, contactInfoHash : null, ssDevInfo : 1, iconIdx : 256, interface: p2p-wlan0-0, frequency: 2437, networkId: -1
10-04 20:03:21.413 14352 14417 V NetDiscover_wifiDirectAgent_bcast: this device changed: Device=[Phone] 14353-RC deviceAddress=62:f1:89:92:f8:36 primary type=10-0050F204-5 secondary type=null wps=0 grpcapab=0 devcapab=0 status=0 wfdInfo=null groupownerAddress=null GOdeviceName=null interfaceAddress= SConnectInfo =null contactInfoHash =null ssDevInfo =0 iconIdx =0
10-04 20:03:21.413 14352 14417 V NetDiscover_name: remembering wifiDirectName: [Phone] 14353-RC...
10-04 20:03:21.413 14352 14417 V NetDiscover_name: ...remembering wifiDirectName
10-04 20:03:21.413 14352 14417 V NetDiscover_wifiDirectAgent_bcast: p2p discoverPeers()=false
10-04 20:03:21.413 14352 14417 V NetDiscover_wifiDirectAgent_bcast: wifi direct remembered groups cleared
10-04 20:03:21.413 14352 14417 V NetDiscover_wifiDirectAgent_bcast: wifiState=ENABLED
10-04 20:03:21.473 14352 14473 I Adreno-EGL: <qeglDrvAPI_eglInitialize:379>: EGL 1.4 QUALCOMM build:  (Ia10634f51b)
10-04 20:03:21.473 14352 14473 I Adreno-EGL: OpenGL ES Shader Compiler Version: E031.29.00.00
10-04 20:03:21.473 14352 14473 I Adreno-EGL: Build Date: 01/28/16 Thu
10-04 20:03:21.473 14352 14473 I Adreno-EGL: Local Branch: ss
10-04 20:03:21.473 14352 14473 I Adreno-EGL: Remote Branch: 
10-04 20:03:21.473 14352 14473 I Adreno-EGL: Local Patches: 
10-04 20:03:21.473 14352 14473 I Adreno-EGL: Reconstruct Branch: 
10-04 20:03:21.483 14352 14473 D libEGL  : eglInitialize EGLDisplay = 0x97d017c4
10-04 20:03:21.483 14352 14473 I OpenGLRenderer: Initialized EGL, version 1.4
10-04 20:03:21.533 14352 14352 D WifiDirect: broadcast: state - enabled: true
10-04 20:03:21.533 14352 14352 D WifiDirect: broadcast: connection changed: connectStatus=NOT_CONNECTED networkInfo.state=CONNECTED
10-04 20:03:21.533 14352 14352 V WifiDirect: writing pref name=pref_wifip2p_groupowner_connectedto value=[Phone] 14353-RC
10-04 20:03:21.533 14352 14352 V NetDiscover_prefremrc: onSharedPreferenceChanged(name=pref_wifip2p_groupowner_connectedto, value=[Phone] 14353-RC)
10-04 20:03:21.533 14352 14352 D WifiDirect: broadcast: this device changed
10-04 20:03:21.533 14352 14352 V WifiDirect: device information: [Phone] 14353-RC 62:f1:89:92:f8:36
10-04 20:03:21.533 14352 14352 D WifiDirect: cannot create group, does group already exist?
10-04 20:03:21.533 14352 14352 V FTCService: RCActivity.controllerService=bound
10-04 20:03:21.533 14352 14352 V UpdateUI: Network: unknown, disconnected
10-04 20:03:21.533 14352 14352 V RobotCore: Robot Status: stopped
10-04 20:03:21.573 14352 14492 V RobotCore: thread: 'RobotSetupRunnable.run()' starting...
10-04 20:03:21.573 14352 14492 V FTCService: Processing robot setup
10-04 20:03:21.573 14352 14492 V RobotCore: Robot Status: stopped, scanning for USB devices
10-04 20:03:21.613 14352 14352 V WebSocketManager: Registered handler for namespace ONBOTJAVA
10-04 20:03:21.613 14352 14352 D ViewRootImpl: #1 mView = android.widget.LinearLayout{65c76ea V.E...... ......I. 0,0-0,0 #10203a7 android:id/toast_layout_root}
10-04 20:03:21.623 14352 14352 W DisplayListCanvas: DisplayListCanvas is started on unbinded RenderNode (without mOwningView)
10-04 20:03:21.713 14352 14352 D ViewRootImpl: MSG_RESIZED_REPORT: ci=Rect(0, 0 - 0, 0) vi=Rect(0, 0 - 0, 0) or=1
10-04 20:03:21.723 14352 14352 D WifiDirect: group owners address: /192.168.49.1
10-04 20:03:21.723 14352 14352 D WifiDirect: group formed, this device is the group owner (GO)
10-04 20:03:21.723 14352 14352 I FTCService: onNetworkConnectionEvent: CONNECTED_AS_GROUP_OWNER
10-04 20:03:21.723 14352 14352 I FTCService: Wifi Direct - connected as group owner
10-04 20:03:21.723 14352 14352 V UpdateUI: Network: enabled, disconnected
10-04 20:03:21.723 14352 14352 D ViewRootImpl: MSG_RESIZED_REPORT: ci=Rect(0, 0 - 0, 0) vi=Rect(0, 0 - 0, 0) or=1
10-04 20:03:21.733 14352 14352 W DisplayListCanvas: DisplayListCanvas is started on unbinded RenderNode (without mOwningView)
10-04 20:03:21.743 14352 14352 V WifiDirect: connection information available
10-04 20:03:21.743 14352 14352 V WifiDirect: connection information - groupOwnerName = [Phone] 14353-RC
10-04 20:03:21.743 14352 14352 V WifiDirect: connection information - groupOwnerMacAddress = 62:f1:89:92:f8:36
10-04 20:03:21.743 14352 14352 V WifiDirect: connection information - groupInterface = p2p-wlan0-0
10-04 20:03:21.743 14352 14352 V WifiDirect: connection information - groupNetworkName = DIRECT-7w-14353-RC
10-04 20:03:21.743 14352 14352 I FTCService: onNetworkConnectionEvent: CONNECTION_INFO_AVAILABLE
10-04 20:03:21.743 14352 14352 I FTCService: Network Connection Passphrase: 21IbJ7xh
10-04 20:03:21.753 14352 14352 V CoreRobotWebServer: starting port=8080
10-04 20:03:21.763 14352 14352 V RobotCore: Getting network assistant of type: WIFIDIRECT
10-04 20:03:21.763 14352 14352 V WifiDirect: There are 2 Wifi Direct Assistant Clients (+)
10-04 20:03:21.763 14352 14352 V CoreRobotWebServer: started port=8080
10-04 20:03:21.763 14352 14352 V UpdateUI: Network: active, disconnected
10-04 20:03:21.763 14352 14417 V NetDiscover_wifiDirectAgent_bcast: wifiP2pEnabled=true
10-04 20:03:21.763 14352 14417 D NetDiscover_wifiDirectAgent_bcast: connection changed: networkInfo.state=CONNECTED
10-04 20:03:21.763 14352 14417 V NetDiscover_wifiDirectAgent_bcast: NetworkInfo: [type: WIFI_P2P[] - WIFI_P2P, state: CONNECTED/CONNECTED, reason: (unspecified), extra: (none), roaming: false, failover: false, isAvailable: true]
10-04 20:03:21.763 14352 14417 V NetDiscover_wifiDirectAgent_bcast: WifiP2pInfo: groupFormed: true isGroupOwner: true groupOwnerAddress: /192.168.49.1
10-04 20:03:21.763 14352 14417 V NetDiscover_wifiDirectAgent_bcast: WifiP2pGroup: network: DIRECT-7w-14353-RC, isGO: true, GO: Device: [Phone] 14353-RC, deviceAddress: 62:f1:89:92:f8:36, primary type: 10-0050F204-5, secondary type: null, wps: 0, grpcapab: 0, devcapab: 0, status: 3, wfdInfo: null, groupownerAddress: null, GOdeviceName: null, interfaceAddress: , SConnectInfo : null, contactInfoHash : null, ssDevInfo : 0, iconIdx : 0, Client: Device: [Phone] 14353-DS, deviceAddress: 92:b6:86:c4:11:68, primary type: 10-0050F204-5, secondary type: null, wps: 392, grpcapab: 0, devcapab: 37, status: 0, wfdInfo: null, groupownerAddress: null, GOdeviceName: null, interfaceAddress: , SConnectInfo : null, contactInfoHash : null, ssDevInfo : 1, iconIdx : 256, interface: p2p-wlan0-0, frequency: 2437, networkId: -1
10-04 20:03:21.763 14352 14417 V NetDiscover_wifiDirectAgent_bcast: this device changed: Device=[Phone] 14353-RC deviceAddress=62:f1:89:92:f8:36 primary type=10-0050F204-5 secondary type=null wps=0 grpcapab=0 devcapab=0 status=0 wfdInfo=null groupownerAddress=null GOdeviceName=null interfaceAddress= SConnectInfo =null contactInfoHash =null ssDevInfo =0 iconIdx =0
10-04 20:03:21.763 14352 14417 V NetDiscover_name: remembering wifiDirectName: [Phone] 14353-RC...
10-04 20:03:21.763 14352 14417 V NetDiscover_name: ...remembering wifiDirectName
10-04 20:03:21.763 14352 14417 V NetDiscover_wifiDirectAgent_bcast: p2p discoverPeers()=false
10-04 20:03:21.763 14352 14417 V NetDiscover_wifiDirectAgent_bcast: wifi direct remembered groups cleared
10-04 20:03:21.763 14352 14417 V NetDiscover_wifiDirectAgent_bcast: wifiState=ENABLED
10-04 20:03:21.763 14352 14503 W         : Unable to open '/system/framework/com.qti.location.sdk.jar': No such file or directory
10-04 20:03:21.763 14352 14503 W art     : Failed to open zip archive '/system/framework/com.qti.location.sdk.jar': I/O Error
10-04 20:03:21.773 14352 14352 E libEGL  : validate_display:255 error 3008 (EGL_BAD_DISPLAY)
10-04 20:03:21.773 14352 14352 D libEGL  : eglInitialize EGLDisplay = 0xbe8ee334
10-04 20:03:21.793 14352 14503 V TooTallWebSocketServer: Started WebSocket server on port 8081
10-04 20:03:21.803 14352 14352 I Timeline: Timeline: Activity_idle id: android.os.BinderProxy@cfbc1f5 time:18969351
10-04 20:03:21.803 14352 14352 V AppUtil : rootActivity=PermissionValidatorWrapper destroyed
10-04 20:03:21.803 14352 14352 V AppUtil : rootActivity=FtcRobotControllerActivity
10-04 20:03:24.953 14352 14352 D ViewRootImpl: #3 mView = null
10-04 20:03:26.583 14352 14492 V RobotCore: EventLoopManager state is NOT_STARTED
10-04 20:03:26.583 14352 14492 V RobotCore: Robot Status: stopped, waiting for Wifi to enable
10-04 20:03:26.603 14352 14492 I RobotCore: state = 3
10-04 20:03:26.623 14352 14492 V RobotCore: Robot Status: stopped, waiting for Wifi Direct to enable
10-04 20:03:26.623 14352 14492 V FTCService: Waiting for a connection to a wifi service
10-04 20:03:26.633 14352 14492 V RobotCore: Robot Status: stopped, waiting for network to become active
10-04 20:03:26.633 14352 14492 V CoreRobotWebServer: Asked an already running WebServer to start
10-04 20:03:26.633 14352 14492 V RobotCore: Robot Status: stopped, starting robot
10-04 20:03:26.633 14352 14492 V Robocol : EventLoopManager.start()
10-04 20:03:26.633 14352 14492 V RobotCore: Getting network assistant of type: WIFIDIRECT
10-04 20:03:26.633 14352 14492 V Robocol : Spoofing a Network Connection event...
10-04 20:03:26.633 14352 14492 I EventLoopManager: onNetworkConnectionEvent: CONNECTION_INFO_AVAILABLE
10-04 20:03:26.633 14352 14492 I Robocol : Received network connection event
10-04 20:03:26.633 14352 14352 D WifiDirect: cannot create group, does group already exist?
10-04 20:03:26.643 14352 14492 I NetworkConnectionHandler: Handling new network connection infomation, connected: true setup needed: true
10-04 20:03:26.643 14352 14492 V RobotCore: EventLoopManager state is STOPPED
10-04 20:03:26.643 14352 14492 V Robocol : eventLoop=FtcEventLoop
10-04 20:03:26.643 14352 14492 V RobotCore: EventLoopManager state is INIT
10-04 20:03:26.643 14352 14492 V RobotCore: Robot Status: initializing, starting robot
10-04 20:03:26.643 14352 14492 I FtcEventLoop: ======= INIT START =======
10-04 20:03:26.643 14352 14492 V OpmodeRegistration: registered {DefaultOpMode} as {$Stop$Robot$}
10-04 20:03:26.653 14352 14537 V RobotCore: thread: 'SetupRunnable.run()' starting...
10-04 20:03:26.663 14352 14492 V FileBasedLock: locked /storage/emulated/0/FIRST/blocks/projectslock/lock.dat
10-04 20:03:26.673 14352 14492 V FileBasedLock: unlocking /storage/emulated/0/FIRST/blocks/projectslock/lock.dat
10-04 20:03:26.673 14352 14492 V OpmodeRegistration: registered instance as {TenFlow}
10-04 20:03:26.683 14352 14492 V OpmodeRegistration: registered {BubbleBot} as {BubbleBot}
10-04 20:03:26.683 14352 14492 V OpmodeRegistration: registered {PID_First} as {PID_First}
10-04 20:03:26.683 14352 14492 V OpmodeRegistration: registered {DriveAround} as {Drive Around}
10-04 20:03:26.683 14352 14492 V OpmodeRegistration: registered {BabyBotGyro_PID} as {Pushbot: Auto Drive By imu}
10-04 20:03:26.683 14352 14492 V OpmodeRegistration: registered {PIDrive} as {PI Drive}
10-04 20:03:26.683 14352 14492 V OpmodeRegistration: registered {PID_First2} as {PID_First2}
10-04 20:03:26.683 14352 14492 V OpmodeRegistration: registered {BabyBot} as {BabyBot}
10-04 20:03:26.693 14352 14492 V OpmodeRegistration: registered {ConceptVuforiaSkyStoneNavigation} as {SKYSTONE Vuforia Nav}
10-04 20:03:26.723 14352 14537 D Robocol : RobocolDatagramSocket listening addr=/192.168.49.1:20884 cbRec=65520 cbSend=163840 msRecTO=300
10-04 20:03:26.723 14352 14537 V Robocol : RecvLoopRunnable created
10-04 20:03:26.733 14352 14548 V RobotCore: thread: 'RecvLoopRunnable.run()' starting...
10-04 20:03:26.733 14352 14537 V PeerDiscovery: Starting peer discovery remote: /192.168.49.1 local: /192.168.49.1
10-04 20:03:26.733 14352 14537 V PeerDiscovery: No need for peer discovery, we are the peer discovery device
10-04 20:03:26.733 14352 14537 V RobotCore: Setup complete
10-04 20:03:26.733 14352 14537 V RobotCore: thread: ...terminating 'SetupRunnable.run()'
10-04 20:03:26.743 14352 14548 D RobotCore: system telemetry: key=$System$None$ msg=""
10-04 20:03:26.743 14352 14548 V PeerDiscovery: new remote peer discovered: 192.168.49.200
10-04 20:03:26.743 14352 14548 D Robocol : RobocolDatagramSocket connected to /192.168.49.200:20884
10-04 20:03:26.753 14352 14548 V NetworkConnectionHandler: starting sending loop
10-04 20:03:26.753 14352 14549 V Robocol : sending CMD_NOTIFY_WIFI_DIRECT_REMEMBERED_GROUPS_CHANGED(2), attempt: 0
10-04 20:03:26.753 14352 14549 V Robocol : sending CMD_SHOW_TOAST(3), attempt: 0
10-04 20:03:26.753 14352 14549 V Robocol : sending CMD_NOTIFY_WIFI_DIRECT_REMEMBERED_GROUPS_CHANGED(4), attempt: 0
10-04 20:03:26.763 14352 14549 V Robocol : sending CMD_NOTIFY_WIFI_DIRECT_REMEMBERED_GROUPS_CHANGED(5), attempt: 0
10-04 20:03:26.763 14352 14549 V Robocol : sending CMD_NOTIFY_ROBOT_STATE(9), attempt: 0
10-04 20:03:26.763 14352 14549 V Robocol : sending CMD_NOTIFY_ROBOT_STATE(10), attempt: 0
10-04 20:03:26.763 14352 14549 V Robocol : sending CMD_NOTIFY_ROBOT_STATE(11), attempt: 0
10-04 20:03:26.763 14352 14548 V MediaPlayer-JNI: native_setup
10-04 20:03:26.763 14352 14548 E MediaPlayer-JNI: JNIMediaPlayerFactory: bIsQCMediaPlayerPresent 0
10-04 20:03:26.763 14352 14548 E MediaPlayer-JNI: JNIMediaPlayerFactory: bIsQCMediaPlayerPresent 0
10-04 20:03:26.763 14352 14549 V Robocol : sending CMD_NOTIFY_ACTIVE_CONFIGURATION(12), attempt: 0
10-04 20:03:26.773 14352 14548 V MediaPlayer-JNI: setParameter: key 1400
10-04 20:03:26.773 14352 14548 V MediaPlayer-JNI: setAudioStreamType: 3
10-04 20:03:26.773 14352 14548 V MediaPlayer-JNI: set_session_id(): 483
10-04 20:03:26.783 14352 14548 V UpdateUI: Network: active, connected
10-04 20:03:26.783 14352 14548 D FTCService: Sending user device types and preferences to driver station
10-04 20:03:26.783 14352 14553 V MediaPlayer-JNI: reset
10-04 20:03:26.783 14352 14553 V MediaPlayer-JNI: setDataSourceFD: fd 84
10-04 20:03:26.813 14352 14364 W MediaPlayer: info/warning (10973, 0)
10-04 20:03:26.823 14352 14553 V MediaPlayer-JNI: getDuration: 757 (msec)
10-04 20:03:26.823 14352 14553 V SoundInfo: construct(0x045b83c6)
10-04 20:03:26.833 14352 14492 V HardwareFactory: createHardwareMap()
10-04 20:03:26.833 14352 14492 V WifiDirectInviteMonitor: clearUILynxModule()
10-04 20:03:26.833 14352 14549 V Robocol : sending CMD_NOTIFY_USER_DEVICE_LIST(16), attempt: 0
10-04 20:03:26.833 14352 14549 V Robocol : sending CMD_NOTIFY_OP_MODE_LIST(17), attempt: 0
10-04 20:03:26.833 14352 14548 V NetDiscover_prefremrc: sendAllPreferences()
10-04 20:03:26.833 14352 14548 V NetDiscover_prefremrc: sending RC pref name=pref_wifip2p_remote_channel_change_works value=true
10-04 20:03:26.833 14352 14548 V NetDiscover_prefremrc: sending RC pref name=pref_device_name value=[Phone] 14353-RC
10-04 20:03:26.833 14352 14548 V NetDiscover_prefremrc: sending RC pref name=pref_has_independent_phone_battery value=true
10-04 20:03:26.833 14352 14548 V NetDiscover_prefremrc: sending RC pref name=pref_has_speaker value=true
10-04 20:03:26.843 14352 14548 V NetDiscover_prefremrc: sending RC pref name=pref_app_theme value=red
10-04 20:03:26.843 14352 14548 V NetDiscover_prefremrc: sending RC pref name=pref_wifip2p_channel value=0
10-04 20:03:26.843 14352 14548 V NetDiscover_prefremrc: sending RC pref name=pref_sound_on_off value=true
10-04 20:03:26.843 14352 14548 V NetworkConnectionHandler: Peer connection established
10-04 20:03:26.863 14352 14492 V RobotCore: Creating REV Robotics USB Expansion Hub Portal [DQ3MVHAL]
10-04 20:03:26.873 14352 14549 V Robocol : sending CMD_NOTIFY_USER_DEVICE_LIST(19), attempt: 0
10-04 20:03:26.873 14352 14549 V Robocol : sending CMD_ROBOT_CONTROLLER_PREFERENCE(20), attempt: 0
10-04 20:03:26.873 14352 14549 V Robocol : sending CMD_ROBOT_CONTROLLER_PREFERENCE(21), attempt: 0
10-04 20:03:26.873 14352 14549 V Robocol : sending CMD_ROBOT_CONTROLLER_PREFERENCE(22), attempt: 0
10-04 20:03:26.873 14352 14549 V Robocol : sending CMD_ROBOT_CONTROLLER_PREFERENCE(23), attempt: 0
10-04 20:03:26.873 14352 14549 V Robocol : sending CMD_ROBOT_CONTROLLER_PREFERENCE(24), attempt: 0
10-04 20:03:26.873 14352 14549 V Robocol : sending CMD_ROBOT_CONTROLLER_PREFERENCE(25), attempt: 0
10-04 20:03:26.873 14352 14549 V Robocol : sending CMD_ROBOT_CONTROLLER_PREFERENCE(26), attempt: 0
10-04 20:03:26.873 14352 14417 D SoundPlayer: onLoadComplete(samp=1|ms=757, samp=1)=0
10-04 20:03:26.873 14352 14492 V LynxUsb : creating new [DQ3MVHAL]: 0x00a1459e
10-04 20:03:26.883 14352 14548 V Robocol : received command: CMD_REQUEST_UI_STATE(10013) 
10-04 20:03:26.883 14352 14553 D SoundPlayer: playing volume=1.000000 samp=1|ms=757
10-04 20:03:26.903 14352 14492 V FtDevice: initialize(vid=0x0403 pid=0x6015 bcdDevice=0x1000)
10-04 20:03:26.903 14352 14492 V MonitoredUsbDeviceConnection: closing UsbDeviceConnection(DQ3MVHAL)
10-04 20:03:26.903 14352 14492 D UsbDeviceConnectionJNI: close
10-04 20:03:26.903 14352 14492 V MonitoredUsbDeviceConnection: closing UsbDeviceConnection(DQ3MVHAL)
10-04 20:03:26.903 14352 14492 D UsbDeviceConnectionJNI: close
10-04 20:03:26.903 14352 14492 V FtDeviceManager: createDeviceInfoList(): 1 USB devices
10-04 20:03:26.913 14352 14549 V Robocol : sending CMD_PLAY_SOUND(40), attempt: 0
10-04 20:03:26.913 14352 14492 V FtDevice: vv********************DQ3MVHAL opening********************vv 0x020a9d9b
10-04 20:03:26.923 14352 14492 V FtDevice: ^^********************DQ3MVHAL opened ********************^^
10-04 20:03:26.923 14352 14492 V FtDevice: resetting DQ3MVHAL
10-04 20:03:26.933 14352 14492 V LynxUsb : armDevice() serial=DQ3MVHAL...
10-04 20:03:26.933 14352 14492 V LynxModule: resetDevice() serial=DQ3MVHAL
10-04 20:03:27.293 14352 14492 V LynxUsb : ...done armDevice()
10-04 20:03:27.293 14352 14574 V RobotCore: thread: 'lynx incoming datagrams' starting...
10-04 20:03:27.303 14352 14492 V LynxUsb : 0x08eb7877 on 0x00a1459e: new delegate to [DQ3MVHAL]
10-04 20:03:27.303 14352 14492 V RobotCore: Creating Lynx Module - mod=2 parent=true
10-04 20:03:27.333 14352 14492 V LynxUsb : addConfiguredModule() module#=2
10-04 20:03:27.333 14352 14492 V LynxModule: pingAndQueryKnownInterfaces mod=2
10-04 20:03:27.333 14352 14574 V LynxUsb : synchronization gained: serial=DQ3MVHAL
10-04 20:03:27.353 14352 14492 V LynxModule: mod#=2 queryInterface(DEKA)=49 commands starting at 4096
10-04 20:03:27.363 14352 14492 V LynxModule: mod#=2 intf=DEKA: expected 54 commands; found 49
10-04 20:03:27.363 14352 14492 V LynxModule: sendLEDPatternSteps(): #steps=6
10-04 20:03:27.373 14352 14575 V LynxModule: received status: LynxGetModuleStatusResponse(status=0x02 alerts=0x00: Reset)
10-04 20:03:27.393 14352 14492 V LynxMotor: initializeHardware() mod#=2
10-04 20:03:27.453 14352 14492 V RobotCore: DcMotorImpl(type=RevRoboticsCoreHexMotor)
10-04 20:03:27.453 14352 14492 W LynxMotor: not supported: setPIDFCoefficients(0, RUN_USING_ENCODER, PIDFCoefficients(p=4.960000 i=0.496000 d=0.000000 f=49.600000 alg=PIDF))
10-04 20:03:27.453 14352 14492 W LynxMotor: not supported: setPIDFCoefficients(0, RUN_TO_POSITION, PIDFCoefficients(p=5.000000 i=0.000000 d=0.000000 f=0.000000 alg=PIDF))
10-04 20:03:27.453 14352 14492 V RobotCore: DcMotorImpl(type=RevRoboticsCoreHexMotor)
10-04 20:03:27.463 14352 14492 W LynxMotor: not supported: setPIDFCoefficients(3, RUN_USING_ENCODER, PIDFCoefficients(p=4.960000 i=0.496000 d=0.000000 f=49.600000 alg=PIDF))
10-04 20:03:27.463 14352 14492 W LynxMotor: not supported: setPIDFCoefficients(3, RUN_TO_POSITION, PIDFCoefficients(p=5.000000 i=0.000000 d=0.000000 f=0.000000 alg=PIDF))
10-04 20:03:27.473 14352 14492 V LynxServoController: initializeHardware() mod#=2
10-04 20:03:27.503 14352 14492 V LynxVoltageSensor: initializeHardware() mod#=2
10-04 20:03:27.503 14352 14492 V LynxAnalogInputController: initializeHardware() mod#=2
10-04 20:03:27.503 14352 14492 V LynxDigitalChannelController: initializeHardware() mod#=2
10-04 20:03:27.523 14352 14492 V RobotCore: Creating user sensor REV Expansion Hub IMU - on Lynx module=2 bus=0
10-04 20:03:27.523 14352 14492 V RobotCore: Creating I2cDeviceSynch (Lynx) - mod=2 bus=0
10-04 20:03:27.523 14352 14492 I RobotCore: LynxFirmwareVersionManager: LynxI2cDeviceSynchV1
10-04 20:03:27.533 14352 14492 V LynxI2cDeviceSynch: initializeHardware() mod#=2
10-04 20:03:27.553 14352 14492 I RobotCore: ========= Device Information ===================================================
10-04 20:03:27.553 14352 14492 I RobotCore: Type                                               Name                           Connection
10-04 20:03:27.563 14352 14492 I RobotCore: Expansion Hub DC Motor Controller                  Expansion Hub 2                USB DQ3MVHAL; module 2
10-04 20:03:27.563 14352 14492 I RobotCore: Expansion Hub Servo Controller                     Expansion Hub 2                USB DQ3MVHAL; module 2
10-04 20:03:27.563 14352 14492 I RobotCore: Expansion Hub Voltage Sensor                       Expansion Hub 2                USB DQ3MVHAL; module 2
10-04 20:03:27.563 14352 14492 I RobotCore: Expansion Hub Analog Input Controller              Expansion Hub 2                USB DQ3MVHAL; module 2
10-04 20:03:27.563 14352 14492 I RobotCore: Expansion Hub Digital Channel Controller           Expansion Hub 2                USB DQ3MVHAL; module 2
10-04 20:03:27.563 14352 14492 I RobotCore: Expansion Hub (HW: 20, Maj: 1, Min: 7, Eng: 2)     Expansion Hub 2                USB DQ3MVHAL; module 2
10-04 20:03:27.563 14352 14492 I RobotCore: REV Expansion Hub IMU                              imu                            USB DQ3MVHAL; module 2; bus 0; addr7=0x00
10-04 20:03:27.563 14352 14492 I RobotCore: Motor                                              leftMotor                      USB DQ3MVHAL; module 2; port 0
10-04 20:03:27.563 14352 14492 I RobotCore: Motor                                              rightMotor                     USB DQ3MVHAL; module 2; port 3
10-04 20:03:27.563 14352 14492 I RobotCore: REV Robotics USB Expansion Hub Portal              Expansion Hub Portal 1         USB DQ3MVHAL
10-04 20:03:27.573 14352 14492 I FtcEventLoop: ======= INIT FINISH =======
10-04 20:03:27.573 14352 14492 V RobotCore: EventLoopManager state is RUNNING
10-04 20:03:27.583 14352 14553 V MediaPlayer-JNI: reset
10-04 20:03:27.583 14352 14553 V MediaPlayer-JNI: setDataSourceFD: fd 113
10-04 20:03:27.593 14352 14492 V RobotCore: Robot Status: running, starting robot
10-04 20:03:27.593 14352 14549 V Robocol : sending CMD_NOTIFY_ACTIVE_CONFIGURATION(58), attempt: 0
10-04 20:03:27.593 14352 14492 V RobotCore: Robot Status: running
10-04 20:03:27.593 14352 14492 D Noah    : Detecting WiFi reset
10-04 20:03:27.593 14352 14492 V RobotCore: thread: ...terminating 'RobotSetupRunnable.run()'
10-04 20:03:27.613 14352 14578 V RobotCore: thread: 'opmode loop()' starting...
10-04 20:03:27.623 14352 14363 W MediaPlayer: info/warning (10973, 0)
10-04 20:03:27.633 14352 14549 V Robocol : sending CMD_NOTIFY_ROBOT_STATE(59), attempt: 0
10-04 20:03:27.633 14352 14553 V MediaPlayer-JNI: getDuration: 4506 (msec)
10-04 20:03:27.633 14352 14553 V SoundInfo: construct(0x02fd0670)
10-04 20:03:27.663 14352 14547 E Robocol : command processing took 0.778 s: command=CMD_REQUEST_UI_STATE
10-04 20:03:27.673 14352 14549 V Robocol : sending CMD_NOTIFY_USER_DEVICE_LIST(63), attempt: 0
10-04 20:03:27.673 14352 14549 V Robocol : sending CMD_NOTIFY_OP_MODE_LIST(64), attempt: 0
10-04 20:03:27.703 14352 14417 D SoundPlayer: onLoadComplete(samp=2|ms=4506, samp=2)=0
10-04 20:03:27.713 14352 14553 D SoundPlayer: playing volume=1.000000 samp=2|ms=4506
10-04 20:03:27.753 14352 14549 V Robocol : sending CMD_PLAY_SOUND(66), attempt: 0
10-04 20:03:28.123 14352 14548 V Robocol : received command: CMD_INIT_OP_MODE(10042) $Stop$Robot$
10-04 20:03:28.123 14352 14578 I RobotCore: Attempting to switch to op mode $Stop$Robot$
10-04 20:03:28.153 14352 14549 V Robocol : sending CMD_NOTIFY_INIT_OP_MODE(78), attempt: 0
10-04 20:03:28.163 14352 14578 I RobotCore: Attempting to switch to op mode $Stop$Robot$
10-04 20:03:28.193 14352 14549 V Robocol : sending CMD_NOTIFY_INIT_OP_MODE(84), attempt: 0
10-04 20:03:32.643 14352 14548 V Robocol : received command: CMD_SET_MATCH_NUMBER(10104) 0
10-04 20:03:32.643 14352 14548 V Robocol : received command: CMD_INIT_OP_MODE(10105) PID_First2
10-04 20:03:32.653 14352 14547 I RobotCore: ******************** START - OPMODE PID_First2 ********************
10-04 20:03:32.653 14352 14578 I RobotCore: Attempting to switch to op mode PID_First2
10-04 20:03:32.663 14352 14578 W LynxMotor: not supported: setPIDFCoefficients(0, RUN_USING_ENCODER, PIDFCoefficients(p=4.960000 i=0.496000 d=0.000000 f=49.600000 alg=PIDF))
10-04 20:03:32.663 14352 14578 W LynxMotor: not supported: setPIDFCoefficients(0, RUN_TO_POSITION, PIDFCoefficients(p=5.000000 i=0.000000 d=0.000000 f=0.000000 alg=PIDF))
10-04 20:03:32.663 14352 14578 W LynxMotor: not supported: setPIDFCoefficients(3, RUN_USING_ENCODER, PIDFCoefficients(p=4.960000 i=0.496000 d=0.000000 f=49.600000 alg=PIDF))
10-04 20:03:32.663 14352 14578 W LynxMotor: not supported: setPIDFCoefficients(3, RUN_TO_POSITION, PIDFCoefficients(p=5.000000 i=0.000000 d=0.000000 f=0.000000 alg=PIDF))
10-04 20:03:32.783 14352 14578 W LynxMotor: not supported: setPIDFCoefficients(0, RUN_USING_ENCODER, PIDFCoefficients(p=4.960000 i=0.496000 d=0.000000 f=49.600000 alg=PIDF))
10-04 20:03:32.783 14352 14578 W LynxMotor: not supported: setPIDFCoefficients(0, RUN_TO_POSITION, PIDFCoefficients(p=5.000000 i=0.000000 d=0.000000 f=0.000000 alg=PIDF))
10-04 20:03:32.783 14352 14578 W LynxMotor: not supported: setPIDFCoefficients(3, RUN_USING_ENCODER, PIDFCoefficients(p=4.960000 i=0.496000 d=0.000000 f=49.600000 alg=PIDF))
10-04 20:03:32.793 14352 14578 W LynxMotor: not supported: setPIDFCoefficients(3, RUN_TO_POSITION, PIDFCoefficients(p=5.000000 i=0.000000 d=0.000000 f=0.000000 alg=PIDF))
10-04 20:03:32.833 14352 14669 V RobotCore: thread: 'LinearOpMode main' starting...
10-04 20:03:32.873 14352 14549 V Robocol : sending CMD_NOTIFY_INIT_OP_MODE(158), attempt: 0
10-04 20:03:32.963 14352 14669 V RobotCore: addr=false data=true arb=false clock=false
10-04 20:03:32.963 14352 14669 E LynxI2cDeviceSynch: readStatusQuery: cbExpected=1 cbRead=0
10-04 20:03:32.963 14352 14669 E LynxI2cDeviceSynch: placeholder: readStatusQuery
10-04 20:03:33.033 14352 14669 V RobotCore: addr=false data=true arb=false clock=false
10-04 20:03:33.033 14352 14669 E LynxI2cDeviceSynch: readStatusQuery: cbExpected=1 cbRead=0
10-04 20:03:33.103 14352 14669 V RobotCore: addr=false data=true arb=false clock=false
10-04 20:03:33.113 14352 14669 E LynxI2cDeviceSynch: readStatusQuery: cbExpected=1 cbRead=0
10-04 20:03:33.183 14352 14669 V RobotCore: addr=false data=true arb=false clock=false
10-04 20:03:33.183 14352 14669 E LynxI2cDeviceSynch: readStatusQuery: cbExpected=1 cbRead=0
10-04 20:03:33.253 14352 14669 V RobotCore: addr=false data=true arb=false clock=false
10-04 20:03:33.253 14352 14669 E LynxI2cDeviceSynch: readStatusQuery: cbExpected=1 cbRead=0
10-04 20:03:33.743 14352 14669 W IMU     : re-issuing IMU mode: system status=IDLE expected=RUNNING_FUSION
10-04 20:03:34.803 14352 14548 V Robocol : received command: CMD_RUN_OP_MODE(10133) PID_First2
10-04 20:03:34.813 14352 14669 D RobotCore: PID - SetTarget : Set Pt 90.000000, CurrError 90.000000 
10-04 20:03:34.833 14352 14549 V Robocol : sending CMD_NOTIFY_RUN_OP_MODE(181), attempt: 0
10-04 20:03:34.883 14352 14669 D RobotCore: PID - getOutput : deviceInput - -0.000000, prevError 1.000000, CurrError 1.000000, currTime 2.219413, deltaTime 0.068822,
10-04 20:03:34.883 14352 14669 D RobotCore: PID - getOutput : pTerm 0.400000, iTerm 0.013764, dTerm 0.000000, output 0.413764,
10-04 20:03:34.923 14352 14669 D RobotCore: PIDCaller - : current Angle -0.000000, pidValue 0.413764, leftSpeed -0.413764, rightSpeed 0.413764
