10-04 20:03:34.973 14352 14669 D RobotCore: PID - getOutput : deviceInput - 1.062500, prevError 0.011111, CurrError 0.988194, currTime 2.309040, deltaTime 0.089627,
10-04 20:03:34.973 14352 14669 D RobotCore: PID - getOutput : pTerm 0.395278, iTerm 0.031478, dTerm 0.002180, output 0.428936,
10-04 20:03:35.003 14352 14669 D RobotCore: PIDCaller - : current Angle 3.125000, pidValue 0.428936, leftSpeed -0.428936, rightSpeed 0.428936
10-04 20:03:35.053 14352 14669 D RobotCore: PID - getOutput : deviceInput - 7.125000, prevError 0.010980, CurrError 0.920833, currTime 2.386399, deltaTime 0.077360,
10-04 20:03:35.053 14352 14669 D RobotCore: PID - getOutput : pTerm 0.368333, iTerm 0.045725, dTerm 0.002352, output 0.416411,
10-04 20:03:35.083 14352 14669 D RobotCore: PIDCaller - : current Angle 12.312500, pidValue 0.416411, leftSpeed -0.416411, rightSpeed 0.416411
10-04 20:03:35.113 14352 14669 D RobotCore: PID - getOutput : deviceInput - 16.687500, prevError 0.010231, CurrError 0.814583, currTime 2.451560, deltaTime 0.065160,
10-04 20:03:35.113 14352 14669 D RobotCore: PID - getOutput : pTerm 0.325833, iTerm 0.056341, dTerm 0.002469, output 0.384643,
10-04 20:03:35.143 14352 14669 D RobotCore: PIDCaller - : current Angle 19.750000, pidValue 0.384643, leftSpeed -0.384643, rightSpeed 0.384643
10-04 20:03:35.173 14352 14669 D RobotCore: PID - getOutput : deviceInput - 26.312500, prevError 0.009051, CurrError 0.707639, currTime 2.512180, deltaTime 0.060621,
10-04 20:03:35.173 14352 14669 D RobotCore: PID - getOutput : pTerm 0.283056, iTerm 0.064920, dTerm 0.002305, output 0.350281,
10-04 20:03:35.203 14352 14669 D RobotCore: PIDCaller - : current Angle 29.750000, pidValue 0.350281, leftSpeed -0.350281, rightSpeed 0.350281
10-04 20:03:35.243 14352 14669 D RobotCore: PID - getOutput : deviceInput - 36.750000, prevError 0.007863, CurrError 0.591667, currTime 2.573433, deltaTime 0.061253,
10-04 20:03:35.243 14352 14669 D RobotCore: PID - getOutput : pTerm 0.236667, iTerm 0.072169, dTerm 0.001906, output 0.310742,
10-04 20:03:35.263 14352 14669 D RobotCore: PIDCaller - : current Angle 41.875000, pidValue 0.310742, leftSpeed -0.310742, rightSpeed 0.310742
10-04 20:03:35.293 14352 14669 D RobotCore: PID - getOutput : deviceInput - 47.062500, prevError 0.006574, CurrError 0.477083, currTime 2.631647, deltaTime 0.058214,
10-04 20:03:35.293 14352 14669 D RobotCore: PID - getOutput : pTerm 0.190833, iTerm 0.077723, dTerm 0.001616, output 0.270173,
10-04 20:03:35.313 14352 14669 D RobotCore: PIDCaller - : current Angle 50.562500, pidValue 0.270173, leftSpeed -0.270173, rightSpeed 0.270173
10-04 20:03:35.363 14352 14669 D RobotCore: PID - getOutput : deviceInput - 57.250000, prevError 0.005301, CurrError 0.363889, currTime 2.692685, deltaTime 0.061038,
10-04 20:03:35.363 14352 14669 D RobotCore: PID - getOutput : pTerm 0.145556, iTerm 0.082165, dTerm 0.001175, output 0.228896,
10-04 20:03:35.383 14352 14669 D RobotCore: PIDCaller - : current Angle 60.500000, pidValue 0.228896, leftSpeed -0.228896, rightSpeed 0.228896
10-04 20:03:35.423 14352 14669 D RobotCore: PID - getOutput : deviceInput - 68.375000, prevError 0.004043, CurrError 0.240278, currTime 2.762673, deltaTime 0.069989,
10-04 20:03:35.433 14352 14669 D RobotCore: PID - getOutput : pTerm 0.096111, iTerm 0.085529, dTerm 0.000675, output 0.182315,
10-04 20:03:35.473 14352 14669 D RobotCore: PIDCaller - : current Angle 74.000000, pidValue 0.182315, leftSpeed -0.182315, rightSpeed 0.182315
10-04 20:03:35.513 14352 14669 D RobotCore: PID - getOutput : deviceInput - 79.312500, prevError 0.002670, CurrError 0.118750, currTime 2.844972, deltaTime 0.082299,
10-04 20:03:35.523 14352 14669 D RobotCore: PID - getOutput : pTerm 0.047500, iTerm 0.087483, dTerm 0.000282, output 0.135265,
10-04 20:03:35.553 14352 14669 D RobotCore: PIDCaller - : current Angle 83.875000, pidValue 0.135265, leftSpeed -0.135265, rightSpeed 0.135265
10-04 20:03:35.593 14352 14669 D RobotCore: PID - getOutput : deviceInput - 87.937500, prevError 0.001319, CurrError 0.022917, currTime 2.925865, deltaTime 0.080893,
10-04 20:03:35.593 14352 14669 D RobotCore: PID - getOutput : pTerm 0.009167, iTerm 0.087854, dTerm 0.000053, output 0.097074,
10-04 20:03:35.623 14352 14669 D RobotCore: PIDCaller - : current Angle 90.437500, pidValue 0.097074, leftSpeed -0.097074, rightSpeed 0.097074
10-04 20:03:35.673 14352 14669 D RobotCore: PID - getOutput : deviceInput - 93.750000, prevError 0.000255, CurrError -0.041667, currTime 3.002726, deltaTime 0.076861,
10-04 20:03:35.673 14352 14669 D RobotCore: PID - getOutput : pTerm -0.016667, iTerm 0.087214, dTerm -0.000109, output 0.070438,
10-04 20:03:35.693 14352 14669 D RobotCore: PIDCaller - : current Angle 95.062500, pidValue 0.070438, leftSpeed -0.070438, rightSpeed 0.070438
10-04 20:03:35.743 14352 14669 D RobotCore: PID - getOutput : deviceInput - 96.312500, prevError -0.000463, CurrError -0.070139, currTime 3.072240, deltaTime 0.069513,
10-04 20:03:35.743 14352 14669 D RobotCore: PID - getOutput : pTerm -0.028056, iTerm 0.086239, dTerm -0.000200, output 0.057982,
10-04 20:03:35.773 14352 14669 D RobotCore: PIDCaller - : current Angle 96.750000, pidValue 0.057982, leftSpeed -0.057982, rightSpeed 0.057982
10-04 20:03:35.813 14352 14669 D RobotCore: PID - getOutput : deviceInput - 97.125000, prevError -0.000779, CurrError -0.079167, currTime 3.143547, deltaTime 0.071307,
10-04 20:03:35.813 14352 14669 D RobotCore: PID - getOutput : pTerm -0.031667, iTerm 0.085109, dTerm -0.000220, output 0.053223,
10-04 20:03:35.833 14352 14669 D RobotCore: PIDCaller - : current Angle 97.125000, pidValue 0.053223, leftSpeed -0.053223, rightSpeed 0.053223
10-04 20:03:35.883 14352 14678 V IMU     : dt=1.033s accel=(0.470 -0.900 -0.070)m/s^2
10-04 20:03:35.893 14352 14669 D RobotCore: PID - getOutput : deviceInput - 97.062500, prevError -0.000880, CurrError -0.078472, currTime 3.230969, deltaTime 0.087422,
10-04 20:03:35.893 14352 14669 D RobotCore: PID - getOutput : pTerm -0.031389, iTerm 0.083737, dTerm -0.000178, output 0.052171,
10-04 20:03:35.923 14352 14669 D RobotCore: PIDCaller - : current Angle 97.062500, pidValue 0.052171, leftSpeed -0.052171, rightSpeed 0.052171
10-04 20:03:35.963 14352 14669 D RobotCore: PID - getOutput : deviceInput - 97.062500, prevError -0.000872, CurrError -0.078472, currTime 3.298058, deltaTime 0.067089,
10-04 20:03:35.963 14352 14669 D RobotCore: PID - getOutput : pTerm -0.031389, iTerm 0.082685, dTerm -0.000231, output 0.051064,
10-04 20:03:36.003 14352 14669 D RobotCore: PIDCaller - : current Angle 97.000000, pidValue 0.051064, leftSpeed -0.051064, rightSpeed 0.051064
10-04 20:03:36.043 14352 14669 D RobotCore: PID - getOutput : deviceInput - 97.000000, prevError -0.000872, CurrError -0.077778, currTime 3.378061, deltaTime 0.080003,
10-04 20:03:36.043 14352 14669 D RobotCore: PID - getOutput : pTerm -0.031111, iTerm 0.081440, dTerm -0.000192, output 0.050137,
10-04 20:03:36.073 14352 14669 D RobotCore: PIDCaller - : current Angle 97.000000, pidValue 0.050137, leftSpeed -0.050137, rightSpeed 0.050137
10-04 20:03:36.113 14352 14669 D RobotCore: PID - getOutput : deviceInput - 96.937500, prevError -0.000864, CurrError -0.077083, currTime 3.450721, deltaTime 0.072660,
10-04 20:03:36.113 14352 14669 D RobotCore: PID - getOutput : pTerm -0.030833, iTerm 0.080320, dTerm -0.000210, output 0.049277,
10-04 20:03:36.143 14352 14669 D RobotCore: PIDCaller - : current Angle 96.937500, pidValue 0.049277, leftSpeed -0.049277, rightSpeed 0.049277
10-04 20:03:36.183 14352 14669 D RobotCore: PID - getOutput : deviceInput - 96.937500, prevError -0.000856, CurrError -0.077083, currTime 3.520195, deltaTime 0.069473,
10-04 20:03:36.183 14352 14669 D RobotCore: PID - getOutput : pTerm -0.030833, iTerm 0.079249, dTerm -0.000219, output 0.048196,
10-04 20:03:36.203 14352 14669 D RobotCore: PIDCaller - : current Angle 96.875000, pidValue 0.048196, leftSpeed -0.048196, rightSpeed 0.048196
10-04 20:03:36.243 14352 14669 D RobotCore: PID - getOutput : deviceInput - 96.875000, prevError -0.000856, CurrError -0.076389, currTime 3.579229, deltaTime 0.059034,
10-04 20:03:36.243 14352 14669 D RobotCore: PID - getOutput : pTerm -0.030556, iTerm 0.078347, dTerm -0.000256, output 0.047535,
10-04 20:03:36.273 14352 14669 D RobotCore: PIDCaller - : current Angle 96.875000, pidValue 0.047535, leftSpeed -0.047535, rightSpeed 0.047535
10-04 20:03:36.303 14352 14669 D RobotCore: PID - getOutput : deviceInput - 96.875000, prevError -0.000849, CurrError -0.076389, currTime 3.637689, deltaTime 0.058460,
10-04 20:03:36.303 14352 14669 D RobotCore: PID - getOutput : pTerm -0.030556, iTerm 0.077454, dTerm -0.000258, output 0.046640,
10-04 20:03:36.333 14352 14669 D RobotCore: PIDCaller - : current Angle 96.875000, pidValue 0.046640, leftSpeed -0.046640, rightSpeed 0.046640
10-04 20:03:36.373 14352 14669 D RobotCore: PID - getOutput : deviceInput - 96.875000, prevError -0.000849, CurrError -0.076389, currTime 3.709803, deltaTime 0.072114,
10-04 20:03:36.373 14352 14669 D RobotCore: PID - getOutput : pTerm -0.030556, iTerm 0.076352, dTerm -0.000210, output 0.045587,
10-04 20:03:36.403 14352 14669 D RobotCore: PIDCaller - : current Angle 96.812500, pidValue 0.045587, leftSpeed -0.045587, rightSpeed 0.045587
10-04 20:03:36.443 14352 14669 D RobotCore: PID - getOutput : deviceInput - 96.812500, prevError -0.000849, CurrError -0.075694, currTime 3.778421, deltaTime 0.068618,
10-04 20:03:36.443 14352 14669 D RobotCore: PID - getOutput : pTerm -0.030278, iTerm 0.075313, dTerm -0.000218, output 0.044817,
10-04 20:03:36.473 14352 14669 D RobotCore: PIDCaller - : current Angle 96.812500, pidValue 0.044817, leftSpeed -0.044817, rightSpeed 0.044817
10-04 20:03:36.503 14352 14669 D RobotCore: PID - getOutput : deviceInput - 96.812500, prevError -0.000841, CurrError -0.075694, currTime 3.835347, deltaTime 0.056927,
10-04 20:03:36.503 14352 14669 D RobotCore: PID - getOutput : pTerm -0.030278, iTerm 0.074451, dTerm -0.000263, output 0.043911,
10-04 20:03:36.543 14352 14669 D RobotCore: PIDCaller - : current Angle 96.812500, pidValue 0.043911, leftSpeed -0.043911, rightSpeed 0.043911
10-04 20:03:36.593 14352 14669 D RobotCore: PID - getOutput : deviceInput - 96.812500, prevError -0.000841, CurrError -0.075694, currTime 3.928465, deltaTime 0.093118,
10-04 20:03:36.593 14352 14669 D RobotCore: PID - getOutput : pTerm -0.030278, iTerm 0.073042, dTerm -0.000161, output 0.042603,
10-04 20:03:36.633 14352 14669 D RobotCore: PIDCaller - : current Angle 96.812500, pidValue 0.042603, leftSpeed -0.042603, rightSpeed 0.042603
10-04 20:03:36.673 14352 14669 D RobotCore: PID - getOutput : deviceInput - 96.812500, prevError -0.000841, CurrError -0.075694, currTime 4.006805, deltaTime 0.078340,
10-04 20:03:36.673 14352 14669 D RobotCore: PID - getOutput : pTerm -0.030278, iTerm 0.071856, dTerm -0.000191, output 0.041387,
10-04 20:03:36.703 14352 14669 D RobotCore: PIDCaller - : current Angle 96.812500, pidValue 0.041387, leftSpeed -0.041387, rightSpeed 0.041387
10-04 20:03:36.733 14352 14669 D RobotCore: PID - getOutput : deviceInput - 96.812500, prevError -0.000841, CurrError -0.075694, currTime 4.070696, deltaTime 0.063892,
10-04 20:03:36.733 14352 14669 D RobotCore: PID - getOutput : pTerm -0.030278, iTerm 0.070888, dTerm -0.000234, output 0.040376,
10-04 20:03:36.773 14352 14669 D RobotCore: PIDCaller - : current Angle 96.812500, pidValue 0.040376, leftSpeed -0.040376, rightSpeed 0.040376
10-04 20:03:36.803 14352 14669 D RobotCore: PID - getOutput : deviceInput - 96.750000, prevError -0.000841, CurrError -0.075000, currTime 4.142152, deltaTime 0.071456,
10-04 20:03:36.813 14352 14669 D RobotCore: PID - getOutput : pTerm -0.030000, iTerm 0.069817, dTerm -0.000208, output 0.039609,
10-04 20:03:36.833 14352 14669 D RobotCore: PIDCaller - : current Angle 96.750000, pidValue 0.039609, leftSpeed -0.039609, rightSpeed 0.039609
10-04 20:03:36.873 14352 14669 D RobotCore: PID - getOutput : deviceInput - 96.750000, prevError -0.000833, CurrError -0.075000, currTime 4.209966, deltaTime 0.067814,
10-04 20:03:36.873 14352 14669 D RobotCore: PID - getOutput : pTerm -0.030000, iTerm 0.068799, dTerm -0.000219, output 0.038581,
10-04 20:03:36.893 14352 14678 V IMU     : dt=1.019s accel=(0.150 -0.150 -0.150)m/s^2
10-04 20:03:36.913 14352 14669 D RobotCore: PIDCaller - : current Angle 96.750000, pidValue 0.038581, leftSpeed -0.038581, rightSpeed 0.038581
10-04 20:03:36.953 14352 14669 D RobotCore: PID - getOutput : deviceInput - 96.750000, prevError -0.000833, CurrError -0.075000, currTime 4.288974, deltaTime 0.079007,
10-04 20:03:36.953 14352 14669 D RobotCore: PID - getOutput : pTerm -0.030000, iTerm 0.067614, dTerm -0.000188, output 0.037427,
10-04 20:03:36.993 14352 14669 D RobotCore: PIDCaller - : current Angle 96.750000, pidValue 0.037427, leftSpeed -0.037427, rightSpeed 0.037427
10-04 20:03:37.033 14352 14669 D RobotCore: PID - getOutput : deviceInput - 96.750000, prevError -0.000833, CurrError -0.075000, currTime 4.364963, deltaTime 0.075990,
10-04 20:03:37.033 14352 14669 D RobotCore: PID - getOutput : pTerm -0.030000, iTerm 0.066474, dTerm -0.000195, output 0.036279,
10-04 20:03:37.073 14352 14669 D RobotCore: PIDCaller - : current Angle 96.750000, pidValue 0.036279, leftSpeed -0.036279, rightSpeed 0.036279
10-04 20:03:37.113 14352 14669 D RobotCore: PID - getOutput : deviceInput - 96.750000, prevError -0.000833, CurrError -0.075000, currTime 4.443407, deltaTime 0.078443,
10-04 20:03:37.113 14352 14669 D RobotCore: PID - getOutput : pTerm -0.030000, iTerm 0.065298, dTerm -0.000189, output 0.035109,
10-04 20:03:37.143 14352 14669 D RobotCore: PIDCaller - : current Angle 96.750000, pidValue 0.035109, leftSpeed -0.035109, rightSpeed 0.035109
10-04 20:03:37.183 14352 14669 D RobotCore: PID - getOutput : deviceInput - 96.750000, prevError -0.000833, CurrError -0.075000, currTime 4.512327, deltaTime 0.068921,
10-04 20:03:37.183 14352 14669 D RobotCore: PID - getOutput : pTerm -0.030000, iTerm 0.064264, dTerm -0.000215, output 0.034049,
10-04 20:03:37.203 14352 14669 D RobotCore: PIDCaller - : current Angle 96.750000, pidValue 0.034049, leftSpeed -0.034049, rightSpeed 0.034049
10-04 20:03:37.243 14352 14669 D RobotCore: PID - getOutput : deviceInput - 96.750000, prevError -0.000833, CurrError -0.075000, currTime 4.576688, deltaTime 0.064361,
10-04 20:03:37.243 14352 14669 D RobotCore: PID - getOutput : pTerm -0.030000, iTerm 0.063299, dTerm -0.000230, output 0.033068,
10-04 20:03:37.273 14352 14669 D RobotCore: PIDCaller - : current Angle 96.750000, pidValue 0.033068, leftSpeed -0.033068, rightSpeed 0.033068
10-04 20:03:37.303 14352 14669 D RobotCore: PID - getOutput : deviceInput - 96.750000, prevError -0.000833, CurrError -0.075000, currTime 4.640632, deltaTime 0.063944,
10-04 20:03:37.303 14352 14669 D RobotCore: PID - getOutput : pTerm -0.030000, iTerm 0.062339, dTerm -0.000232, output 0.032107,
10-04 20:03:37.333 14352 14669 D RobotCore: PIDCaller - : current Angle 96.750000, pidValue 0.032107, leftSpeed -0.032107, rightSpeed 0.032107
10-04 20:03:37.373 14352 14669 D RobotCore: PID - getOutput : deviceInput - 96.750000, prevError -0.000833, CurrError -0.075000, currTime 4.709270, deltaTime 0.068638,
10-04 20:03:37.373 14352 14669 D RobotCore: PID - getOutput : pTerm -0.030000, iTerm 0.061310, dTerm -0.000216, output 0.031094,
10-04 20:03:37.403 14352 14669 D RobotCore: PIDCaller - : current Angle 96.750000, pidValue 0.031094, leftSpeed -0.031094, rightSpeed 0.031094
10-04 20:03:37.433 14352 14669 D RobotCore: PID - getOutput : deviceInput - 96.750000, prevError -0.000833, CurrError -0.075000, currTime 4.771967, deltaTime 0.062697,
10-04 20:03:37.433 14352 14669 D RobotCore: PID - getOutput : pTerm -0.030000, iTerm 0.060369, dTerm -0.000237, output 0.030133,
10-04 20:03:37.453 14352 14669 D RobotCore: PIDCaller - : current Angle 96.750000, pidValue 0.030133, leftSpeed -0.030133, rightSpeed 0.030133
10-04 20:03:37.503 14352 14669 D RobotCore: PID - getOutput : deviceInput - 96.750000, prevError -0.000833, CurrError -0.075000, currTime 4.834350, deltaTime 0.062383,
10-04 20:03:37.503 14352 14669 D RobotCore: PID - getOutput : pTerm -0.030000, iTerm 0.059434, dTerm -0.000238, output 0.029196,
10-04 20:03:37.523 14352 14669 D RobotCore: PIDCaller - : current Angle 96.750000, pidValue 0.029196, leftSpeed -0.029196, rightSpeed 0.029196
10-04 20:03:37.563 14352 14669 D RobotCore: PID - getOutput : deviceInput - 96.750000, prevError -0.000833, CurrError -0.075000, currTime 4.902562, deltaTime 0.068212,
10-04 20:03:37.573 14352 14669 D RobotCore: PID - getOutput : pTerm -0.030000, iTerm 0.058410, dTerm -0.000217, output 0.028193,
10-04 20:03:37.613 14352 14669 D RobotCore: PIDCaller - : current Angle 96.750000, pidValue 0.028193, leftSpeed -0.028193, rightSpeed 0.028193
10-04 20:03:37.643 14352 14669 D RobotCore: PID - getOutput : deviceInput - 96.750000, prevError -0.000833, CurrError -0.075000, currTime 4.981971, deltaTime 0.079409,
10-04 20:03:37.653 14352 14669 D RobotCore: PID - getOutput : pTerm -0.030000, iTerm 0.057219, dTerm -0.000187, output 0.027033,
10-04 20:03:37.663 14352 14669 D RobotCore: PIDCaller - : current Angle 96.750000, pidValue 0.027033, leftSpeed -0.027033, rightSpeed 0.027033
10-04 20:03:37.703 14352 14669 D RobotCore: PID - getOutput : deviceInput - 96.750000, prevError -0.000833, CurrError -0.075000, currTime 5.039772, deltaTime 0.057801,
10-04 20:03:37.703 14352 14669 D RobotCore: PID - getOutput : pTerm -0.030000, iTerm 0.056352, dTerm -0.000257, output 0.026096,
10-04 20:03:37.733 14352 14669 D RobotCore: PIDCaller - : current Angle 96.750000, pidValue 0.026096, leftSpeed -0.026096, rightSpeed 0.026096
10-04 20:03:37.773 14352 14669 D RobotCore: PID - getOutput : deviceInput - 96.750000, prevError -0.000833, CurrError -0.075000, currTime 5.106384, deltaTime 0.066612,
10-04 20:03:37.773 14352 14669 D RobotCore: PID - getOutput : pTerm -0.030000, iTerm 0.055353, dTerm -0.000223, output 0.025130,
10-04 20:03:37.803 14352 14669 D RobotCore: PIDCaller - : current Angle 96.750000, pidValue 0.025130, leftSpeed -0.025130, rightSpeed 0.025130
10-04 20:03:37.853 14352 14669 D RobotCore: PID - getOutput : deviceInput - 96.750000, prevError -0.000833, CurrError -0.075000, currTime 5.183607, deltaTime 0.077223,
10-04 20:03:37.853 14352 14669 D RobotCore: PID - getOutput : pTerm -0.030000, iTerm 0.054195, dTerm -0.000192, output 0.024003,
10-04 20:03:37.863 14352 14669 D RobotCore: PIDCaller - : current Angle 96.750000, pidValue 0.024003, leftSpeed -0.024003, rightSpeed 0.024003
10-04 20:03:37.913 14352 14678 V IMU     : dt=1.016s accel=(0.090 -0.080 -0.030)m/s^2
10-04 20:03:37.933 14352 14669 D RobotCore: PID - getOutput : deviceInput - 96.750000, prevError -0.000833, CurrError -0.075000, currTime 5.268074, deltaTime 0.084468,
10-04 20:03:37.933 14352 14669 D RobotCore: PID - getOutput : pTerm -0.030000, iTerm 0.052928, dTerm -0.000176, output 0.022752,
10-04 20:03:37.963 14352 14669 D RobotCore: PIDCaller - : current Angle 96.750000, pidValue 0.022752, leftSpeed -0.022752, rightSpeed 0.022752
10-04 20:03:38.003 14352 14669 D RobotCore: PID - getOutput : deviceInput - 96.750000, prevError -0.000833, CurrError -0.075000, currTime 5.335838, deltaTime 0.067764,
10-04 20:03:38.003 14352 14669 D RobotCore: PID - getOutput : pTerm -0.030000, iTerm 0.051911, dTerm -0.000219, output 0.021692,
10-04 20:03:38.033 14352 14669 D RobotCore: PIDCaller - : current Angle 96.750000, pidValue 0.021692, leftSpeed -0.021692, rightSpeed 0.021692
10-04 20:03:38.073 14352 14669 D RobotCore: PID - getOutput : deviceInput - 96.750000, prevError -0.000833, CurrError -0.075000, currTime 5.403264, deltaTime 0.067426,
10-04 20:03:38.073 14352 14669 D RobotCore: PID - getOutput : pTerm -0.030000, iTerm 0.050900, dTerm -0.000220, output 0.020680,
10-04 20:03:38.103 14352 14669 D RobotCore: PIDCaller - : current Angle 96.750000, pidValue 0.020680, leftSpeed -0.020680, rightSpeed 0.020680
10-04 20:03:38.153 14352 14669 D RobotCore: PID - getOutput : deviceInput - 96.750000, prevError -0.000833, CurrError -0.075000, currTime 5.484718, deltaTime 0.081454,
10-04 20:03:38.153 14352 14669 D RobotCore: PID - getOutput : pTerm -0.030000, iTerm 0.049678, dTerm -0.000182, output 0.019496,
10-04 20:03:38.203 14352 14669 D RobotCore: PIDCaller - : current Angle 96.750000, pidValue 0.019496, leftSpeed -0.019496, rightSpeed 0.019496
10-04 20:03:38.243 14352 14669 D RobotCore: PID - getOutput : deviceInput - 96.750000, prevError -0.000833, CurrError -0.075000, currTime 5.574390, deltaTime 0.089672,
10-04 20:03:38.243 14352 14669 D RobotCore: PID - getOutput : pTerm -0.030000, iTerm 0.048333, dTerm -0.000165, output 0.018168,
10-04 20:03:38.273 14352 14669 D RobotCore: PIDCaller - : current Angle 96.750000, pidValue 0.018168, leftSpeed -0.018168, rightSpeed 0.018168
10-04 20:03:38.313 14352 14669 D RobotCore: PID - getOutput : deviceInput - 96.750000, prevError -0.000833, CurrError -0.075000, currTime 5.647396, deltaTime 0.073006,
10-04 20:03:38.313 14352 14669 D RobotCore: PID - getOutput : pTerm -0.030000, iTerm 0.047238, dTerm -0.000203, output 0.017035,
10-04 20:03:38.343 14352 14669 D RobotCore: PIDCaller - : current Angle 96.750000, pidValue 0.017035, leftSpeed -0.017035, rightSpeed 0.017035
10-04 20:03:38.383 14352 14669 D RobotCore: PID - getOutput : deviceInput - 96.750000, prevError -0.000833, CurrError -0.075000, currTime 5.720519, deltaTime 0.073123,
10-04 20:03:38.383 14352 14669 D RobotCore: PID - getOutput : pTerm -0.030000, iTerm 0.046141, dTerm -0.000203, output 0.015938,
10-04 20:03:38.423 14352 14669 D RobotCore: PIDCaller - : current Angle 96.750000, pidValue 0.015938, leftSpeed -0.015938, rightSpeed 0.015938
10-04 20:03:38.463 14352 14669 D RobotCore: PID - getOutput : deviceInput - 96.750000, prevError -0.000833, CurrError -0.075000, currTime 5.799050, deltaTime 0.078531,
10-04 20:03:38.463 14352 14669 D RobotCore: PID - getOutput : pTerm -0.030000, iTerm 0.044963, dTerm -0.000189, output 0.014774,
10-04 20:03:38.493 14352 14669 D RobotCore: PIDCaller - : current Angle 96.750000, pidValue 0.014774, leftSpeed -0.014774, rightSpeed 0.014774
10-04 20:03:38.533 14352 14669 D RobotCore: PID - getOutput : deviceInput - 96.750000, prevError -0.000833, CurrError -0.075000, currTime 5.867460, deltaTime 0.068410,
10-04 20:03:38.533 14352 14669 D RobotCore: PID - getOutput : pTerm -0.030000, iTerm 0.043937, dTerm -0.000217, output 0.013720,
10-04 20:03:38.563 14352 14669 D RobotCore: PIDCaller - : current Angle 96.750000, pidValue 0.013720, leftSpeed -0.013720, rightSpeed 0.013720
10-04 20:03:38.603 14352 14669 D RobotCore: PID - getOutput : deviceInput - 96.750000, prevError -0.000833, CurrError -0.075000, currTime 5.941845, deltaTime 0.074385,
10-04 20:03:38.613 14352 14669 D RobotCore: PID - getOutput : pTerm -0.030000, iTerm 0.042821, dTerm -0.000199, output 0.012622,
10-04 20:03:38.643 14352 14669 D RobotCore: PIDCaller - : current Angle 96.750000, pidValue 0.012622, leftSpeed -0.012622, rightSpeed 0.012622
10-04 20:03:38.683 14352 14669 D RobotCore: PID - getOutput : deviceInput - 96.750000, prevError -0.000833, CurrError -0.075000, currTime 6.015526, deltaTime 0.073681,
10-04 20:03:38.683 14352 14669 D RobotCore: PID - getOutput : pTerm -0.030000, iTerm 0.041716, dTerm -0.000201, output 0.011515,
10-04 20:03:38.723 14352 14669 D RobotCore: PIDCaller - : current Angle 96.750000, pidValue 0.011515, leftSpeed -0.011515, rightSpeed 0.011515
10-04 20:03:38.763 14352 14669 D RobotCore: PID - getOutput : deviceInput - 96.750000, prevError -0.000833, CurrError -0.075000, currTime 6.101882, deltaTime 0.086356,
10-04 20:03:38.773 14352 14669 D RobotCore: PID - getOutput : pTerm -0.030000, iTerm 0.040421, dTerm -0.000172, output 0.010249,
10-04 20:03:38.793 14352 14669 D RobotCore: PIDCaller - : current Angle 96.750000, pidValue 0.010249, leftSpeed -0.010249, rightSpeed 0.010249
10-04 20:03:38.833 14352 14669 D RobotCore: PID - getOutput : deviceInput - 96.750000, prevError -0.000833, CurrError -0.075000, currTime 6.169648, deltaTime 0.067766,
10-04 20:03:38.833 14352 14669 D RobotCore: PID - getOutput : pTerm -0.030000, iTerm 0.039404, dTerm -0.000219, output 0.009185,
10-04 20:03:38.863 14352 14669 D RobotCore: PIDCaller - : current Angle 96.750000, pidValue 0.009185, leftSpeed -0.009185, rightSpeed 0.009185
10-04 20:03:38.923 14352 14669 D RobotCore: PID - getOutput : deviceInput - 96.750000, prevError -0.000833, CurrError -0.075000, currTime 6.261143, deltaTime 0.091495,
10-04 20:03:38.933 14352 14669 D RobotCore: PID - getOutput : pTerm -0.030000, iTerm 0.038032, dTerm -0.000162, output 0.007870,
10-04 20:03:38.953 14352 14678 V IMU     : dt=1.037s accel=(0.090 -0.100 -0.020)m/s^2
10-04 20:03:38.963 14352 14669 D RobotCore: PIDCaller - : current Angle 96.750000, pidValue 0.007870, leftSpeed -0.007870, rightSpeed 0.007870
10-04 20:03:39.003 14352 14669 D RobotCore: PID - getOutput : deviceInput - 96.750000, prevError -0.000833, CurrError -0.075000, currTime 6.336676, deltaTime 0.075532,
10-04 20:03:39.003 14352 14669 D RobotCore: PID - getOutput : pTerm -0.030000, iTerm 0.036899, dTerm -0.000196, output 0.006702,
10-04 20:03:39.033 14352 14669 D RobotCore: PIDCaller - : current Angle 96.750000, pidValue 0.006702, leftSpeed -0.006702, rightSpeed 0.006702
10-04 20:03:39.083 14352 14669 D RobotCore: PID - getOutput : deviceInput - 96.750000, prevError -0.000833, CurrError -0.075000, currTime 6.415722, deltaTime 0.079046,
10-04 20:03:39.083 14352 14669 D RobotCore: PID - getOutput : pTerm -0.030000, iTerm 0.035713, dTerm -0.000188, output 0.005525,
10-04 20:03:39.113 14352 14669 D RobotCore: PIDCaller - : current Angle 96.750000, pidValue 0.005525, leftSpeed -0.005525, rightSpeed 0.005525
10-04 20:03:39.153 14352 14669 D RobotCore: PID - getOutput : deviceInput - 96.750000, prevError -0.000833, CurrError -0.075000, currTime 6.482733, deltaTime 0.067011,
10-04 20:03:39.153 14352 14669 D RobotCore: PID - getOutput : pTerm -0.030000, iTerm 0.034708, dTerm -0.000221, output 0.004487,
10-04 20:03:39.173 14352 14669 D RobotCore: PIDCaller - : current Angle 96.750000, pidValue 0.004487, leftSpeed -0.004487, rightSpeed 0.004487
10-04 20:03:39.233 14352 14669 D RobotCore: PID - getOutput : deviceInput - 96.750000, prevError -0.000833, CurrError -0.075000, currTime 6.562678, deltaTime 0.079945,
10-04 20:03:39.233 14352 14669 D RobotCore: PID - getOutput : pTerm -0.030000, iTerm 0.033509, dTerm -0.000186, output 0.003323,
10-04 20:03:39.263 14352 14669 D RobotCore: PIDCaller - : current Angle 96.750000, pidValue 0.003323, leftSpeed -0.003323, rightSpeed 0.003323
10-04 20:03:39.303 14352 14669 D RobotCore: PID - getOutput : deviceInput - 96.750000, prevError -0.000833, CurrError -0.075000, currTime 6.638499, deltaTime 0.075822,
10-04 20:03:39.303 14352 14669 D RobotCore: PID - getOutput : pTerm -0.030000, iTerm 0.032371, dTerm -0.000196, output 0.002176,
10-04 20:03:39.333 14352 14669 D RobotCore: PIDCaller - : current Angle 96.750000, pidValue 0.002176, leftSpeed -0.002176, rightSpeed 0.002176
10-04 20:03:39.383 14352 14669 D RobotCore: PID - getOutput : deviceInput - 96.750000, prevError -0.000833, CurrError -0.075000, currTime 6.714384, deltaTime 0.075885,
10-04 20:03:39.383 14352 14669 D RobotCore: PID - getOutput : pTerm -0.030000, iTerm 0.031233, dTerm -0.000195, output 0.001038,
10-04 20:03:39.403 14352 14669 D RobotCore: PIDCaller - : current Angle 96.750000, pidValue 0.001038, leftSpeed -0.001038, rightSpeed 0.001038
10-04 20:03:39.453 14352 14669 D RobotCore: PID - getOutput : deviceInput - 96.750000, prevError -0.000833, CurrError -0.075000, currTime 6.782643, deltaTime 0.068259,
10-04 20:03:39.453 14352 14669 D RobotCore: PID - getOutput : pTerm -0.030000, iTerm 0.030209, dTerm -0.000217, output -0.000008,
10-04 20:03:39.473 14352 14669 D RobotCore: PIDCaller - : current Angle 96.750000, pidValue -0.000008, leftSpeed 0.000008, rightSpeed -0.000008
10-04 20:03:39.513 14352 14669 D RobotCore: PID - getOutput : deviceInput - 96.750000, prevError -0.000833, CurrError -0.075000, currTime 6.851898, deltaTime 0.069254,
10-04 20:03:39.523 14352 14669 D RobotCore: PID - getOutput : pTerm -0.030000, iTerm 0.029170, dTerm -0.000214, output -0.001044,
10-04 20:03:39.553 14352 14669 D RobotCore: PIDCaller - : current Angle 96.750000, pidValue -0.001044, leftSpeed 0.001044, rightSpeed -0.001044
10-04 20:03:39.593 14352 14669 D RobotCore: PID - getOutput : deviceInput - 96.750000, prevError -0.000833, CurrError -0.075000, currTime 6.925448, deltaTime 0.073550,
10-04 20:03:39.593 14352 14669 D RobotCore: PID - getOutput : pTerm -0.030000, iTerm 0.028067, dTerm -0.000202, output -0.002134,
10-04 20:03:39.613 14352 14669 D RobotCore: PIDCaller - : current Angle 96.750000, pidValue -0.002134, leftSpeed 0.002134, rightSpeed -0.002134
10-04 20:03:39.663 14352 14669 D RobotCore: PID - getOutput : deviceInput - 96.750000, prevError -0.000833, CurrError -0.075000, currTime 6.993656, deltaTime 0.068208,
10-04 20:03:39.663 14352 14669 D RobotCore: PID - getOutput : pTerm -0.030000, iTerm 0.027044, dTerm -0.000217, output -0.003173,
10-04 20:03:39.703 14352 14669 D RobotCore: PIDCaller - : current Angle 96.750000, pidValue -0.003173, leftSpeed 0.003173, rightSpeed -0.003173
10-04 20:03:39.723 14352 14548 V Robocol : received command: CMD_INIT_OP_MODE(10200) $Stop$Robot$
10-04 20:03:39.733 14352 14547 I RobotCore: ******************** STOP - OPMODE /storage/emulated/0/FIRST/matchlogs/Match-0-PID_First2.txt ********************
10-04 20:03:39.733 14352 14547 I RobotCore: Pruning old logs deleting Match-0-PID_First2.txt
10-04 20:03:39.743 14352 14669 E LynxI2cDeviceSynch: placeholder: readStatusQuery
10-04 20:03:39.743 14352 14669 D RobotCore: PID - getOutput : deviceInput - -0.000000, prevError -0.000833, CurrError 1.000000, currTime 7.079073, deltaTime 0.085417,
10-04 20:03:39.743 14352 14669 D RobotCore: PID - getOutput : pTerm 0.400000, iTerm 0.044128, dTerm 0.002343, output 0.446471,
10-04 20:03:39.743 14352 14727 I RobotCore: saving match logcat to /storage/emulated/0/FIRST/matchlogs/Match-0-PID_First2.txt
10-04 20:03:39.743 14352 14727 I RobotCore: logging command line: exec logcat -d -T '10-4 20:3:32.000' -f /storage/emulated/0/FIRST/matchlogs/Match-0-PID_First2.txt -n4 -v threadtime UsbRequestJNI:S UsbRequest:S art:W ThreadPool:W System:W ExtendedExtractor:W OMXClient:W MediaPlayer:W dalvikvm:W  *:V
10-04 20:03:39.743 14352 14669 E LynxI2cDeviceSynch: placeholder: readTimestamped
10-04 20:03:39.743 14352 14669 D RobotCore: PIDCaller - : current Angle -0.000000, pidValue 0.446471, leftSpeed -0.446471, rightSpeed 0.446471
10-04 20:03:39.743 14352 14669 V RobotCore: thread: ...terminating 'LinearOpMode main'
10-04 20:03:39.793 14352 14578 I RobotCore: Attempting to switch to op mode $Stop$Robot$
10-04 20:03:39.833 14352 14549 V Robocol : sending CMD_NOTIFY_INIT_OP_MODE(257), attempt: 0
10-04 20:03:39.833 14352 14548 V Robocol : received command: CMD_RUN_OP_MODE(10207) $Stop$Robot$
10-04 20:03:39.873 14352 14549 V Robocol : sending CMD_NOTIFY_RUN_OP_MODE(262), attempt: 0
10-04 20:03:40.213 14352 14727 I RobotCore: Done running exec logcat -d -T '10-4 20:3:32.000' -f /storage/emulated/0/FIRST/matchlogs/Match-0-PID_First2.txt -n4 -v threadtime UsbRequestJNI:S UsbRequest:S art:W ThreadPool:W System:W ExtendedExtractor:W OMXClient:W MediaPlayer:W dalvikvm:W  *:V
10-04 20:03:40.213 14352 14727 I RobotCore: exiting match logcat for /storage/emulated/0/FIRST/matchlogs/Match-0-PID_First2.txt
--------- beginning of main
10-04 19:55:51.643 11858 11858 W SELinux : SELinux: seapp_context_lookup: seinfo=default, level=s0:c512,c768, pkgname=com.qualcomm.ftcrobotcontroller 
10-04 19:55:51.693 11858 11858 D TimaKeyStoreProvider: TimaSignature is unavailable
10-04 19:55:51.693 11858 11858 D ActivityThread: Added TimaKeyStore provider
--------- beginning of system
10-04 19:55:51.733 11858 11858 W ResourcesManager: getTopLevelResources: /data/app/com.qualcomm.ftcrobotcontroller-2/base.apk / 1.0 running in com.qualcomm.ftcrobotcontroller rsrc of package null
10-04 19:55:51.833 11875 11875 I dex2oat : /system/bin/dex2oat --debuggable --dex-file=/data/app/com.qualcomm.ftcrobotcontroller-2/split_lib_dependencies_apk.apk --oat-file=/data/dalvik-cache/arm/data@app@com.qualcomm.ftcrobotcontroller-2@split_lib_dependencies_apk.apk@classes.dex
10-04 19:55:51.833 11875 11875 E dex2oat : Failed to create oat file: /data/dalvik-cache/arm/data@app@com.qualcomm.ftcrobotcontroller-2@split_lib_dependencies_apk.apk@classes.dex: Permission denied
10-04 19:55:51.833 11875 11875 I dex2oat : dex2oat took 859.375us (threads: 4) 
10-04 19:55:51.843 11858 11858 W art     : Failed execv(/system/bin/dex2oat --runtime-arg -classpath --runtime-arg  --debuggable --instruction-set=arm --instruction-set-features=smp,div,atomic_ldrd_strd --runtime-arg -Xrelocate --boot-image=/system/framework/boot.art --runtime-arg -Xms64m --runtime-arg -Xmx512m --instruction-set-variant=krait --instruction-set-features=default --dex-file=/data/app/com.qualcomm.ftcrobotcontroller-2/split_lib_dependencies_apk.apk --oat-file=/data/dalvik-cache/arm/data@app@com.qualcomm.ftcrobotcontroller-2@split_lib_dependencies_apk.apk@classes.dex) because non-0 exit status
10-04 19:55:52.353 11877 11877 I dex2oat : /system/bin/dex2oat --debuggable --dex-file=/data/app/com.qualcomm.ftcrobotcontroller-2/split_lib_slice_0_apk.apk --oat-file=/data/dalvik-cache/arm/data@app@com.qualcomm.ftcrobotcontroller-2@split_lib_slice_0_apk.apk@classes.dex
10-04 19:55:52.353 11877 11877 E dex2oat : Failed to create oat file: /data/dalvik-cache/arm/data@app@com.qualcomm.ftcrobotcontroller-2@split_lib_slice_0_apk.apk@classes.dex: Permission denied
10-04 19:55:52.353 11877 11877 I dex2oat : dex2oat took 790us (threads: 4) 
10-04 19:55:52.363 11858 11858 W art     : Failed execv(/system/bin/dex2oat --runtime-arg -classpath --runtime-arg  --debuggable --instruction-set=arm --instruction-set-features=smp,div,atomic_ldrd_strd --runtime-arg -Xrelocate --boot-image=/system/framework/boot.art --runtime-arg -Xms64m --runtime-arg -Xmx512m --instruction-set-variant=krait --instruction-set-features=default --dex-file=/data/app/com.qualcomm.ftcrobotcontroller-2/split_lib_slice_0_apk.apk --oat-file=/data/dalvik-cache/arm/data@app@com.qualcomm.ftcrobotcontroller-2@split_lib_slice_0_apk.apk@classes.dex) because non-0 exit status
10-04 19:55:52.423 11880 11880 I dex2oat : /system/bin/dex2oat --debuggable --dex-file=/data/app/com.qualcomm.ftcrobotcontroller-2/split_lib_slice_1_apk.apk --oat-file=/data/dalvik-cache/arm/data@app@com.qualcomm.ftcrobotcontroller-2@split_lib_slice_1_apk.apk@classes.dex
10-04 19:55:52.423 11880 11880 E dex2oat : Failed to create oat file: /data/dalvik-cache/arm/data@app@com.qualcomm.ftcrobotcontroller-2@split_lib_slice_1_apk.apk@classes.dex: Permission denied
10-04 19:55:52.423 11880 11880 I dex2oat : dex2oat took 1.008ms (threads: 4) 
10-04 19:55:52.423 11858 11858 W art     : Failed execv(/system/bin/dex2oat --runtime-arg -classpath --runtime-arg  --debuggable --instruction-set=arm --instruction-set-features=smp,div,atomic_ldrd_strd --runtime-arg -Xrelocate --boot-image=/system/framework/boot.art --runtime-arg -Xms64m --runtime-arg -Xmx512m --instruction-set-variant=krait --instruction-set-features=default --dex-file=/data/app/com.qualcomm.ftcrobotcontroller-2/split_lib_slice_1_apk.apk --oat-file=/data/dalvik-cache/arm/data@app@com.qualcomm.ftcrobotcontroller-2@split_lib_slice_1_apk.apk@classes.dex) because non-0 exit status
10-04 19:55:52.473 11882 11882 I dex2oat : /system/bin/dex2oat --debuggable --dex-file=/data/app/com.qualcomm.ftcrobotcontroller-2/split_lib_slice_2_apk.apk --oat-file=/data/dalvik-cache/arm/data@app@com.qualcomm.ftcrobotcontroller-2@split_lib_slice_2_apk.apk@classes.dex
10-04 19:55:52.473 11882 11882 E dex2oat : Failed to create oat file: /data/dalvik-cache/arm/data@app@com.qualcomm.ftcrobotcontroller-2@split_lib_slice_2_apk.apk@classes.dex: Permission denied
10-04 19:55:52.473 11882 11882 I dex2oat : dex2oat took 708.750us (threads: 4) 
10-04 19:55:52.483 11858 11858 W art     : Failed execv(/system/bin/dex2oat --runtime-arg -classpath --runtime-arg  --debuggable --instruction-set=arm --instruction-set-features=smp,div,atomic_ldrd_strd --runtime-arg -Xrelocate --boot-image=/system/framework/boot.art --runtime-arg -Xms64m --runtime-arg -Xmx512m --instruction-set-variant=krait --instruction-set-features=default --dex-file=/data/app/com.qualcomm.ftcrobotcontroller-2/split_lib_slice_2_apk.apk --oat-file=/data/dalvik-cache/arm/data@app@com.qualcomm.ftcrobotcontroller-2@split_lib_slice_2_apk.apk@classes.dex) because non-0 exit status
10-04 19:55:52.533 11884 11884 I dex2oat : /system/bin/dex2oat --debuggable --dex-file=/data/app/com.qualcomm.ftcrobotcontroller-2/split_lib_slice_3_apk.apk --oat-file=/data/dalvik-cache/arm/data@app@com.qualcomm.ftcrobotcontroller-2@split_lib_slice_3_apk.apk@classes.dex
10-04 19:55:52.543 11884 11884 E dex2oat : Failed to create oat file: /data/dalvik-cache/arm/data@app@com.qualcomm.ftcrobotcontroller-2@split_lib_slice_3_apk.apk@classes.dex: Permission denied
10-04 19:55:52.543 11884 11884 I dex2oat : dex2oat took 708.230us (threads: 4) 
10-04 19:55:52.543 11858 11858 W art     : Failed execv(/system/bin/dex2oat --runtime-arg -classpath --runtime-arg  --debuggable --instruction-set=arm --instruction-set-features=smp,div,atomic_ldrd_strd --runtime-arg -Xrelocate --boot-image=/system/framework/boot.art --runtime-arg -Xms64m --runtime-arg -Xmx512m --instruction-set-variant=krait --instruction-set-features=default --dex-file=/data/app/com.qualcomm.ftcrobotcontroller-2/split_lib_slice_3_apk.apk --oat-file=/data/dalvik-cache/arm/data@app@com.qualcomm.ftcrobotcontroller-2@split_lib_slice_3_apk.apk@classes.dex) because non-0 exit status
10-04 19:55:52.603 11886 11886 I dex2oat : /system/bin/dex2oat --debuggable --dex-file=/data/app/com.qualcomm.ftcrobotcontroller-2/split_lib_slice_4_apk.apk --oat-file=/data/dalvik-cache/arm/data@app@com.qualcomm.ftcrobotcontroller-2@split_lib_slice_4_apk.apk@classes.dex
10-04 19:55:52.603 11886 11886 E dex2oat : Failed to create oat file: /data/dalvik-cache/arm/data@app@com.qualcomm.ftcrobotcontroller-2@split_lib_slice_4_apk.apk@classes.dex: Permission denied
10-04 19:55:52.603 11886 11886 I dex2oat : dex2oat took 645.885us (threads: 4) 
10-04 19:55:52.603 11858 11858 W art     : Failed execv(/system/bin/dex2oat --runtime-arg -classpath --runtime-arg  --debuggable --instruction-set=arm --instruction-set-features=smp,div,atomic_ldrd_strd --runtime-arg -Xrelocate --boot-image=/system/framework/boot.art --runtime-arg -Xms64m --runtime-arg -Xmx512m --instruction-set-variant=krait --instruction-set-features=default --dex-file=/data/app/com.qualcomm.ftcrobotcontroller-2/split_lib_slice_4_apk.apk --oat-file=/data/dalvik-cache/arm/data@app@com.qualcomm.ftcrobotcontroller-2@split_lib_slice_4_apk.apk@classes.dex) because non-0 exit status
10-04 19:55:52.663 11888 11888 I dex2oat : /system/bin/dex2oat --debuggable --dex-file=/data/app/com.qualcomm.ftcrobotcontroller-2/split_lib_slice_6_apk.apk --oat-file=/data/dalvik-cache/arm/data@app@com.qualcomm.ftcrobotcontroller-2@split_lib_slice_6_apk.apk@classes.dex
10-04 19:55:52.663 11888 11888 E dex2oat : Failed to create oat file: /data/dalvik-cache/arm/data@app@com.qualcomm.ftcrobotcontroller-2@split_lib_slice_6_apk.apk@classes.dex: Permission denied
10-04 19:55:52.663 11888 11888 I dex2oat : dex2oat took 640.989us (threads: 4) 
10-04 19:55:52.663 11858 11858 W art     : Failed execv(/system/bin/dex2oat --runtime-arg -classpath --runtime-arg  --debuggable --instruction-set=arm --instruction-set-features=smp,div,atomic_ldrd_strd --runtime-arg -Xrelocate --boot-image=/system/framework/boot.art --runtime-arg -Xms64m --runtime-arg -Xmx512m --instruction-set-variant=krait --instruction-set-features=default --dex-file=/data/app/com.qualcomm.ftcrobotcontroller-2/split_lib_slice_6_apk.apk --oat-file=/data/dalvik-cache/arm/data@app@com.qualcomm.ftcrobotcontroller-2@split_lib_slice_6_apk.apk@classes.dex) because non-0 exit status
10-04 19:55:52.723 11890 11890 I dex2oat : /system/bin/dex2oat --debuggable --dex-file=/data/app/com.qualcomm.ftcrobotcontroller-2/split_lib_slice_7_apk.apk --oat-file=/data/dalvik-cache/arm/data@app@com.qualcomm.ftcrobotcontroller-2@split_lib_slice_7_apk.apk@classes.dex
10-04 19:55:52.723 11890 11890 E dex2oat : Failed to create oat file: /data/dalvik-cache/arm/data@app@com.qualcomm.ftcrobotcontroller-2@split_lib_slice_7_apk.apk@classes.dex: Permission denied
10-04 19:55:52.723 11890 11890 I dex2oat : dex2oat took 693.125us (threads: 4) 
10-04 19:55:52.723 11858 11858 W art     : Failed execv(/system/bin/dex2oat --runtime-arg -classpath --runtime-arg  --debuggable --instruction-set=arm --instruction-set-features=smp,div,atomic_ldrd_strd --runtime-arg -Xrelocate --boot-image=/system/framework/boot.art --runtime-arg -Xms64m --runtime-arg -Xmx512m --instruction-set-variant=krait --instruction-set-features=default --dex-file=/data/app/com.qualcomm.ftcrobotcontroller-2/split_lib_slice_7_apk.apk --oat-file=/data/dalvik-cache/arm/data@app@com.qualcomm.ftcrobotcontroller-2@split_lib_slice_7_apk.apk@classes.dex) because non-0 exit status
10-04 19:55:52.783 11892 11892 I dex2oat : /system/bin/dex2oat --debuggable --dex-file=/data/app/com.qualcomm.ftcrobotcontroller-2/split_lib_slice_8_apk.apk --oat-file=/data/dalvik-cache/arm/data@app@com.qualcomm.ftcrobotcontroller-2@split_lib_slice_8_apk.apk@classes.dex
10-04 19:55:52.783 11892 11892 E dex2oat : Failed to create oat file: /data/dalvik-cache/arm/data@app@com.qualcomm.ftcrobotcontroller-2@split_lib_slice_8_apk.apk@classes.dex: Permission denied
10-04 19:55:52.783 11892 11892 I dex2oat : dex2oat took 687.396us (threads: 4) 
10-04 19:55:52.783 11858 11858 W art     : Failed execv(/system/bin/dex2oat --runtime-arg -classpath --runtime-arg  --debuggable --instruction-set=arm --instruction-set-features=smp,div,atomic_ldrd_strd --runtime-arg -Xrelocate --boot-image=/system/framework/boot.art --runtime-arg -Xms64m --runtime-arg -Xmx512m --instruction-set-variant=krait --instruction-set-features=default --dex-file=/data/app/com.qualcomm.ftcrobotcontroller-2/split_lib_slice_8_apk.apk --oat-file=/data/dalvik-cache/arm/data@app@com.qualcomm.ftcrobotcontroller-2@split_lib_slice_8_apk.apk@classes.dex) because non-0 exit status
10-04 19:55:52.843 11894 11894 I dex2oat : /system/bin/dex2oat --debuggable --dex-file=/data/app/com.qualcomm.ftcrobotcontroller-2/split_lib_slice_9_apk.apk --oat-file=/data/dalvik-cache/arm/data@app@com.qualcomm.ftcrobotcontroller-2@split_lib_slice_9_apk.apk@classes.dex
10-04 19:55:52.843 11894 11894 E dex2oat : Failed to create oat file: /data/dalvik-cache/arm/data@app@com.qualcomm.ftcrobotcontroller-2@split_lib_slice_9_apk.apk@classes.dex: Permission denied
10-04 19:55:52.843 11894 11894 I dex2oat : dex2oat took 694.427us (threads: 4) 
10-04 19:55:52.843 11858 11858 W art     : Failed execv(/system/bin/dex2oat --runtime-arg -classpath --runtime-arg  --debuggable --instruction-set=arm --instruction-set-features=smp,div,atomic_ldrd_strd --runtime-arg -Xrelocate --boot-image=/system/framework/boot.art --runtime-arg -Xms64m --runtime-arg -Xmx512m --instruction-set-variant=krait --instruction-set-features=default --dex-file=/data/app/com.qualcomm.ftcrobotcontroller-2/split_lib_slice_9_apk.apk --oat-file=/data/dalvik-cache/arm/data@app@com.qualcomm.ftcrobotcontroller-2@split_lib_slice_9_apk.apk@classes.dex) because non-0 exit status
10-04 19:55:52.863 11858 11858 I InstantRun: starting instant run server: is main process
10-04 19:55:52.933 11858 11858 D Uvc     : [jni.cpp:72] JNI_OnLoad()...
10-04 19:55:52.933 11858 11858 D Uvc     : [JniEnv.h:32] ScopedJniEnv::onJniLoad()...
10-04 19:55:52.933 11858 11858 D Uvc     : [JniEnv.h:32] ...ScopedJniEnv::onJniLoad()
10-04 19:55:52.933 11858 11858 D Uvc     : [jni.cpp:72] ...JNI_OnLoad()
10-04 19:55:52.943 11858 11858 V AppUtil : initializing: getExternalStorageDirectory()=/storage/emulated/0
10-04 19:55:52.943 11858 11858 I AppUtil : found usbFileSystemRoot: /dev/bus/usb
10-04 19:55:52.943 11858 11897 V RobotCore: saving logcat to /storage/emulated/0/robotControllerLog.txt
10-04 19:55:52.953 11858 11897 V RobotCore: logging command line: exec logcat -f /storage/emulated/0/robotControllerLog.txt -r4096 -n4 -v threadtime UsbRequestJNI:S UsbRequest:S art:W ThreadPool:W System:W ExtendedExtractor:W OMXClient:W MediaPlayer:W dalvikvm:W  *:V
10-04 19:55:52.993 11858 11858 W ResourcesManager: getTopLevelResources: /data/app/com.qualcomm.ftcrobotcontroller-2/base.apk / 1.0 running in com.qualcomm.ftcrobotcontroller rsrc of package null
10-04 19:55:53.003 11858 11858 V AppUtil : rootActivity=PermissionValidatorWrapper
10-04 19:55:53.003 11858 11858 I PermissionValidatorActivity: onCreate
10-04 19:55:53.003 11858 11858 W ResourcesManager: getTopLevelResources: /data/app/com.qualcomm.ftcrobotcontroller-2/base.apk / 1.0 running in com.qualcomm.ftcrobotcontroller rsrc of package null
10-04 19:55:53.093 11858 11897 I RobotCore: Done running ps
10-04 19:55:53.263 11858 11858 I PermissionValidatorActivity: onStart
10-04 19:55:53.273 11858 11858 I PermissionValidator: Checking permission for android.permission.WRITE_EXTERNAL_STORAGE
10-04 19:55:53.273 11858 11858 I PermissionValidator:     Granted: android.permission.WRITE_EXTERNAL_STORAGE
10-04 19:55:53.273 11858 11858 I PermissionValidator: Checking permission for android.permission.READ_EXTERNAL_STORAGE
10-04 19:55:53.273 11858 11858 I PermissionValidator:     Granted: android.permission.READ_EXTERNAL_STORAGE
10-04 19:55:53.273 11858 11858 I PermissionValidator: Checking permission for android.permission.CAMERA
10-04 19:55:53.273 11858 11858 I PermissionValidator:     Granted: android.permission.CAMERA
10-04 19:55:53.273 11858 11858 I PermissionValidator: Checking permission for android.permission.ACCESS_COARSE_LOCATION
10-04 19:55:53.273 11858 11858 I PermissionValidator:     Granted: android.permission.ACCESS_COARSE_LOCATION
10-04 19:55:53.283 11858 11858 V ServiceStarter: attempting to start service MediaTransferProtocolMonitorService
10-04 19:55:53.283 11858 11858 V ServiceStarter: started service MediaTransferProtocolMonitorService
10-04 19:55:53.283 11858 11858 V ServiceStarter: attempting to start service OnBotJavaService
10-04 19:55:53.293 11858 11858 V ServiceStarter: started service OnBotJavaService
10-04 19:55:53.293 11858 11858 I PermissionValidatorActivity: All permissions validated.  Starting RobotController
10-04 19:55:53.313 11858 11858 I Timeline: Timeline: Activity_launch_request id:com.qualcomm.ftcrobotcontroller time:18520869
10-04 19:55:53.353 11858 11858 V MTPMonitorService: onCreate()
10-04 19:55:53.353 11858 11858 V MTPMonitorService: onStartCommand() intent=Intent { cmp=com.qualcomm.ftcrobotcontroller/org.firstinspires.ftc.robotcore.internal.files.MediaTransferProtocolMonitorService } flags=0x0 startId=1
10-04 19:55:53.363 11858 11858 V MTPMonitor: observing: /storage/emulated/0
10-04 19:55:53.593 11858 11858 V OnBotJavaService: onCreate()
10-04 19:55:53.593 11858 11858 V OnBotJavaService: onStartCommand() intent=Intent { cmp=com.qualcomm.ftcrobotcontroller/org.firstinspires.ftc.onbotjava.OnBotJavaService } flags=0x0 startId=1
10-04 19:55:53.603 11858 11858 V OnBotJava: OnBotJavaManager::static
10-04 19:55:53.603 11858 11858 E File    : fail readDirectory() errno=20
10-04 19:55:53.603 11858 11858 W System.err: stat failed: ENOENT (No such file or directory) : java/android.jar
10-04 19:55:53.683 11858 11858 W System.err: stat failed: ENOENT (No such file or directory) : java/onbotjava-classes.jar
10-04 19:55:53.763 11858 11858 V OnBotJava: ctor()...
10-04 19:55:53.763 11858 11858 V OnBotJava: ...ctor()
10-04 19:55:53.783 11858 11858 V RCActivity: Permissions validated already
10-04 19:55:53.783 11858 11858 V RCActivity: onCreate()
10-04 19:55:53.783 11858 11858 W ResourcesManager: getTopLevelResources: /data/app/com.qualcomm.ftcrobotcontroller-2/base.apk / 1.0 running in com.qualcomm.ftcrobotcontroller rsrc of package null
10-04 19:55:53.793 11858 11858 V RCActivity: rootActivity is of class PermissionValidatorWrapper
10-04 19:55:53.793 11858 11858 V RCActivity: launchActivity is of class class org.firstinspires.ftc.robotcontroller.internal.PermissionValidatorWrapper
10-04 19:55:53.813 11858 11922 V CallbackLooper: thread=2568
10-04 19:55:53.813 11858 11858 V NetDiscover_wifiDirectAgent: doStart()...
10-04 19:55:53.823 11858 11922 V NetDiscover_wifiDirectAgent_bcast: wifiP2pEnabled=true
10-04 19:55:53.823 11858 11858 V NetDiscover_wifiDirectAgent: ...doStart()
10-04 19:55:53.823 11858 11858 V NetDiscover_name: doStart()...
10-04 19:55:53.823 11858 11858 V NetDiscover_name: ...doStart()
10-04 19:55:53.823 11858 11922 D NetDiscover_wifiDirectAgent_bcast: connection changed: networkInfo.state=CONNECTED
10-04 19:55:53.823 11858 11922 V NetDiscover_wifiDirectAgent_bcast: NetworkInfo: [type: WIFI_P2P[] - WIFI_P2P, state: CONNECTED/CONNECTED, reason: (unspecified), extra: (none), roaming: false, failover: false, isAvailable: true]
10-04 19:55:53.823 11858 11922 V NetDiscover_wifiDirectAgent_bcast: WifiP2pInfo: groupFormed: true isGroupOwner: true groupOwnerAddress: /192.168.49.1
10-04 19:55:53.823 11858 11858 V NetDiscover_prefremrc: ----- all preferences -----
