10-04 19:59:22.333 12879 13204 D RobotCore: PIDCaller - : current Angle 103.687500, pidValue 0.019166, leftSpeed -0.019166, rightSpeed 0.019166
10-04 19:59:22.373 12879 13204 D RobotCore: PID - getOutput : deviceInput - 103.687500, prevError -0.001690, CurrError -0.152083, currTime 14.753696, deltaTime 0.067527,
10-04 19:59:22.373 12879 13204 D RobotCore: PID - getOutput : pTerm -0.015208, iTerm 0.033552, dTerm -0.000223, output 0.018121,
10-04 19:59:22.423 12879 13204 D RobotCore: PIDCaller - : current Angle 103.687500, pidValue 0.018121, leftSpeed -0.018121, rightSpeed 0.018121
10-04 19:59:22.473 12879 13204 D RobotCore: PID - getOutput : deviceInput - 103.687500, prevError -0.001690, CurrError -0.152083, currTime 14.852741, deltaTime 0.099045,
10-04 19:59:22.473 12879 13204 D RobotCore: PID - getOutput : pTerm -0.015208, iTerm 0.032046, dTerm -0.000152, output 0.016686,
10-04 19:59:22.503 12879 13204 D RobotCore: PIDCaller - : current Angle 103.687500, pidValue 0.016686, leftSpeed -0.016686, rightSpeed 0.016686
10-04 19:59:22.543 12879 13204 D RobotCore: PID - getOutput : deviceInput - 103.687500, prevError -0.001690, CurrError -0.152083, currTime 14.921770, deltaTime 0.069029,
10-04 19:59:22.543 12879 13204 D RobotCore: PID - getOutput : pTerm -0.015208, iTerm 0.030996, dTerm -0.000218, output 0.015570,
10-04 19:59:22.573 12879 13204 D RobotCore: PIDCaller - : current Angle 103.687500, pidValue 0.015570, leftSpeed -0.015570, rightSpeed 0.015570
10-04 19:59:22.613 12879 13204 D RobotCore: PID - getOutput : deviceInput - 103.687500, prevError -0.001690, CurrError -0.152083, currTime 14.996856, deltaTime 0.075087,
10-04 19:59:22.613 12879 13204 D RobotCore: PID - getOutput : pTerm -0.015208, iTerm 0.029854, dTerm -0.000200, output 0.014446,
10-04 19:59:22.643 12879 13204 D RobotCore: PIDCaller - : current Angle 103.687500, pidValue 0.014446, leftSpeed -0.014446, rightSpeed 0.014446
10-04 19:59:22.683 12879 13204 D RobotCore: PID - getOutput : deviceInput - 103.687500, prevError -0.001690, CurrError -0.152083, currTime 15.065796, deltaTime 0.068940,
10-04 19:59:22.683 12879 13204 D RobotCore: PID - getOutput : pTerm -0.015208, iTerm 0.028806, dTerm -0.000218, output 0.013379,
10-04 19:59:22.713 12879 13204 D RobotCore: PIDCaller - : current Angle 103.687500, pidValue 0.013379, leftSpeed -0.013379, rightSpeed 0.013379
10-04 19:59:22.753 12879 13204 D RobotCore: PID - getOutput : deviceInput - 103.687500, prevError -0.001690, CurrError -0.152083, currTime 15.133620, deltaTime 0.067824,
10-04 19:59:22.753 12879 13204 D RobotCore: PID - getOutput : pTerm -0.015208, iTerm 0.027774, dTerm -0.000222, output 0.012344,
10-04 19:59:22.783 12879 13204 D RobotCore: PIDCaller - : current Angle 103.687500, pidValue 0.012344, leftSpeed -0.012344, rightSpeed 0.012344
10-04 19:59:22.823 12879 13204 D RobotCore: PID - getOutput : deviceInput - 103.687500, prevError -0.001690, CurrError -0.152083, currTime 15.205240, deltaTime 0.071620,
10-04 19:59:22.823 12879 13204 D RobotCore: PID - getOutput : pTerm -0.015208, iTerm 0.026685, dTerm -0.000210, output 0.011267,
10-04 19:59:22.853 12879 13204 D RobotCore: PIDCaller - : current Angle 103.687500, pidValue 0.011267, leftSpeed -0.011267, rightSpeed 0.011267
10-04 19:59:22.913 12879 13204 D RobotCore: PID - getOutput : deviceInput - 103.687500, prevError -0.001690, CurrError -0.152083, currTime 15.292332, deltaTime 0.087091,
10-04 19:59:22.913 12879 13204 D RobotCore: PID - getOutput : pTerm -0.015208, iTerm 0.025361, dTerm -0.000173, output 0.009980,
10-04 19:59:22.953 12879 13218 V IMU     : dt=1.043s accel=(0.060 -0.040 0.010)m/s^2
10-04 19:59:22.973 12879 13204 D RobotCore: PIDCaller - : current Angle 103.687500, pidValue 0.009980, leftSpeed -0.009980, rightSpeed 0.009980
10-04 19:59:23.013 12879 13204 D RobotCore: PID - getOutput : deviceInput - 103.687500, prevError -0.001690, CurrError -0.152083, currTime 15.397874, deltaTime 0.105542,
10-04 19:59:23.023 12879 13204 D RobotCore: PID - getOutput : pTerm -0.015208, iTerm 0.023755, dTerm -0.000142, output 0.008405,
10-04 19:59:23.043 12879 13204 D RobotCore: PIDCaller - : current Angle 103.687500, pidValue 0.008405, leftSpeed -0.008405, rightSpeed 0.008405
10-04 19:59:23.083 12879 13204 D RobotCore: PID - getOutput : deviceInput - 103.687500, prevError -0.001690, CurrError -0.152083, currTime 15.464453, deltaTime 0.066579,
10-04 19:59:23.083 12879 13204 D RobotCore: PID - getOutput : pTerm -0.015208, iTerm 0.022743, dTerm -0.000226, output 0.007309,
10-04 19:59:23.113 12879 13204 D RobotCore: PIDCaller - : current Angle 103.687500, pidValue 0.007309, leftSpeed -0.007309, rightSpeed 0.007309
10-04 19:59:23.153 12879 13204 D RobotCore: PID - getOutput : deviceInput - 103.687500, prevError -0.001690, CurrError -0.152083, currTime 15.534235, deltaTime 0.069782,
10-04 19:59:23.153 12879 13204 D RobotCore: PID - getOutput : pTerm -0.015208, iTerm 0.021682, dTerm -0.000216, output 0.006258,
10-04 19:59:23.183 12879 13204 D RobotCore: PIDCaller - : current Angle 103.687500, pidValue 0.006258, leftSpeed -0.006258, rightSpeed 0.006258
10-04 19:59:23.223 12879 13204 D RobotCore: PID - getOutput : deviceInput - 103.687500, prevError -0.001690, CurrError -0.152083, currTime 15.599098, deltaTime 0.064863,
10-04 19:59:23.223 12879 13204 D RobotCore: PID - getOutput : pTerm -0.015208, iTerm 0.020695, dTerm -0.000232, output 0.005255,
10-04 19:59:23.253 12879 13204 D RobotCore: PIDCaller - : current Angle 103.687500, pidValue 0.005255, leftSpeed -0.005255, rightSpeed 0.005255
10-04 19:59:23.283 12879 13204 D RobotCore: PID - getOutput : deviceInput - 103.687500, prevError -0.001690, CurrError -0.152083, currTime 15.667363, deltaTime 0.068266,
10-04 19:59:23.283 12879 13204 D RobotCore: PID - getOutput : pTerm -0.015208, iTerm 0.019657, dTerm -0.000220, output 0.004228,
10-04 19:59:23.323 12879 13204 D RobotCore: PIDCaller - : current Angle 103.687500, pidValue 0.004228, leftSpeed -0.004228, rightSpeed 0.004228
10-04 19:59:23.373 12879 13204 D RobotCore: PID - getOutput : deviceInput - 103.687500, prevError -0.001690, CurrError -0.152083, currTime 15.750069, deltaTime 0.082706,
10-04 19:59:23.373 12879 13204 D RobotCore: PID - getOutput : pTerm -0.015208, iTerm 0.018399, dTerm -0.000182, output 0.003009,
10-04 19:59:23.393 12879 13204 D RobotCore: PIDCaller - : current Angle 103.687500, pidValue 0.003009, leftSpeed -0.003009, rightSpeed 0.003009
10-04 19:59:23.443 12879 13204 D RobotCore: PID - getOutput : deviceInput - 103.687500, prevError -0.001690, CurrError -0.152083, currTime 15.820514, deltaTime 0.070446,
10-04 19:59:23.443 12879 13204 D RobotCore: PID - getOutput : pTerm -0.015208, iTerm 0.017328, dTerm -0.000213, output 0.001906,
10-04 19:59:23.493 12879 13204 D RobotCore: PIDCaller - : current Angle 103.687500, pidValue 0.001906, leftSpeed -0.001906, rightSpeed 0.001906
10-04 19:59:23.533 12879 13204 D RobotCore: PID - getOutput : deviceInput - 103.687500, prevError -0.001690, CurrError -0.152083, currTime 15.908871, deltaTime 0.088357,
10-04 19:59:23.533 12879 13204 D RobotCore: PID - getOutput : pTerm -0.015208, iTerm 0.015984, dTerm -0.000170, output 0.000606,
10-04 19:59:23.573 12879 13204 D RobotCore: PIDCaller - : current Angle 103.687500, pidValue 0.000606, leftSpeed -0.000606, rightSpeed 0.000606
10-04 19:59:23.613 12879 13204 D RobotCore: PID - getOutput : deviceInput - 103.687500, prevError -0.001690, CurrError -0.152083, currTime 15.989283, deltaTime 0.080412,
10-04 19:59:23.613 12879 13204 D RobotCore: PID - getOutput : pTerm -0.015208, iTerm 0.014761, dTerm -0.000187, output -0.000634,
10-04 19:59:23.633 12879 13204 D RobotCore: PIDCaller - : current Angle 103.687500, pidValue -0.000634, leftSpeed 0.000634, rightSpeed -0.000634
10-04 19:59:23.673 12879 13204 D RobotCore: PID - getOutput : deviceInput - 103.687500, prevError -0.001690, CurrError -0.152083, currTime 16.057765, deltaTime 0.068482,
10-04 19:59:23.683 12879 13204 D RobotCore: PID - getOutput : pTerm -0.015208, iTerm 0.013720, dTerm -0.000220, output -0.001708,
10-04 19:59:23.703 12879 13204 D RobotCore: PIDCaller - : current Angle 103.687500, pidValue -0.001708, leftSpeed 0.001708, rightSpeed -0.001708
10-04 19:59:23.743 12879 13204 D RobotCore: PID - getOutput : deviceInput - 103.687500, prevError -0.001690, CurrError -0.152083, currTime 16.126363, deltaTime 0.068598,
10-04 19:59:23.743 12879 13204 D RobotCore: PID - getOutput : pTerm -0.015208, iTerm 0.012676, dTerm -0.000219, output -0.002751,
10-04 19:59:23.773 12879 13204 D RobotCore: PIDCaller - : current Angle 103.687500, pidValue -0.002751, leftSpeed 0.002751, rightSpeed -0.002751
10-04 19:59:23.823 12879 13204 D RobotCore: PID - getOutput : deviceInput - 103.687500, prevError -0.001690, CurrError -0.152083, currTime 16.200803, deltaTime 0.074440,
10-04 19:59:23.823 12879 13204 D RobotCore: PID - getOutput : pTerm -0.015208, iTerm 0.011544, dTerm -0.000202, output -0.003866,
10-04 19:59:23.853 12879 13204 D RobotCore: PIDCaller - : current Angle 103.687500, pidValue -0.003866, leftSpeed 0.003866, rightSpeed -0.003866
10-04 19:59:23.883 12879 13204 D RobotCore: PID - getOutput : deviceInput - 103.687500, prevError -0.001690, CurrError -0.152083, currTime 16.267925, deltaTime 0.067122,
10-04 19:59:23.883 12879 13204 D RobotCore: PID - getOutput : pTerm -0.015208, iTerm 0.010523, dTerm -0.000224, output -0.004909,
10-04 19:59:23.913 12879 13204 D RobotCore: PIDCaller - : current Angle 103.687500, pidValue -0.004909, leftSpeed 0.004909, rightSpeed -0.004909
10-04 19:59:23.953 12879 13204 D RobotCore: PID - getOutput : deviceInput - 103.687500, prevError -0.001690, CurrError -0.152083, currTime 16.336803, deltaTime 0.068878,
10-04 19:59:23.953 12879 13204 D RobotCore: PID - getOutput : pTerm -0.015208, iTerm 0.009476, dTerm -0.000218, output -0.005951,
10-04 19:59:23.973 12879 13218 V IMU     : dt=1.015s accel=(0.080 -0.040 -0.050)m/s^2
10-04 19:59:24.013 12879 13204 D RobotCore: PIDCaller - : current Angle 103.687500, pidValue -0.005951, leftSpeed 0.005951, rightSpeed -0.005951
10-04 19:59:24.053 12879 13204 D RobotCore: PID - getOutput : deviceInput - 103.687500, prevError -0.001690, CurrError -0.152083, currTime 16.430860, deltaTime 0.094056,
10-04 19:59:24.053 12879 13204 D RobotCore: PID - getOutput : pTerm -0.015208, iTerm 0.008045, dTerm -0.000160, output -0.007323,
10-04 19:59:24.083 12879 13204 D RobotCore: PIDCaller - : current Angle 103.687500, pidValue -0.007323, leftSpeed 0.007323, rightSpeed -0.007323
10-04 19:59:24.123 12879 13204 D RobotCore: PID - getOutput : deviceInput - 103.687500, prevError -0.001690, CurrError -0.152083, currTime 16.500093, deltaTime 0.069234,
10-04 19:59:24.123 12879 13204 D RobotCore: PID - getOutput : pTerm -0.015208, iTerm 0.006993, dTerm -0.000217, output -0.008433,
10-04 19:59:24.153 12879 13204 D RobotCore: PIDCaller - : current Angle 103.687500, pidValue -0.008433, leftSpeed 0.008433, rightSpeed -0.008433
10-04 19:59:24.203 12879 13204 D RobotCore: PID - getOutput : deviceInput - 103.687500, prevError -0.001690, CurrError -0.152083, currTime 16.585052, deltaTime 0.084959,
10-04 19:59:24.203 12879 13204 D RobotCore: PID - getOutput : pTerm -0.015208, iTerm 0.005700, dTerm -0.000177, output -0.009685,
10-04 19:59:24.233 12879 13204 D RobotCore: PIDCaller - : current Angle 103.687500, pidValue -0.009685, leftSpeed 0.009685, rightSpeed -0.009685
10-04 19:59:24.283 12879 13204 D RobotCore: PID - getOutput : deviceInput - 103.687500, prevError -0.001690, CurrError -0.152083, currTime 16.663712, deltaTime 0.078660,
10-04 19:59:24.283 12879 13204 D RobotCore: PID - getOutput : pTerm -0.015208, iTerm 0.004504, dTerm -0.000191, output -0.010895,
10-04 19:59:24.313 12879 13204 D RobotCore: PIDCaller - : current Angle 103.687500, pidValue -0.010895, leftSpeed 0.010895, rightSpeed -0.010895
10-04 19:59:24.353 12879 13204 D RobotCore: PID - getOutput : deviceInput - 103.687500, prevError -0.001690, CurrError -0.152083, currTime 16.732379, deltaTime 0.068667,
10-04 19:59:24.353 12879 13204 D RobotCore: PID - getOutput : pTerm -0.015208, iTerm 0.003460, dTerm -0.000219, output -0.011967,
10-04 19:59:24.383 12879 13204 D RobotCore: PIDCaller - : current Angle 103.687500, pidValue -0.011967, leftSpeed 0.011967, rightSpeed -0.011967
10-04 19:59:24.423 12879 13204 D RobotCore: PID - getOutput : deviceInput - 103.687500, prevError -0.001690, CurrError -0.152083, currTime 16.800193, deltaTime 0.067814,
10-04 19:59:24.423 12879 13204 D RobotCore: PID - getOutput : pTerm -0.015208, iTerm 0.002429, dTerm -0.000222, output -0.013002,
10-04 19:59:24.453 12879 13204 D RobotCore: PIDCaller - : current Angle 103.687500, pidValue -0.013002, leftSpeed 0.013002, rightSpeed -0.013002
10-04 19:59:24.503 12879 13204 D RobotCore: PID - getOutput : deviceInput - 103.687500, prevError -0.001690, CurrError -0.152083, currTime 16.884359, deltaTime 0.084166,
10-04 19:59:24.503 12879 13204 D RobotCore: PID - getOutput : pTerm -0.015208, iTerm 0.001149, dTerm -0.000179, output -0.014239,
10-04 19:59:24.543 12879 13204 D RobotCore: PIDCaller - : current Angle 103.687500, pidValue -0.014239, leftSpeed 0.014239, rightSpeed -0.014239
10-04 19:59:24.583 12879 13204 D RobotCore: PID - getOutput : deviceInput - 103.687500, prevError -0.001690, CurrError -0.152083, currTime 16.965145, deltaTime 0.080786,
10-04 19:59:24.583 12879 13204 D RobotCore: PID - getOutput : pTerm -0.015208, iTerm -0.000080, dTerm -0.000186, output -0.015475,
10-04 19:59:24.613 12879 13204 D RobotCore: PIDCaller - : current Angle 103.687500, pidValue -0.015475, leftSpeed 0.015475, rightSpeed -0.015475
10-04 19:59:24.653 12879 13204 D RobotCore: PID - getOutput : deviceInput - 103.687500, prevError -0.001690, CurrError -0.152083, currTime 17.034306, deltaTime 0.069161,
10-04 19:59:24.653 12879 13204 D RobotCore: PID - getOutput : pTerm -0.015208, iTerm -0.001132, dTerm -0.000217, output -0.016558,
10-04 19:59:24.683 12879 13204 D RobotCore: PIDCaller - : current Angle 103.687500, pidValue -0.016558, leftSpeed 0.016558, rightSpeed -0.016558
10-04 19:59:24.723 12879 13204 D RobotCore: PID - getOutput : deviceInput - 103.687500, prevError -0.001690, CurrError -0.152083, currTime 17.099637, deltaTime 0.065331,
10-04 19:59:24.723 12879 13204 D RobotCore: PID - getOutput : pTerm -0.015208, iTerm -0.002125, dTerm -0.000230, output -0.017564,
10-04 19:59:24.753 12879 13204 D RobotCore: PIDCaller - : current Angle 103.687500, pidValue -0.017564, leftSpeed 0.017564, rightSpeed -0.017564
10-04 19:59:24.783 12879 13204 D RobotCore: PID - getOutput : deviceInput - 103.687500, prevError -0.001690, CurrError -0.152083, currTime 17.162761, deltaTime 0.063124,
10-04 19:59:24.783 12879 13204 D RobotCore: PID - getOutput : pTerm -0.015208, iTerm -0.003086, dTerm -0.000238, output -0.018532,
10-04 19:59:24.813 12879 13204 D RobotCore: PIDCaller - : current Angle 103.687500, pidValue -0.018532, leftSpeed 0.018532, rightSpeed -0.018532
10-04 19:59:24.843 12879 13204 D RobotCore: PID - getOutput : deviceInput - 103.687500, prevError -0.001690, CurrError -0.152083, currTime 17.226855, deltaTime 0.064094,
10-04 19:59:24.843 12879 13204 D RobotCore: PID - getOutput : pTerm -0.015208, iTerm -0.004060, dTerm -0.000235, output -0.019503,
10-04 19:59:24.873 12879 13204 D RobotCore: PIDCaller - : current Angle 103.687500, pidValue -0.019503, leftSpeed 0.019503, rightSpeed -0.019503
10-04 19:59:24.913 12879 13204 D RobotCore: PID - getOutput : deviceInput - 103.687500, prevError -0.001690, CurrError -0.152083, currTime 17.295802, deltaTime 0.068948,
10-04 19:59:24.913 12879 13204 D RobotCore: PID - getOutput : pTerm -0.015208, iTerm -0.005109, dTerm -0.000218, output -0.020535,
10-04 19:59:24.943 12879 13204 D RobotCore: PIDCaller - : current Angle 103.687500, pidValue -0.020535, leftSpeed 0.020535, rightSpeed -0.020535
10-04 19:59:24.983 12879 13218 V IMU     : dt=1.014s accel=(0.020 -0.030 0.000)m/s^2
10-04 19:59:25.003 12879 13204 D RobotCore: PID - getOutput : deviceInput - 103.687500, prevError -0.001690, CurrError -0.152083, currTime 17.380828, deltaTime 0.085026,
10-04 19:59:25.003 12879 13204 D RobotCore: PID - getOutput : pTerm -0.015208, iTerm -0.006402, dTerm -0.000177, output -0.021787,
10-04 19:59:25.023 12879 13204 D RobotCore: PIDCaller - : current Angle 103.687500, pidValue -0.021787, leftSpeed 0.021787, rightSpeed -0.021787
10-04 19:59:25.063 12879 13204 D RobotCore: PID - getOutput : deviceInput - 103.687500, prevError -0.001690, CurrError -0.152083, currTime 17.445947, deltaTime 0.065119,
10-04 19:59:25.063 12879 13204 D RobotCore: PID - getOutput : pTerm -0.015208, iTerm -0.007392, dTerm -0.000231, output -0.022832,
10-04 19:59:25.113 12879 13204 D RobotCore: PIDCaller - : current Angle 103.687500, pidValue -0.022832, leftSpeed 0.022832, rightSpeed -0.022832
10-04 19:59:25.153 12879 13204 D RobotCore: PID - getOutput : deviceInput - 103.687500, prevError -0.001690, CurrError -0.152083, currTime 17.535162, deltaTime 0.089215,
10-04 19:59:25.153 12879 13204 D RobotCore: PID - getOutput : pTerm -0.015208, iTerm -0.008749, dTerm -0.000169, output -0.024126,
10-04 19:59:25.183 12879 13204 D RobotCore: PIDCaller - : current Angle 103.687500, pidValue -0.024126, leftSpeed 0.024126, rightSpeed -0.024126
10-04 19:59:25.223 12879 13204 D RobotCore: PID - getOutput : deviceInput - 103.687500, prevError -0.001690, CurrError -0.152083, currTime 17.602074, deltaTime 0.066912,
10-04 19:59:25.223 12879 13204 D RobotCore: PID - getOutput : pTerm -0.015208, iTerm -0.009767, dTerm -0.000225, output -0.025200,
10-04 19:59:25.253 12879 13204 D RobotCore: PIDCaller - : current Angle 103.687500, pidValue -0.025200, leftSpeed 0.025200, rightSpeed -0.025200
10-04 19:59:25.293 12879 13204 D RobotCore: PID - getOutput : deviceInput - 103.687500, prevError -0.001690, CurrError -0.152083, currTime 17.675506, deltaTime 0.073432,
10-04 19:59:25.293 12879 13204 D RobotCore: PID - getOutput : pTerm -0.015208, iTerm -0.010884, dTerm -0.000205, output -0.026297,
10-04 19:59:25.323 12879 13204 D RobotCore: PIDCaller - : current Angle 103.687500, pidValue -0.026297, leftSpeed 0.026297, rightSpeed -0.026297
10-04 19:59:25.373 12879 13204 D RobotCore: PID - getOutput : deviceInput - 103.687500, prevError -0.001690, CurrError -0.152083, currTime 17.751281, deltaTime 0.075775,
10-04 19:59:25.373 12879 13204 D RobotCore: PID - getOutput : pTerm -0.015208, iTerm -0.012036, dTerm -0.000198, output -0.027443,
10-04 19:59:25.403 12879 13204 D RobotCore: PIDCaller - : current Angle 103.687500, pidValue -0.027443, leftSpeed 0.027443, rightSpeed -0.027443
10-04 19:59:25.443 12879 13204 D RobotCore: PID - getOutput : deviceInput - 103.687500, prevError -0.001690, CurrError -0.152083, currTime 17.827284, deltaTime 0.076003,
10-04 19:59:25.453 12879 13204 D RobotCore: PID - getOutput : pTerm -0.015208, iTerm -0.013192, dTerm -0.000198, output -0.028598,
10-04 19:59:25.483 12879 13204 D RobotCore: PIDCaller - : current Angle 103.687500, pidValue -0.028598, leftSpeed 0.028598, rightSpeed -0.028598
10-04 19:59:25.513 12879 13204 D RobotCore: PID - getOutput : deviceInput - 103.687500, prevError -0.001690, CurrError -0.152083, currTime 17.897305, deltaTime 0.070021,
10-04 19:59:25.513 12879 13204 D RobotCore: PID - getOutput : pTerm -0.015208, iTerm -0.014257, dTerm -0.000215, output -0.029680,
10-04 19:59:25.543 12879 13204 D RobotCore: PIDCaller - : current Angle 103.687500, pidValue -0.029680, leftSpeed 0.029680, rightSpeed -0.029680
10-04 19:59:25.593 12879 13204 D RobotCore: PID - getOutput : deviceInput - 103.687500, prevError -0.001690, CurrError -0.152083, currTime 17.971620, deltaTime 0.074316,
10-04 19:59:25.593 12879 13204 D RobotCore: PID - getOutput : pTerm -0.015208, iTerm -0.015387, dTerm -0.000202, output -0.030798,
10-04 19:59:25.633 12879 13204 D RobotCore: PIDCaller - : current Angle 103.687500, pidValue -0.030798, leftSpeed 0.030798, rightSpeed -0.030798
10-04 19:59:25.673 12879 13204 D RobotCore: PID - getOutput : deviceInput - 103.687500, prevError -0.001690, CurrError -0.152083, currTime 18.055275, deltaTime 0.083655,
10-04 19:59:25.673 12879 13204 D RobotCore: PID - getOutput : pTerm -0.015208, iTerm -0.016659, dTerm -0.000180, output -0.032047,
10-04 19:59:25.703 12879 13204 D RobotCore: PIDCaller - : current Angle 103.687500, pidValue -0.032047, leftSpeed 0.032047, rightSpeed -0.032047
10-04 19:59:25.743 12879 13204 D RobotCore: PID - getOutput : deviceInput - 103.687500, prevError -0.001690, CurrError -0.152083, currTime 18.123199, deltaTime 0.067924,
10-04 19:59:25.743 12879 13204 D RobotCore: PID - getOutput : pTerm -0.015208, iTerm -0.017692, dTerm -0.000221, output -0.033122,
10-04 19:59:25.783 12879 13204 D RobotCore: PIDCaller - : current Angle 103.687500, pidValue -0.033122, leftSpeed 0.033122, rightSpeed -0.033122
10-04 19:59:25.793 12879 13070 V Robocol : received command: CMD_INIT_OP_MODE(10350) $Stop$Robot$
10-04 19:59:25.803 12879 13069 I RobotCore: ******************** STOP - OPMODE /storage/emulated/0/FIRST/matchlogs/Match-0-PID_First2.txt ********************
10-04 19:59:25.813 12879 13204 D RobotCore: PID - getOutput : deviceInput - 103.687500, prevError -0.001690, CurrError -0.152083, currTime 18.193483, deltaTime 0.070284,
10-04 19:59:25.813 12879 13204 D RobotCore: PID - getOutput : pTerm -0.015208, iTerm -0.018761, dTerm -0.000214, output -0.034183,
10-04 19:59:25.813 12879 13069 I RobotCore: Pruning old logs deleting Match-0-PID_First2.txt
10-04 19:59:25.823 12879 13204 E LynxI2cDeviceSynch: placeholder: readTimestamped
10-04 19:59:25.823 12879 13204 D RobotCore: PIDCaller - : current Angle -0.000000, pidValue -0.034183, leftSpeed 0.034183, rightSpeed -0.034183
10-04 19:59:25.823 12879 13351 I RobotCore: saving match logcat to /storage/emulated/0/FIRST/matchlogs/Match-0-PID_First2.txt
10-04 19:59:25.823 12879 13351 I RobotCore: logging command line: exec logcat -d -T '10-4 19:59:7.000' -f /storage/emulated/0/FIRST/matchlogs/Match-0-PID_First2.txt -n4 -v threadtime UsbRequestJNI:S UsbRequest:S art:W ThreadPool:W System:W ExtendedExtractor:W OMXClient:W MediaPlayer:W dalvikvm:W  *:V
10-04 19:59:25.823 12879 13204 V RobotCore: thread: ...terminating 'LinearOpMode main'
10-04 19:59:25.833 12879 13095 I RobotCore: Attempting to switch to op mode $Stop$Robot$
10-04 19:59:25.903 12879 13097 V Robocol : sending CMD_NOTIFY_INIT_OP_MODE(419), attempt: 0
10-04 19:59:25.923 12879 13070 V Robocol : received command: CMD_RUN_OP_MODE(10358) $Stop$Robot$
10-04 19:59:25.943 12879 13097 V Robocol : sending CMD_NOTIFY_RUN_OP_MODE(425), attempt: 0
10-04 19:59:26.333 12879 13351 I RobotCore: Done running exec logcat -d -T '10-4 19:59:7.000' -f /storage/emulated/0/FIRST/matchlogs/Match-0-PID_First2.txt -n4 -v threadtime UsbRequestJNI:S UsbRequest:S art:W ThreadPool:W System:W ExtendedExtractor:W OMXClient:W MediaPlayer:W dalvikvm:W  *:V
10-04 19:59:26.333 12879 13351 I RobotCore: exiting match logcat for /storage/emulated/0/FIRST/matchlogs/Match-0-PID_First2.txt
10-04 20:03:14.123 14352 14352 W SELinux : SELinux: seapp_context_lookup: seinfo=default, level=s0:c512,c768, pkgname=com.qualcomm.ftcrobotcontroller 
10-04 20:03:14.173 14352 14352 D TimaKeyStoreProvider: TimaSignature is unavailable
10-04 20:03:14.173 14352 14352 D ActivityThread: Added TimaKeyStore provider
10-04 20:03:14.223 14352 14352 W ResourcesManager: getTopLevelResources: /data/app/com.qualcomm.ftcrobotcontroller-2/base.apk / 1.0 running in com.qualcomm.ftcrobotcontroller rsrc of package null
10-04 20:03:14.343 14369 14369 I dex2oat : /system/bin/dex2oat --debuggable --dex-file=/data/app/com.qualcomm.ftcrobotcontroller-2/split_lib_dependencies_apk.apk --oat-file=/data/dalvik-cache/arm/data@app@com.qualcomm.ftcrobotcontroller-2@split_lib_dependencies_apk.apk@classes.dex
10-04 20:03:14.343 14369 14369 E dex2oat : Failed to create oat file: /data/dalvik-cache/arm/data@app@com.qualcomm.ftcrobotcontroller-2@split_lib_dependencies_apk.apk@classes.dex: Permission denied
10-04 20:03:14.343 14369 14369 I dex2oat : dex2oat took 3.790ms (threads: 4) 
10-04 20:03:14.343 14352 14352 W art     : Failed execv(/system/bin/dex2oat --runtime-arg -classpath --runtime-arg  --debuggable --instruction-set=arm --instruction-set-features=smp,div,atomic_ldrd_strd --runtime-arg -Xrelocate --boot-image=/system/framework/boot.art --runtime-arg -Xms64m --runtime-arg -Xmx512m --instruction-set-variant=krait --instruction-set-features=default --dex-file=/data/app/com.qualcomm.ftcrobotcontroller-2/split_lib_dependencies_apk.apk --oat-file=/data/dalvik-cache/arm/data@app@com.qualcomm.ftcrobotcontroller-2@split_lib_dependencies_apk.apk@classes.dex) because non-0 exit status
10-04 20:03:14.853 14372 14372 I dex2oat : /system/bin/dex2oat --debuggable --dex-file=/data/app/com.qualcomm.ftcrobotcontroller-2/split_lib_slice_0_apk.apk --oat-file=/data/dalvik-cache/arm/data@app@com.qualcomm.ftcrobotcontroller-2@split_lib_slice_0_apk.apk@classes.dex
10-04 20:03:14.853 14372 14372 E dex2oat : Failed to create oat file: /data/dalvik-cache/arm/data@app@com.qualcomm.ftcrobotcontroller-2@split_lib_slice_0_apk.apk@classes.dex: Permission denied
10-04 20:03:14.853 14372 14372 I dex2oat : dex2oat took 651.198us (threads: 4) 
10-04 20:03:14.853 14352 14352 W art     : Failed execv(/system/bin/dex2oat --runtime-arg -classpath --runtime-arg  --debuggable --instruction-set=arm --instruction-set-features=smp,div,atomic_ldrd_strd --runtime-arg -Xrelocate --boot-image=/system/framework/boot.art --runtime-arg -Xms64m --runtime-arg -Xmx512m --instruction-set-variant=krait --instruction-set-features=default --dex-file=/data/app/com.qualcomm.ftcrobotcontroller-2/split_lib_slice_0_apk.apk --oat-file=/data/dalvik-cache/arm/data@app@com.qualcomm.ftcrobotcontroller-2@split_lib_slice_0_apk.apk@classes.dex) because non-0 exit status
10-04 20:03:14.923 14374 14374 I dex2oat : /system/bin/dex2oat --debuggable --dex-file=/data/app/com.qualcomm.ftcrobotcontroller-2/split_lib_slice_1_apk.apk --oat-file=/data/dalvik-cache/arm/data@app@com.qualcomm.ftcrobotcontroller-2@split_lib_slice_1_apk.apk@classes.dex
10-04 20:03:14.923 14374 14374 E dex2oat : Failed to create oat file: /data/dalvik-cache/arm/data@app@com.qualcomm.ftcrobotcontroller-2@split_lib_slice_1_apk.apk@classes.dex: Permission denied
10-04 20:03:14.923 14374 14374 I dex2oat : dex2oat took 795.469us (threads: 4) 
10-04 20:03:14.923 14352 14352 W art     : Failed execv(/system/bin/dex2oat --runtime-arg -classpath --runtime-arg  --debuggable --instruction-set=arm --instruction-set-features=smp,div,atomic_ldrd_strd --runtime-arg -Xrelocate --boot-image=/system/framework/boot.art --runtime-arg -Xms64m --runtime-arg -Xmx512m --instruction-set-variant=krait --instruction-set-features=default --dex-file=/data/app/com.qualcomm.ftcrobotcontroller-2/split_lib_slice_1_apk.apk --oat-file=/data/dalvik-cache/arm/data@app@com.qualcomm.ftcrobotcontroller-2@split_lib_slice_1_apk.apk@classes.dex) because non-0 exit status
10-04 20:03:14.983 14376 14376 I dex2oat : /system/bin/dex2oat --debuggable --dex-file=/data/app/com.qualcomm.ftcrobotcontroller-2/split_lib_slice_2_apk.apk --oat-file=/data/dalvik-cache/arm/data@app@com.qualcomm.ftcrobotcontroller-2@split_lib_slice_2_apk.apk@classes.dex
10-04 20:03:14.983 14376 14376 E dex2oat : Failed to create oat file: /data/dalvik-cache/arm/data@app@com.qualcomm.ftcrobotcontroller-2@split_lib_slice_2_apk.apk@classes.dex: Permission denied
10-04 20:03:14.983 14376 14376 I dex2oat : dex2oat took 1.404ms (threads: 4) 
10-04 20:03:14.983 14352 14352 W art     : Failed execv(/system/bin/dex2oat --runtime-arg -classpath --runtime-arg  --debuggable --instruction-set=arm --instruction-set-features=smp,div,atomic_ldrd_strd --runtime-arg -Xrelocate --boot-image=/system/framework/boot.art --runtime-arg -Xms64m --runtime-arg -Xmx512m --instruction-set-variant=krait --instruction-set-features=default --dex-file=/data/app/com.qualcomm.ftcrobotcontroller-2/split_lib_slice_2_apk.apk --oat-file=/data/dalvik-cache/arm/data@app@com.qualcomm.ftcrobotcontroller-2@split_lib_slice_2_apk.apk@classes.dex) because non-0 exit status
10-04 20:03:15.043 14378 14378 I dex2oat : /system/bin/dex2oat --debuggable --dex-file=/data/app/com.qualcomm.ftcrobotcontroller-2/split_lib_slice_3_apk.apk --oat-file=/data/dalvik-cache/arm/data@app@com.qualcomm.ftcrobotcontroller-2@split_lib_slice_3_apk.apk@classes.dex
10-04 20:03:15.043 14378 14378 E dex2oat : Failed to create oat file: /data/dalvik-cache/arm/data@app@com.qualcomm.ftcrobotcontroller-2@split_lib_slice_3_apk.apk@classes.dex: Permission denied
10-04 20:03:15.043 14378 14378 I dex2oat : dex2oat took 841.406us (threads: 4) 
10-04 20:03:15.053 14352 14352 W art     : Failed execv(/system/bin/dex2oat --runtime-arg -classpath --runtime-arg  --debuggable --instruction-set=arm --instruction-set-features=smp,div,atomic_ldrd_strd --runtime-arg -Xrelocate --boot-image=/system/framework/boot.art --runtime-arg -Xms64m --runtime-arg -Xmx512m --instruction-set-variant=krait --instruction-set-features=default --dex-file=/data/app/com.qualcomm.ftcrobotcontroller-2/split_lib_slice_3_apk.apk --oat-file=/data/dalvik-cache/arm/data@app@com.qualcomm.ftcrobotcontroller-2@split_lib_slice_3_apk.apk@classes.dex) because non-0 exit status
10-04 20:03:15.113 14380 14380 I dex2oat : /system/bin/dex2oat --debuggable --dex-file=/data/app/com.qualcomm.ftcrobotcontroller-2/split_lib_slice_4_apk.apk --oat-file=/data/dalvik-cache/arm/data@app@com.qualcomm.ftcrobotcontroller-2@split_lib_slice_4_apk.apk@classes.dex
10-04 20:03:15.113 14380 14380 E dex2oat : Failed to create oat file: /data/dalvik-cache/arm/data@app@com.qualcomm.ftcrobotcontroller-2@split_lib_slice_4_apk.apk@classes.dex: Permission denied
10-04 20:03:15.113 14380 14380 I dex2oat : dex2oat took 574.739us (threads: 4) 
10-04 20:03:15.113 14352 14352 W art     : Failed execv(/system/bin/dex2oat --runtime-arg -classpath --runtime-arg  --debuggable --instruction-set=arm --instruction-set-features=smp,div,atomic_ldrd_strd --runtime-arg -Xrelocate --boot-image=/system/framework/boot.art --runtime-arg -Xms64m --runtime-arg -Xmx512m --instruction-set-variant=krait --instruction-set-features=default --dex-file=/data/app/com.qualcomm.ftcrobotcontroller-2/split_lib_slice_4_apk.apk --oat-file=/data/dalvik-cache/arm/data@app@com.qualcomm.ftcrobotcontroller-2@split_lib_slice_4_apk.apk@classes.dex) because non-0 exit status
10-04 20:03:15.183 14382 14382 I dex2oat : /system/bin/dex2oat --debuggable --dex-file=/data/app/com.qualcomm.ftcrobotcontroller-2/split_lib_slice_6_apk.apk --oat-file=/data/dalvik-cache/arm/data@app@com.qualcomm.ftcrobotcontroller-2@split_lib_slice_6_apk.apk@classes.dex
10-04 20:03:15.183 14382 14382 E dex2oat : Failed to create oat file: /data/dalvik-cache/arm/data@app@com.qualcomm.ftcrobotcontroller-2@split_lib_slice_6_apk.apk@classes.dex: Permission denied
10-04 20:03:15.193 14382 14382 I dex2oat : dex2oat took 695.938us (threads: 4) 
10-04 20:03:15.193 14352 14352 W art     : Failed execv(/system/bin/dex2oat --runtime-arg -classpath --runtime-arg  --debuggable --instruction-set=arm --instruction-set-features=smp,div,atomic_ldrd_strd --runtime-arg -Xrelocate --boot-image=/system/framework/boot.art --runtime-arg -Xms64m --runtime-arg -Xmx512m --instruction-set-variant=krait --instruction-set-features=default --dex-file=/data/app/com.qualcomm.ftcrobotcontroller-2/split_lib_slice_6_apk.apk --oat-file=/data/dalvik-cache/arm/data@app@com.qualcomm.ftcrobotcontroller-2@split_lib_slice_6_apk.apk@classes.dex) because non-0 exit status
10-04 20:03:15.253 14384 14384 I dex2oat : /system/bin/dex2oat --debuggable --dex-file=/data/app/com.qualcomm.ftcrobotcontroller-2/split_lib_slice_7_apk.apk --oat-file=/data/dalvik-cache/arm/data@app@com.qualcomm.ftcrobotcontroller-2@split_lib_slice_7_apk.apk@classes.dex
10-04 20:03:15.253 14384 14384 E dex2oat : Failed to create oat file: /data/dalvik-cache/arm/data@app@com.qualcomm.ftcrobotcontroller-2@split_lib_slice_7_apk.apk@classes.dex: Permission denied
10-04 20:03:15.253 14384 14384 I dex2oat : dex2oat took 688.698us (threads: 4) 
10-04 20:03:15.253 14352 14352 W art     : Failed execv(/system/bin/dex2oat --runtime-arg -classpath --runtime-arg  --debuggable --instruction-set=arm --instruction-set-features=smp,div,atomic_ldrd_strd --runtime-arg -Xrelocate --boot-image=/system/framework/boot.art --runtime-arg -Xms64m --runtime-arg -Xmx512m --instruction-set-variant=krait --instruction-set-features=default --dex-file=/data/app/com.qualcomm.ftcrobotcontroller-2/split_lib_slice_7_apk.apk --oat-file=/data/dalvik-cache/arm/data@app@com.qualcomm.ftcrobotcontroller-2@split_lib_slice_7_apk.apk@classes.dex) because non-0 exit status
10-04 20:03:15.323 14386 14386 I dex2oat : /system/bin/dex2oat --debuggable --dex-file=/data/app/com.qualcomm.ftcrobotcontroller-2/split_lib_slice_8_apk.apk --oat-file=/data/dalvik-cache/arm/data@app@com.qualcomm.ftcrobotcontroller-2@split_lib_slice_8_apk.apk@classes.dex
10-04 20:03:15.323 14386 14386 E dex2oat : Failed to create oat file: /data/dalvik-cache/arm/data@app@com.qualcomm.ftcrobotcontroller-2@split_lib_slice_8_apk.apk@classes.dex: Permission denied
10-04 20:03:15.323 14386 14386 I dex2oat : dex2oat took 656.718us (threads: 4) 
10-04 20:03:15.333 14352 14352 W art     : Failed execv(/system/bin/dex2oat --runtime-arg -classpath --runtime-arg  --debuggable --instruction-set=arm --instruction-set-features=smp,div,atomic_ldrd_strd --runtime-arg -Xrelocate --boot-image=/system/framework/boot.art --runtime-arg -Xms64m --runtime-arg -Xmx512m --instruction-set-variant=krait --instruction-set-features=default --dex-file=/data/app/com.qualcomm.ftcrobotcontroller-2/split_lib_slice_8_apk.apk --oat-file=/data/dalvik-cache/arm/data@app@com.qualcomm.ftcrobotcontroller-2@split_lib_slice_8_apk.apk@classes.dex) because non-0 exit status
10-04 20:03:15.393 14388 14388 I dex2oat : /system/bin/dex2oat --debuggable --dex-file=/data/app/com.qualcomm.ftcrobotcontroller-2/split_lib_slice_9_apk.apk --oat-file=/data/dalvik-cache/arm/data@app@com.qualcomm.ftcrobotcontroller-2@split_lib_slice_9_apk.apk@classes.dex
10-04 20:03:15.393 14388 14388 E dex2oat : Failed to create oat file: /data/dalvik-cache/arm/data@app@com.qualcomm.ftcrobotcontroller-2@split_lib_slice_9_apk.apk@classes.dex: Permission denied
10-04 20:03:15.393 14388 14388 I dex2oat : dex2oat took 733.021us (threads: 4) 
10-04 20:03:15.393 14352 14352 W art     : Failed execv(/system/bin/dex2oat --runtime-arg -classpath --runtime-arg  --debuggable --instruction-set=arm --instruction-set-features=smp,div,atomic_ldrd_strd --runtime-arg -Xrelocate --boot-image=/system/framework/boot.art --runtime-arg -Xms64m --runtime-arg -Xmx512m --instruction-set-variant=krait --instruction-set-features=default --dex-file=/data/app/com.qualcomm.ftcrobotcontroller-2/split_lib_slice_9_apk.apk --oat-file=/data/dalvik-cache/arm/data@app@com.qualcomm.ftcrobotcontroller-2@split_lib_slice_9_apk.apk@classes.dex) because non-0 exit status
10-04 20:03:15.413 14352 14352 I InstantRun: starting instant run server: is main process
10-04 20:03:15.483 14352 14352 D Uvc     : [jni.cpp:72] JNI_OnLoad()...
10-04 20:03:15.483 14352 14352 D Uvc     : [JniEnv.h:32] ScopedJniEnv::onJniLoad()...
10-04 20:03:15.483 14352 14352 D Uvc     : [JniEnv.h:32] ...ScopedJniEnv::onJniLoad()
10-04 20:03:15.483 14352 14352 D Uvc     : [jni.cpp:72] ...JNI_OnLoad()
10-04 20:03:15.503 14352 14352 V AppUtil : initializing: getExternalStorageDirectory()=/storage/emulated/0
10-04 20:03:15.503 14352 14352 I AppUtil : found usbFileSystemRoot: /dev/bus/usb
10-04 20:03:15.513 14352 14391 V RobotCore: saving logcat to /storage/emulated/0/robotControllerLog.txt
10-04 20:03:15.513 14352 14391 V RobotCore: logging command line: exec logcat -f /storage/emulated/0/robotControllerLog.txt -r4096 -n4 -v threadtime UsbRequestJNI:S UsbRequest:S art:W ThreadPool:W System:W ExtendedExtractor:W OMXClient:W MediaPlayer:W dalvikvm:W  *:V
10-04 20:03:15.543 14352 14352 W ResourcesManager: getTopLevelResources: /data/app/com.qualcomm.ftcrobotcontroller-2/base.apk / 1.0 running in com.qualcomm.ftcrobotcontroller rsrc of package null
10-04 20:03:15.563 14352 14352 W ResourcesManager: getTopLevelResources: /data/app/com.qualcomm.ftcrobotcontroller-2/base.apk / 1.0 running in com.qualcomm.ftcrobotcontroller rsrc of package null
10-04 20:03:15.573 14352 14352 V AppUtil : rootActivity=PermissionValidatorWrapper
10-04 20:03:15.573 14352 14352 I PermissionValidatorActivity: onCreate
10-04 20:03:15.663 14352 14391 I RobotCore: Done running ps
10-04 20:03:15.873 14352 14352 I PermissionValidatorActivity: onStart
10-04 20:03:15.873 14352 14352 I PermissionValidator: Checking permission for android.permission.WRITE_EXTERNAL_STORAGE
10-04 20:03:15.883 14352 14352 I PermissionValidator:     Granted: android.permission.WRITE_EXTERNAL_STORAGE
10-04 20:03:15.883 14352 14352 I PermissionValidator: Checking permission for android.permission.READ_EXTERNAL_STORAGE
10-04 20:03:15.883 14352 14352 I PermissionValidator:     Granted: android.permission.READ_EXTERNAL_STORAGE
10-04 20:03:15.883 14352 14352 I PermissionValidator: Checking permission for android.permission.CAMERA
10-04 20:03:15.883 14352 14352 I PermissionValidator:     Granted: android.permission.CAMERA
10-04 20:03:15.883 14352 14352 I PermissionValidator: Checking permission for android.permission.ACCESS_COARSE_LOCATION
10-04 20:03:15.883 14352 14352 I PermissionValidator:     Granted: android.permission.ACCESS_COARSE_LOCATION
10-04 20:03:15.883 14352 14352 V ServiceStarter: attempting to start service MediaTransferProtocolMonitorService
10-04 20:03:15.893 14352 14352 V ServiceStarter: started service MediaTransferProtocolMonitorService
10-04 20:03:15.893 14352 14352 V ServiceStarter: attempting to start service OnBotJavaService
10-04 20:03:15.903 14352 14352 V ServiceStarter: started service OnBotJavaService
10-04 20:03:15.903 14352 14352 I PermissionValidatorActivity: All permissions validated.  Starting RobotController
10-04 20:03:15.933 14352 14352 I Timeline: Timeline: Activity_launch_request id:com.qualcomm.ftcrobotcontroller time:18963487
10-04 20:03:15.953 14352 14352 V MTPMonitorService: onCreate()
10-04 20:03:15.953 14352 14352 V MTPMonitorService: onStartCommand() intent=Intent { cmp=com.qualcomm.ftcrobotcontroller/org.firstinspires.ftc.robotcore.internal.files.MediaTransferProtocolMonitorService } flags=0x0 startId=1
10-04 20:03:15.963 14352 14352 V MTPMonitor: observing: /storage/emulated/0
10-04 20:03:16.193 14352 14352 V OnBotJavaService: onCreate()
10-04 20:03:16.193 14352 14352 V OnBotJavaService: onStartCommand() intent=Intent { cmp=com.qualcomm.ftcrobotcontroller/org.firstinspires.ftc.onbotjava.OnBotJavaService } flags=0x0 startId=1
10-04 20:03:16.193 14352 14352 V OnBotJava: OnBotJavaManager::static
10-04 20:03:16.193 14352 14352 E File    : fail readDirectory() errno=20
10-04 20:03:16.203 14352 14352 W System.err: stat failed: ENOENT (No such file or directory) : java/android.jar
10-04 20:03:16.303 14352 14352 W System.err: stat failed: ENOENT (No such file or directory) : java/onbotjava-classes.jar
10-04 20:03:16.373 14352 14352 V OnBotJava: ctor()...
10-04 20:03:16.373 14352 14352 V OnBotJava: ...ctor()
10-04 20:03:16.403 14352 14352 W ResourcesManager: getTopLevelResources: /data/app/com.qualcomm.ftcrobotcontroller-2/base.apk / 1.0 running in com.qualcomm.ftcrobotcontroller rsrc of package null
10-04 20:03:16.423 14352 14352 V RCActivity: Permissions validated already
10-04 20:03:16.423 14352 14352 V RCActivity: onCreate()
10-04 20:03:16.433 14352 14352 V RCActivity: rootActivity is of class PermissionValidatorWrapper
10-04 20:03:16.433 14352 14352 V RCActivity: launchActivity is of class class org.firstinspires.ftc.robotcontroller.internal.PermissionValidatorWrapper
10-04 20:03:16.453 14352 14417 V CallbackLooper: thread=2627
10-04 20:03:16.463 14352 14352 V NetDiscover_wifiDirectAgent: doStart()...
10-04 20:03:16.463 14352 14417 V NetDiscover_wifiDirectAgent_bcast: wifiP2pEnabled=true
10-04 20:03:16.463 14352 14352 V NetDiscover_wifiDirectAgent: ...doStart()
10-04 20:03:16.463 14352 14352 V NetDiscover_name: doStart()...
10-04 20:03:16.463 14352 14352 V NetDiscover_name: ...doStart()
10-04 20:03:16.463 14352 14417 D NetDiscover_wifiDirectAgent_bcast: connection changed: networkInfo.state=CONNECTED
10-04 20:03:16.463 14352 14417 V NetDiscover_wifiDirectAgent_bcast: NetworkInfo: [type: WIFI_P2P[] - WIFI_P2P, state: CONNECTED/CONNECTED, reason: (unspecified), extra: (none), roaming: false, failover: false, isAvailable: true]
10-04 20:03:16.473 14352 14417 V NetDiscover_wifiDirectAgent_bcast: WifiP2pInfo: groupFormed: true isGroupOwner: true groupOwnerAddress: /192.168.49.1
10-04 20:03:16.473 14352 14417 V NetDiscover_wifiDirectAgent_bcast: WifiP2pGroup: network: DIRECT-7w-14353-RC, isGO: true, GO: Device: [Phone] 14353-RC, deviceAddress: 62:f1:89:92:f8:36, primary type: 10-0050F204-5, secondary type: null, wps: 0, grpcapab: 0, devcapab: 0, status: 3, wfdInfo: null, groupownerAddress: null, GOdeviceName: null, interfaceAddress: , SConnectInfo : null, contactInfoHash : null, ssDevInfo : 0, iconIdx : 0, Client: Device: [Phone] 14353-DS, deviceAddress: 92:b6:86:c4:11:68, primary type: 10-0050F204-5, secondary type: null, wps: 392, grpcapab: 0, devcapab: 37, status: 0, wfdInfo: null, groupownerAddress: null, GOdeviceName: null, interfaceAddress: , SConnectInfo : null, contactInfoHash : null, ssDevInfo : 1, iconIdx : 256, interface: p2p-wlan0-0, frequency: 2437, networkId: -1
10-04 20:03:16.473 14352 14352 V NetDiscover_prefremrc: ----- all preferences -----
10-04 20:03:16.473 14352 14417 V NetDiscover_wifiDirectAgent_bcast: this device changed: Device=[Phone] 14353-RC deviceAddress=62:f1:89:92:f8:36 primary type=10-0050F204-5 secondary type=null wps=0 grpcapab=0 devcapab=0 status=0 wfdInfo=null groupownerAddress=null GOdeviceName=null interfaceAddress= SConnectInfo =null contactInfoHash =null ssDevInfo =0 iconIdx =0
10-04 20:03:16.473 14352 14352 V NetDiscover_prefremrc: name='pref_wifip2p_groupowner_connectedto' value=[Phone] 14353-RC
10-04 20:03:16.473 14352 14352 V NetDiscover_prefremrc: name='pref_has_speaker' value=true
10-04 20:03:16.473 14352 14417 V NetDiscover_name: remembering wifiDirectName: [Phone] 14353-RC...
10-04 20:03:16.473 14352 14352 V NetDiscover_prefremrc: name='android.permission.ACCESS_COARSE_LOCATION' value=false
10-04 20:03:16.473 14352 14417 V NetDiscover_name: wifiDirectName=[Phone] 14353-RC
10-04 20:03:16.473 14352 14352 V NetDiscover_prefremrc: name='variations_seed_native_stored' value=true
10-04 20:03:16.473 14352 14352 V NetDiscover_prefremrc: name='android.permission.WRITE_EXTERNAL_STORAGE' value=false
10-04 20:03:16.473 14352 14352 V NetDiscover_prefremrc: name='pref_pairing_kind' value=WIFIDIRECT
10-04 20:03:16.473 14352 14352 V NetDiscover_prefremrc: name='pref_has_independent_phone_battery' value=true
10-04 20:03:16.473 14352 14352 V NetDiscover_prefremrc: name='pref_app_theme' value=red
10-04 20:03:16.473 14352 14352 V NetDiscover_prefremrc: name='android.permission.CAMERA' value=false
10-04 20:03:16.473 14352 14352 V NetDiscover_prefremrc: name='pref_wifip2p_remote_channel_change_works' value=true
10-04 20:03:16.473 14352 14417 V NetDiscover_name: ...remembering wifiDirectName
10-04 20:03:16.473 14352 14352 V NetDiscover_prefremrc: name='pref_hardware_config_filename' value={"isDirty":false,"location":"LOCAL_STORAGE","name":"babybot","resourceId":0}
10-04 20:03:16.473 14352 14352 V NetDiscover_prefremrc: name='pref_device_name' value=[Phone] 14353-RC
10-04 20:03:16.473 14352 14352 V NetDiscover_prefremrc: name='pref_device_name_old' value=[Phone] 14353-RC
10-04 20:03:16.473 14352 14417 V NetDiscover_wifiDirectAgent_bcast: p2p discoverPeers()=false
10-04 20:03:16.473 14352 14352 V NetDiscover_prefremrc: name='pref_device_name_tracking' value=WIFIDIRECT
10-04 20:03:16.473 14352 14352 V NetDiscover_prefremrc: name='android.permission.READ_EXTERNAL_STORAGE' value=false
10-04 20:03:16.473 14352 14417 V NetDiscover_wifiDirectAgent_bcast: wifi direct remembered groups cleared
10-04 20:03:16.473 14352 14352 V NetDiscover_prefremrc: name='pref_wifip2p_channel' value=0
10-04 20:03:16.473 14352 14352 V NetDiscover_prefremrc: name='pref_sound_on_off' value=true
10-04 20:03:16.473 14352 14352 V NetDiscover_prefremrc: name='pref_rc_connected' value=true
10-04 20:03:16.473 14352 14352 V NetDiscover_prefremrc: doStart()...
10-04 20:03:16.473 14352 14352 V NetDiscover_prefremrc: ...doStart()
10-04 20:03:16.483 14352 14417 V Robocol : SendOnceRunnable created
10-04 20:03:16.483 14352 14417 V NetDiscover_wifiDirectAgent_bcast: wifiState=ENABLED
10-04 20:03:16.493 14352 14352 I WebViewFactory: Loading com.google.android.webview version 70.0.3538.80 (code 353808000)
10-04 20:03:16.533 14352 14352 W ResourcesManager: getTopLevelResources: /data/app/com.google.android.webview-1/base.apk / 1.0 running in com.qualcomm.ftcrobotcontroller rsrc of package null
10-04 20:03:16.563 14352 14352 I cr_LibraryLoader: Time to load native libraries: 2 ms (timestamps 4112-4114)
10-04 20:03:16.593 14352 14352 I chromium: [INFO:library_loader_hooks.cc(36)] Chromium logging enabled: level = 0, default verbosity = 0
10-04 20:03:16.593 14352 14352 I cr_LibraryLoader: Expected native library version number "70.0.3538.80", actual native library version number "70.0.3538.80"
10-04 20:03:16.623 14352 14352 I cr_BrowserStartup: Initializing chromium process, singleProcess=true
10-04 20:03:16.693 14352 14352 D SecWifiDisplayUtil: Metadata value : none
10-04 20:03:16.733 14352 14352 D ConnectivityManager: requestNetwork; getAppId(CallingUid) : 10208, CallingPid : 14352
10-04 20:03:16.963 14438 14438 I dex2oat : /system/bin/dex2oat --debuggable --dex-file=/data/app/com.qualcomm.ftcrobotcontroller-2/split_lib_dependencies_apk.apk --oat-file=/data/dalvik-cache/arm/data@app@com.qualcomm.ftcrobotcontroller-2@split_lib_dependencies_apk.apk@classes.dex
10-04 20:03:16.963 14438 14438 E dex2oat : Failed to create oat file: /data/dalvik-cache/arm/data@app@com.qualcomm.ftcrobotcontroller-2@split_lib_dependencies_apk.apk@classes.dex: Permission denied
10-04 20:03:16.963 14438 14438 I dex2oat : dex2oat took 676.354us (threads: 4) 
10-04 20:03:16.973 14352 14352 W art     : Failed execv(/system/bin/dex2oat --runtime-arg -classpath --runtime-arg  --debuggable --instruction-set=arm --instruction-set-features=smp,div,atomic_ldrd_strd --runtime-arg -Xrelocate --boot-image=/system/framework/boot.art --runtime-arg -Xms64m --runtime-arg -Xmx512m --instruction-set-variant=krait --instruction-set-features=default --dex-file=/data/app/com.qualcomm.ftcrobotcontroller-2/split_lib_dependencies_apk.apk --oat-file=/data/dalvik-cache/arm/data@app@com.qualcomm.ftcrobotcontroller-2@split_lib_dependencies_apk.apk@classes.dex) because non-0 exit status
10-04 20:03:17.473 14440 14440 I dex2oat : /system/bin/dex2oat --debuggable --dex-file=/data/app/com.qualcomm.ftcrobotcontroller-2/split_lib_slice_0_apk.apk --oat-file=/data/dalvik-cache/arm/data@app@com.qualcomm.ftcrobotcontroller-2@split_lib_slice_0_apk.apk@classes.dex
10-04 20:03:17.473 14440 14440 E dex2oat : Failed to create oat file: /data/dalvik-cache/arm/data@app@com.qualcomm.ftcrobotcontroller-2@split_lib_slice_0_apk.apk@classes.dex: Permission denied
10-04 20:03:17.473 14440 14440 I dex2oat : dex2oat took 649.948us (threads: 4) 
10-04 20:03:17.473 14352 14352 W art     : Failed execv(/system/bin/dex2oat --runtime-arg -classpath --runtime-arg  --debuggable --instruction-set=arm --instruction-set-features=smp,div,atomic_ldrd_strd --runtime-arg -Xrelocate --boot-image=/system/framework/boot.art --runtime-arg -Xms64m --runtime-arg -Xmx512m --instruction-set-variant=krait --instruction-set-features=default --dex-file=/data/app/com.qualcomm.ftcrobotcontroller-2/split_lib_slice_0_apk.apk --oat-file=/data/dalvik-cache/arm/data@app@com.qualcomm.ftcrobotcontroller-2@split_lib_slice_0_apk.apk@classes.dex) because non-0 exit status
10-04 20:03:17.543 14442 14442 I dex2oat : /system/bin/dex2oat --debuggable --dex-file=/data/app/com.qualcomm.ftcrobotcontroller-2/split_lib_slice_1_apk.apk --oat-file=/data/dalvik-cache/arm/data@app@com.qualcomm.ftcrobotcontroller-2@split_lib_slice_1_apk.apk@classes.dex
10-04 20:03:17.543 14442 14442 E dex2oat : Failed to create oat file: /data/dalvik-cache/arm/data@app@com.qualcomm.ftcrobotcontroller-2@split_lib_slice_1_apk.apk@classes.dex: Permission denied
10-04 20:03:17.543 14442 14442 I dex2oat : dex2oat took 707.552us (threads: 4) 
10-04 20:03:17.543 14352 14352 W art     : Failed execv(/system/bin/dex2oat --runtime-arg -classpath --runtime-arg  --debuggable --instruction-set=arm --instruction-set-features=smp,div,atomic_ldrd_strd --runtime-arg -Xrelocate --boot-image=/system/framework/boot.art --runtime-arg -Xms64m --runtime-arg -Xmx512m --instruction-set-variant=krait --instruction-set-features=default --dex-file=/data/app/com.qualcomm.ftcrobotcontroller-2/split_lib_slice_1_apk.apk --oat-file=/data/dalvik-cache/arm/data@app@com.qualcomm.ftcrobotcontroller-2@split_lib_slice_1_apk.apk@classes.dex) because non-0 exit status
10-04 20:03:17.613 14444 14444 I dex2oat : /system/bin/dex2oat --debuggable --dex-file=/data/app/com.qualcomm.ftcrobotcontroller-2/split_lib_slice_2_apk.apk --oat-file=/data/dalvik-cache/arm/data@app@com.qualcomm.ftcrobotcontroller-2@split_lib_slice_2_apk.apk@classes.dex
10-04 20:03:17.613 14444 14444 E dex2oat : Failed to create oat file: /data/dalvik-cache/arm/data@app@com.qualcomm.ftcrobotcontroller-2@split_lib_slice_2_apk.apk@classes.dex: Permission denied
10-04 20:03:17.613 14444 14444 I dex2oat : dex2oat took 684.427us (threads: 4) 
