10-04 19:56:05.013 11858 12005 I RobotCore: Expansion Hub Servo Controller                     Expansion Hub 2                USB DQ3MVHAL; module 2
10-04 19:56:05.013 11858 12005 I RobotCore: Expansion Hub Voltage Sensor                       Expansion Hub 2                USB DQ3MVHAL; module 2
10-04 19:56:05.013 11858 12005 I RobotCore: Expansion Hub Analog Input Controller              Expansion Hub 2                USB DQ3MVHAL; module 2
10-04 19:56:05.013 11858 12005 I RobotCore: Expansion Hub Digital Channel Controller           Expansion Hub 2                USB DQ3MVHAL; module 2
10-04 19:56:05.023 11858 12005 I RobotCore: Expansion Hub (HW: 20, Maj: 1, Min: 7, Eng: 2)     Expansion Hub 2                USB DQ3MVHAL; module 2
10-04 19:56:05.023 11858 12005 I RobotCore: REV Expansion Hub IMU                              imu                            USB DQ3MVHAL; module 2; bus 0; addr7=0x00
10-04 19:56:05.023 11858 12005 I RobotCore: Motor                                              leftMotor                      USB DQ3MVHAL; module 2; port 0
10-04 19:56:05.023 11858 12005 I RobotCore: Motor                                              rightMotor                     USB DQ3MVHAL; module 2; port 3
10-04 19:56:05.023 11858 12005 I RobotCore: REV Robotics USB Expansion Hub Portal              Expansion Hub Portal 1         USB DQ3MVHAL
10-04 19:56:05.023 11858 12005 I FtcEventLoop: ======= INIT FINISH =======
10-04 19:56:05.023 11858 12005 V RobotCore: EventLoopManager state is RUNNING
10-04 19:56:05.023 11858 12090 V MediaPlayer-JNI: reset
10-04 19:56:05.023 11858 12005 V RobotCore: Robot Status: running, starting robot
10-04 19:56:05.033 11858 12005 V RobotCore: Robot Status: running
10-04 19:56:05.033 11858 12090 V MediaPlayer-JNI: setDataSourceFD: fd 113
10-04 19:56:05.033 11858 12005 D Noah    : Detecting WiFi reset
10-04 19:56:05.033 11858 12005 V RobotCore: thread: ...terminating 'RobotSetupRunnable.run()'
10-04 19:56:05.043 11858 12107 V RobotCore: thread: 'opmode loop()' starting...
10-04 19:56:05.063 11858 11878 W MediaPlayer: info/warning (10973, 0)
10-04 19:56:05.063 11858 12090 V MediaPlayer-JNI: getDuration: 4506 (msec)
10-04 19:56:05.063 11858 12090 V SoundInfo: construct(0x02fd0670)
10-04 19:56:05.063 11858 12087 V Robocol : sending CMD_NOTIFY_ROBOT_STATE(52), attempt: 0
10-04 19:56:05.063 11858 12087 V Robocol : sending CMD_NOTIFY_ACTIVE_CONFIGURATION(54), attempt: 0
10-04 19:56:05.093 11858 12107 I RobotCore: Attempting to switch to op mode $Stop$Robot$
10-04 19:56:05.103 11858 12087 V Robocol : sending CMD_NOTIFY_USER_DEVICE_LIST(58), attempt: 0
10-04 19:56:05.113 11858 12087 V Robocol : sending CMD_NOTIFY_OP_MODE_LIST(59), attempt: 0
10-04 19:56:05.143 11858 11922 D SoundPlayer: onLoadComplete(samp=2|ms=4506, samp=2)=0
10-04 19:56:05.143 11858 12087 V Robocol : sending CMD_NOTIFY_INIT_OP_MODE(63), attempt: 0
10-04 19:56:05.693 11858 12113 D SoundPlayer: playing volume=1.000000 samp=2|ms=4506
10-04 19:56:05.703 11858 12087 V Robocol : sending CMD_PLAY_SOUND(74), attempt: 0
10-04 19:58:47.643 12879 12879 W SELinux : SELinux: seapp_context_lookup: seinfo=default, level=s0:c512,c768, pkgname=com.qualcomm.ftcrobotcontroller 
10-04 19:58:47.693 12879 12879 D TimaKeyStoreProvider: TimaSignature is unavailable
10-04 19:58:47.693 12879 12879 D ActivityThread: Added TimaKeyStore provider
10-04 19:58:47.743 12879 12879 W ResourcesManager: getTopLevelResources: /data/app/com.qualcomm.ftcrobotcontroller-1/base.apk / 1.0 running in com.qualcomm.ftcrobotcontroller rsrc of package null
10-04 19:58:47.843 12892 12892 I dex2oat : /system/bin/dex2oat --debuggable --dex-file=/data/app/com.qualcomm.ftcrobotcontroller-1/split_lib_dependencies_apk.apk --oat-file=/data/dalvik-cache/arm/data@app@com.qualcomm.ftcrobotcontroller-1@split_lib_dependencies_apk.apk@classes.dex
10-04 19:58:47.843 12892 12892 E dex2oat : Failed to create oat file: /data/dalvik-cache/arm/data@app@com.qualcomm.ftcrobotcontroller-1@split_lib_dependencies_apk.apk@classes.dex: Permission denied
10-04 19:58:47.843 12892 12892 I dex2oat : dex2oat took 1.209ms (threads: 4) 
10-04 19:58:47.853 12879 12879 W art     : Failed execv(/system/bin/dex2oat --runtime-arg -classpath --runtime-arg  --debuggable --instruction-set=arm --instruction-set-features=smp,div,atomic_ldrd_strd --runtime-arg -Xrelocate --boot-image=/system/framework/boot.art --runtime-arg -Xms64m --runtime-arg -Xmx512m --instruction-set-variant=krait --instruction-set-features=default --dex-file=/data/app/com.qualcomm.ftcrobotcontroller-1/split_lib_dependencies_apk.apk --oat-file=/data/dalvik-cache/arm/data@app@com.qualcomm.ftcrobotcontroller-1@split_lib_dependencies_apk.apk@classes.dex) because non-0 exit status
10-04 19:58:48.323 12894 12894 I dex2oat : /system/bin/dex2oat --debuggable --dex-file=/data/app/com.qualcomm.ftcrobotcontroller-1/split_lib_slice_0_apk.apk --oat-file=/data/dalvik-cache/arm/data@app@com.qualcomm.ftcrobotcontroller-1@split_lib_slice_0_apk.apk@classes.dex
10-04 19:58:48.323 12894 12894 E dex2oat : Failed to create oat file: /data/dalvik-cache/arm/data@app@com.qualcomm.ftcrobotcontroller-1@split_lib_slice_0_apk.apk@classes.dex: Permission denied
10-04 19:58:48.323 12894 12894 I dex2oat : dex2oat took 650.364us (threads: 4) 
10-04 19:58:48.333 12879 12879 W art     : Failed execv(/system/bin/dex2oat --runtime-arg -classpath --runtime-arg  --debuggable --instruction-set=arm --instruction-set-features=smp,div,atomic_ldrd_strd --runtime-arg -Xrelocate --boot-image=/system/framework/boot.art --runtime-arg -Xms64m --runtime-arg -Xmx512m --instruction-set-variant=krait --instruction-set-features=default --dex-file=/data/app/com.qualcomm.ftcrobotcontroller-1/split_lib_slice_0_apk.apk --oat-file=/data/dalvik-cache/arm/data@app@com.qualcomm.ftcrobotcontroller-1@split_lib_slice_0_apk.apk@classes.dex) because non-0 exit status
10-04 19:58:48.383 12896 12896 I dex2oat : /system/bin/dex2oat --debuggable --dex-file=/data/app/com.qualcomm.ftcrobotcontroller-1/split_lib_slice_1_apk.apk --oat-file=/data/dalvik-cache/arm/data@app@com.qualcomm.ftcrobotcontroller-1@split_lib_slice_1_apk.apk@classes.dex
10-04 19:58:48.383 12896 12896 E dex2oat : Failed to create oat file: /data/dalvik-cache/arm/data@app@com.qualcomm.ftcrobotcontroller-1@split_lib_slice_1_apk.apk@classes.dex: Permission denied
10-04 19:58:48.383 12896 12896 I dex2oat : dex2oat took 740.730us (threads: 4) 
10-04 19:58:48.383 12879 12879 W art     : Failed execv(/system/bin/dex2oat --runtime-arg -classpath --runtime-arg  --debuggable --instruction-set=arm --instruction-set-features=smp,div,atomic_ldrd_strd --runtime-arg -Xrelocate --boot-image=/system/framework/boot.art --runtime-arg -Xms64m --runtime-arg -Xmx512m --instruction-set-variant=krait --instruction-set-features=default --dex-file=/data/app/com.qualcomm.ftcrobotcontroller-1/split_lib_slice_1_apk.apk --oat-file=/data/dalvik-cache/arm/data@app@com.qualcomm.ftcrobotcontroller-1@split_lib_slice_1_apk.apk@classes.dex) because non-0 exit status
10-04 19:58:48.443 12899 12899 I dex2oat : /system/bin/dex2oat --debuggable --dex-file=/data/app/com.qualcomm.ftcrobotcontroller-1/split_lib_slice_2_apk.apk --oat-file=/data/dalvik-cache/arm/data@app@com.qualcomm.ftcrobotcontroller-1@split_lib_slice_2_apk.apk@classes.dex
10-04 19:58:48.443 12899 12899 E dex2oat : Failed to create oat file: /data/dalvik-cache/arm/data@app@com.qualcomm.ftcrobotcontroller-1@split_lib_slice_2_apk.apk@classes.dex: Permission denied
10-04 19:58:48.443 12899 12899 I dex2oat : dex2oat took 812.708us (threads: 4) 
10-04 19:58:48.443 12879 12879 W art     : Failed execv(/system/bin/dex2oat --runtime-arg -classpath --runtime-arg  --debuggable --instruction-set=arm --instruction-set-features=smp,div,atomic_ldrd_strd --runtime-arg -Xrelocate --boot-image=/system/framework/boot.art --runtime-arg -Xms64m --runtime-arg -Xmx512m --instruction-set-variant=krait --instruction-set-features=default --dex-file=/data/app/com.qualcomm.ftcrobotcontroller-1/split_lib_slice_2_apk.apk --oat-file=/data/dalvik-cache/arm/data@app@com.qualcomm.ftcrobotcontroller-1@split_lib_slice_2_apk.apk@classes.dex) because non-0 exit status
10-04 19:58:48.503 12902 12902 I dex2oat : /system/bin/dex2oat --debuggable --dex-file=/data/app/com.qualcomm.ftcrobotcontroller-1/split_lib_slice_3_apk.apk --oat-file=/data/dalvik-cache/arm/data@app@com.qualcomm.ftcrobotcontroller-1@split_lib_slice_3_apk.apk@classes.dex
10-04 19:58:48.503 12902 12902 E dex2oat : Failed to create oat file: /data/dalvik-cache/arm/data@app@com.qualcomm.ftcrobotcontroller-1@split_lib_slice_3_apk.apk@classes.dex: Permission denied
10-04 19:58:48.503 12902 12902 I dex2oat : dex2oat took 724.271us (threads: 4) 
10-04 19:58:48.503 12879 12879 W art     : Failed execv(/system/bin/dex2oat --runtime-arg -classpath --runtime-arg  --debuggable --instruction-set=arm --instruction-set-features=smp,div,atomic_ldrd_strd --runtime-arg -Xrelocate --boot-image=/system/framework/boot.art --runtime-arg -Xms64m --runtime-arg -Xmx512m --instruction-set-variant=krait --instruction-set-features=default --dex-file=/data/app/com.qualcomm.ftcrobotcontroller-1/split_lib_slice_3_apk.apk --oat-file=/data/dalvik-cache/arm/data@app@com.qualcomm.ftcrobotcontroller-1@split_lib_slice_3_apk.apk@classes.dex) because non-0 exit status
10-04 19:58:48.563 12904 12904 I dex2oat : /system/bin/dex2oat --debuggable --dex-file=/data/app/com.qualcomm.ftcrobotcontroller-1/split_lib_slice_4_apk.apk --oat-file=/data/dalvik-cache/arm/data@app@com.qualcomm.ftcrobotcontroller-1@split_lib_slice_4_apk.apk@classes.dex
10-04 19:58:48.563 12904 12904 E dex2oat : Failed to create oat file: /data/dalvik-cache/arm/data@app@com.qualcomm.ftcrobotcontroller-1@split_lib_slice_4_apk.apk@classes.dex: Permission denied
10-04 19:58:48.563 12904 12904 I dex2oat : dex2oat took 795.885us (threads: 4) 
10-04 19:58:48.573 12879 12879 W art     : Failed execv(/system/bin/dex2oat --runtime-arg -classpath --runtime-arg  --debuggable --instruction-set=arm --instruction-set-features=smp,div,atomic_ldrd_strd --runtime-arg -Xrelocate --boot-image=/system/framework/boot.art --runtime-arg -Xms64m --runtime-arg -Xmx512m --instruction-set-variant=krait --instruction-set-features=default --dex-file=/data/app/com.qualcomm.ftcrobotcontroller-1/split_lib_slice_4_apk.apk --oat-file=/data/dalvik-cache/arm/data@app@com.qualcomm.ftcrobotcontroller-1@split_lib_slice_4_apk.apk@classes.dex) because non-0 exit status
10-04 19:58:48.623 12906 12906 I dex2oat : /system/bin/dex2oat --debuggable --dex-file=/data/app/com.qualcomm.ftcrobotcontroller-1/split_lib_slice_6_apk.apk --oat-file=/data/dalvik-cache/arm/data@app@com.qualcomm.ftcrobotcontroller-1@split_lib_slice_6_apk.apk@classes.dex
10-04 19:58:48.623 12906 12906 E dex2oat : Failed to create oat file: /data/dalvik-cache/arm/data@app@com.qualcomm.ftcrobotcontroller-1@split_lib_slice_6_apk.apk@classes.dex: Permission denied
10-04 19:58:48.623 12906 12906 I dex2oat : dex2oat took 753.698us (threads: 4) 
10-04 19:58:48.623 12879 12879 W art     : Failed execv(/system/bin/dex2oat --runtime-arg -classpath --runtime-arg  --debuggable --instruction-set=arm --instruction-set-features=smp,div,atomic_ldrd_strd --runtime-arg -Xrelocate --boot-image=/system/framework/boot.art --runtime-arg -Xms64m --runtime-arg -Xmx512m --instruction-set-variant=krait --instruction-set-features=default --dex-file=/data/app/com.qualcomm.ftcrobotcontroller-1/split_lib_slice_6_apk.apk --oat-file=/data/dalvik-cache/arm/data@app@com.qualcomm.ftcrobotcontroller-1@split_lib_slice_6_apk.apk@classes.dex) because non-0 exit status
10-04 19:58:48.683 12908 12908 I dex2oat : /system/bin/dex2oat --debuggable --dex-file=/data/app/com.qualcomm.ftcrobotcontroller-1/split_lib_slice_7_apk.apk --oat-file=/data/dalvik-cache/arm/data@app@com.qualcomm.ftcrobotcontroller-1@split_lib_slice_7_apk.apk@classes.dex
10-04 19:58:48.683 12908 12908 E dex2oat : Failed to create oat file: /data/dalvik-cache/arm/data@app@com.qualcomm.ftcrobotcontroller-1@split_lib_slice_7_apk.apk@classes.dex: Permission denied
10-04 19:58:48.683 12908 12908 I dex2oat : dex2oat took 900.677us (threads: 4) 
10-04 19:58:48.683 12879 12879 W art     : Failed execv(/system/bin/dex2oat --runtime-arg -classpath --runtime-arg  --debuggable --instruction-set=arm --instruction-set-features=smp,div,atomic_ldrd_strd --runtime-arg -Xrelocate --boot-image=/system/framework/boot.art --runtime-arg -Xms64m --runtime-arg -Xmx512m --instruction-set-variant=krait --instruction-set-features=default --dex-file=/data/app/com.qualcomm.ftcrobotcontroller-1/split_lib_slice_7_apk.apk --oat-file=/data/dalvik-cache/arm/data@app@com.qualcomm.ftcrobotcontroller-1@split_lib_slice_7_apk.apk@classes.dex) because non-0 exit status
10-04 19:58:48.743 12910 12910 I dex2oat : /system/bin/dex2oat --debuggable --dex-file=/data/app/com.qualcomm.ftcrobotcontroller-1/split_lib_slice_8_apk.apk --oat-file=/data/dalvik-cache/arm/data@app@com.qualcomm.ftcrobotcontroller-1@split_lib_slice_8_apk.apk@classes.dex
10-04 19:58:48.743 12910 12910 E dex2oat : Failed to create oat file: /data/dalvik-cache/arm/data@app@com.qualcomm.ftcrobotcontroller-1@split_lib_slice_8_apk.apk@classes.dex: Permission denied
10-04 19:58:48.743 12910 12910 I dex2oat : dex2oat took 996.406us (threads: 4) 
10-04 19:58:48.743 12879 12879 W art     : Failed execv(/system/bin/dex2oat --runtime-arg -classpath --runtime-arg  --debuggable --instruction-set=arm --instruction-set-features=smp,div,atomic_ldrd_strd --runtime-arg -Xrelocate --boot-image=/system/framework/boot.art --runtime-arg -Xms64m --runtime-arg -Xmx512m --instruction-set-variant=krait --instruction-set-features=default --dex-file=/data/app/com.qualcomm.ftcrobotcontroller-1/split_lib_slice_8_apk.apk --oat-file=/data/dalvik-cache/arm/data@app@com.qualcomm.ftcrobotcontroller-1@split_lib_slice_8_apk.apk@classes.dex) because non-0 exit status
10-04 19:58:48.803 12912 12912 I dex2oat : /system/bin/dex2oat --debuggable --dex-file=/data/app/com.qualcomm.ftcrobotcontroller-1/split_lib_slice_9_apk.apk --oat-file=/data/dalvik-cache/arm/data@app@com.qualcomm.ftcrobotcontroller-1@split_lib_slice_9_apk.apk@classes.dex
10-04 19:58:48.803 12912 12912 E dex2oat : Failed to create oat file: /data/dalvik-cache/arm/data@app@com.qualcomm.ftcrobotcontroller-1@split_lib_slice_9_apk.apk@classes.dex: Permission denied
10-04 19:58:48.803 12912 12912 I dex2oat : dex2oat took 1.264ms (threads: 4) 
10-04 19:58:48.803 12879 12879 W art     : Failed execv(/system/bin/dex2oat --runtime-arg -classpath --runtime-arg  --debuggable --instruction-set=arm --instruction-set-features=smp,div,atomic_ldrd_strd --runtime-arg -Xrelocate --boot-image=/system/framework/boot.art --runtime-arg -Xms64m --runtime-arg -Xmx512m --instruction-set-variant=krait --instruction-set-features=default --dex-file=/data/app/com.qualcomm.ftcrobotcontroller-1/split_lib_slice_9_apk.apk --oat-file=/data/dalvik-cache/arm/data@app@com.qualcomm.ftcrobotcontroller-1@split_lib_slice_9_apk.apk@classes.dex) because non-0 exit status
10-04 19:58:48.823 12879 12879 I InstantRun: starting instant run server: is main process
10-04 19:58:48.883 12879 12879 D Uvc     : [jni.cpp:72] JNI_OnLoad()...
10-04 19:58:48.883 12879 12879 D Uvc     : [JniEnv.h:32] ScopedJniEnv::onJniLoad()...
10-04 19:58:48.883 12879 12879 D Uvc     : [JniEnv.h:32] ...ScopedJniEnv::onJniLoad()
10-04 19:58:48.883 12879 12879 D Uvc     : [jni.cpp:72] ...JNI_OnLoad()
10-04 19:58:48.893 12879 12879 V AppUtil : initializing: getExternalStorageDirectory()=/storage/emulated/0
10-04 19:58:48.903 12879 12879 I AppUtil : found usbFileSystemRoot: /dev/bus/usb
10-04 19:58:48.903 12879 12916 V RobotCore: saving logcat to /storage/emulated/0/robotControllerLog.txt
10-04 19:58:48.903 12879 12916 V RobotCore: logging command line: exec logcat -f /storage/emulated/0/robotControllerLog.txt -r4096 -n4 -v threadtime UsbRequestJNI:S UsbRequest:S art:W ThreadPool:W System:W ExtendedExtractor:W OMXClient:W MediaPlayer:W dalvikvm:W  *:V
10-04 19:58:48.933 12879 12879 W ResourcesManager: getTopLevelResources: /data/app/com.qualcomm.ftcrobotcontroller-1/base.apk / 1.0 running in com.qualcomm.ftcrobotcontroller rsrc of package null
10-04 19:58:48.933 12879 12879 W ResourcesManager: getTopLevelResources: /data/app/com.qualcomm.ftcrobotcontroller-1/base.apk / 1.0 running in com.qualcomm.ftcrobotcontroller rsrc of package null
10-04 19:58:48.953 12879 12879 V AppUtil : rootActivity=PermissionValidatorWrapper
10-04 19:58:48.953 12879 12879 I PermissionValidatorActivity: onCreate
10-04 19:58:49.063 12879 12916 I RobotCore: Done running ps
10-04 19:58:49.173 12879 12879 I PermissionValidatorActivity: onStart
10-04 19:58:49.173 12879 12879 I PermissionValidator: Checking permission for android.permission.WRITE_EXTERNAL_STORAGE
10-04 19:58:49.183 12879 12879 I PermissionValidator:     Granted: android.permission.WRITE_EXTERNAL_STORAGE
10-04 19:58:49.183 12879 12879 I PermissionValidator: Checking permission for android.permission.READ_EXTERNAL_STORAGE
10-04 19:58:49.183 12879 12879 I PermissionValidator:     Granted: android.permission.READ_EXTERNAL_STORAGE
10-04 19:58:49.183 12879 12879 I PermissionValidator: Checking permission for android.permission.CAMERA
10-04 19:58:49.183 12879 12879 I PermissionValidator:     Granted: android.permission.CAMERA
10-04 19:58:49.183 12879 12879 I PermissionValidator: Checking permission for android.permission.ACCESS_COARSE_LOCATION
10-04 19:58:49.183 12879 12879 I PermissionValidator:     Granted: android.permission.ACCESS_COARSE_LOCATION
10-04 19:58:49.183 12879 12879 V ServiceStarter: attempting to start service MediaTransferProtocolMonitorService
10-04 19:58:49.193 12879 12879 V ServiceStarter: started service MediaTransferProtocolMonitorService
10-04 19:58:49.193 12879 12879 V ServiceStarter: attempting to start service OnBotJavaService
10-04 19:58:49.193 12879 12879 V ServiceStarter: started service OnBotJavaService
10-04 19:58:49.193 12879 12879 I PermissionValidatorActivity: All permissions validated.  Starting RobotController
10-04 19:58:49.223 12879 12879 I Timeline: Timeline: Activity_launch_request id:com.qualcomm.ftcrobotcontroller time:18696771
10-04 19:58:49.233 12879 12879 V MTPMonitorService: onCreate()
10-04 19:58:49.243 12879 12879 V MTPMonitorService: onStartCommand() intent=Intent { cmp=com.qualcomm.ftcrobotcontroller/org.firstinspires.ftc.robotcore.internal.files.MediaTransferProtocolMonitorService } flags=0x0 startId=1
10-04 19:58:49.253 12879 12879 V MTPMonitor: observing: /storage/emulated/0
10-04 19:58:49.443 12879 12879 V OnBotJavaService: onCreate()
10-04 19:58:49.443 12879 12879 V OnBotJavaService: onStartCommand() intent=Intent { cmp=com.qualcomm.ftcrobotcontroller/org.firstinspires.ftc.onbotjava.OnBotJavaService } flags=0x0 startId=1
10-04 19:58:49.443 12879 12879 V OnBotJava: OnBotJavaManager::static
10-04 19:58:49.453 12879 12879 E File    : fail readDirectory() errno=20
10-04 19:58:49.453 12879 12879 W System.err: stat failed: ENOENT (No such file or directory) : java/android.jar
10-04 19:58:49.533 12879 12879 W System.err: stat failed: ENOENT (No such file or directory) : java/onbotjava-classes.jar
10-04 19:58:49.613 12879 12879 V OnBotJava: ctor()...
10-04 19:58:49.613 12879 12879 V OnBotJava: ...ctor()
10-04 19:58:49.633 12879 12879 V RCActivity: Permissions validated already
10-04 19:58:49.633 12879 12879 V RCActivity: onCreate()
10-04 19:58:49.633 12879 12879 V RCActivity: rootActivity is of class PermissionValidatorWrapper
10-04 19:58:49.633 12879 12879 W ResourcesManager: getTopLevelResources: /data/app/com.qualcomm.ftcrobotcontroller-1/base.apk / 1.0 running in com.qualcomm.ftcrobotcontroller rsrc of package null
10-04 19:58:49.643 12879 12879 V RCActivity: launchActivity is of class class org.firstinspires.ftc.robotcontroller.internal.PermissionValidatorWrapper
10-04 19:58:49.663 12879 12931 V CallbackLooper: thread=2608
10-04 19:58:49.663 12879 12879 V NetDiscover_wifiDirectAgent: doStart()...
10-04 19:58:49.663 12879 12931 V NetDiscover_wifiDirectAgent_bcast: wifiP2pEnabled=true
10-04 19:58:49.673 12879 12879 V NetDiscover_wifiDirectAgent: ...doStart()
10-04 19:58:49.673 12879 12879 V NetDiscover_name: doStart()...
10-04 19:58:49.673 12879 12879 V NetDiscover_name: ...doStart()
10-04 19:58:49.673 12879 12931 D NetDiscover_wifiDirectAgent_bcast: connection changed: networkInfo.state=CONNECTED
10-04 19:58:49.673 12879 12931 V NetDiscover_wifiDirectAgent_bcast: NetworkInfo: [type: WIFI_P2P[] - WIFI_P2P, state: CONNECTED/CONNECTED, reason: (unspecified), extra: (none), roaming: false, failover: false, isAvailable: true]
10-04 19:58:49.673 12879 12931 V NetDiscover_wifiDirectAgent_bcast: WifiP2pInfo: groupFormed: true isGroupOwner: true groupOwnerAddress: /192.168.49.1
10-04 19:58:49.673 12879 12931 V NetDiscover_wifiDirectAgent_bcast: WifiP2pGroup: network: DIRECT-7w-14353-RC, isGO: true, GO: Device: [Phone] 14353-RC, deviceAddress: 62:f1:89:92:f8:36, primary type: 10-0050F204-5, secondary type: null, wps: 0, grpcapab: 0, devcapab: 0, status: 3, wfdInfo: null, groupownerAddress: null, GOdeviceName: null, interfaceAddress: , SConnectInfo : null, contactInfoHash : null, ssDevInfo : 0, iconIdx : 0, Client: Device: [Phone] 14353-DS, deviceAddress: 92:b6:86:c4:11:68, primary type: 10-0050F204-5, secondary type: null, wps: 392, grpcapab: 0, devcapab: 37, status: 0, wfdInfo: null, groupownerAddress: null, GOdeviceName: null, interfaceAddress: , SConnectInfo : null, contactInfoHash : null, ssDevInfo : 1, iconIdx : 256, interface: p2p-wlan0-0, frequency: 2437, networkId: -1
10-04 19:58:49.673 12879 12931 V NetDiscover_wifiDirectAgent_bcast: this device changed: Device=[Phone] 14353-RC deviceAddress=62:f1:89:92:f8:36 primary type=10-0050F204-5 secondary type=null wps=0 grpcapab=0 devcapab=0 status=0 wfdInfo=null groupownerAddress=null GOdeviceName=null interfaceAddress= SConnectInfo =null contactInfoHash =null ssDevInfo =0 iconIdx =0
10-04 19:58:49.673 12879 12879 V NetDiscover_prefremrc: ----- all preferences -----
10-04 19:58:49.673 12879 12879 V NetDiscover_prefremrc: name='pref_wifip2p_groupowner_connectedto' value=[Phone] 14353-RC
10-04 19:58:49.673 12879 12879 V NetDiscover_prefremrc: name='pref_has_speaker' value=true
10-04 19:58:49.673 12879 12879 V NetDiscover_prefremrc: name='android.permission.ACCESS_COARSE_LOCATION' value=false
10-04 19:58:49.673 12879 12879 V NetDiscover_prefremrc: name='variations_seed_native_stored' value=true
10-04 19:58:49.673 12879 12879 V NetDiscover_prefremrc: name='android.permission.WRITE_EXTERNAL_STORAGE' value=false
10-04 19:58:49.673 12879 12879 V NetDiscover_prefremrc: name='pref_pairing_kind' value=WIFIDIRECT
10-04 19:58:49.673 12879 12879 V NetDiscover_prefremrc: name='pref_has_independent_phone_battery' value=true
10-04 19:58:49.673 12879 12879 V NetDiscover_prefremrc: name='pref_app_theme' value=red
10-04 19:58:49.673 12879 12879 V NetDiscover_prefremrc: name='android.permission.CAMERA' value=false
10-04 19:58:49.673 12879 12879 V NetDiscover_prefremrc: name='pref_wifip2p_remote_channel_change_works' value=true
10-04 19:58:49.673 12879 12879 V NetDiscover_prefremrc: name='pref_hardware_config_filename' value={"isDirty":false,"location":"LOCAL_STORAGE","name":"babybot","resourceId":0}
10-04 19:58:49.673 12879 12879 V NetDiscover_prefremrc: name='pref_device_name' value=[Phone] 14353-RC
10-04 19:58:49.673 12879 12879 V NetDiscover_prefremrc: name='pref_device_name_old' value=[Phone] 14353-RC
10-04 19:58:49.673 12879 12879 V NetDiscover_prefremrc: name='pref_device_name_tracking' value=WIFIDIRECT
10-04 19:58:49.673 12879 12879 V NetDiscover_prefremrc: name='android.permission.READ_EXTERNAL_STORAGE' value=false
10-04 19:58:49.673 12879 12879 V NetDiscover_prefremrc: name='pref_wifip2p_channel' value=0
10-04 19:58:49.673 12879 12879 V NetDiscover_prefremrc: name='pref_sound_on_off' value=true
10-04 19:58:49.673 12879 12879 V NetDiscover_prefremrc: name='pref_rc_connected' value=true
10-04 19:58:49.673 12879 12879 V NetDiscover_prefremrc: doStart()...
10-04 19:58:49.673 12879 12879 V NetDiscover_prefremrc: ...doStart()
10-04 19:58:49.673 12879 12931 V NetDiscover_name: remembering wifiDirectName: [Phone] 14353-RC...
10-04 19:58:49.673 12879 12931 V NetDiscover_name: wifiDirectName=[Phone] 14353-RC
10-04 19:58:49.673 12879 12931 V NetDiscover_name: ...remembering wifiDirectName
10-04 19:58:49.673 12879 12931 V NetDiscover_wifiDirectAgent_bcast: p2p discoverPeers()=false
10-04 19:58:49.673 12879 12931 V NetDiscover_wifiDirectAgent_bcast: wifi direct remembered groups cleared
10-04 19:58:49.693 12879 12931 V Robocol : SendOnceRunnable created
10-04 19:58:49.693 12879 12931 V NetDiscover_wifiDirectAgent_bcast: wifiState=ENABLED
10-04 19:58:49.703 12879 12879 I WebViewFactory: Loading com.google.android.webview version 70.0.3538.80 (code 353808000)
10-04 19:58:49.743 12879 12879 W ResourcesManager: getTopLevelResources: /data/app/com.google.android.webview-1/base.apk / 1.0 running in com.qualcomm.ftcrobotcontroller rsrc of package null
10-04 19:58:49.783 12879 12879 I cr_LibraryLoader: Time to load native libraries: 2 ms (timestamps 7330-7332)
10-04 19:58:49.823 12879 12879 I chromium: [INFO:library_loader_hooks.cc(36)] Chromium logging enabled: level = 0, default verbosity = 0
10-04 19:58:49.823 12879 12879 I cr_LibraryLoader: Expected native library version number "70.0.3538.80", actual native library version number "70.0.3538.80"
10-04 19:58:49.853 12879 12879 I cr_BrowserStartup: Initializing chromium process, singleProcess=true
10-04 19:58:49.903 12879 12879 D SecWifiDisplayUtil: Metadata value : none
10-04 19:58:49.943 12879 12879 D ConnectivityManager: requestNetwork; getAppId(CallingUid) : 10208, CallingPid : 12879
10-04 19:58:50.173 12956 12956 I dex2oat : /system/bin/dex2oat --debuggable --dex-file=/data/app/com.qualcomm.ftcrobotcontroller-1/split_lib_dependencies_apk.apk --oat-file=/data/dalvik-cache/arm/data@app@com.qualcomm.ftcrobotcontroller-1@split_lib_dependencies_apk.apk@classes.dex
10-04 19:58:50.173 12956 12956 E dex2oat : Failed to create oat file: /data/dalvik-cache/arm/data@app@com.qualcomm.ftcrobotcontroller-1@split_lib_dependencies_apk.apk@classes.dex: Permission denied
10-04 19:58:50.173 12956 12956 I dex2oat : dex2oat took 964.271us (threads: 4) 
10-04 19:58:50.183 12879 12879 W art     : Failed execv(/system/bin/dex2oat --runtime-arg -classpath --runtime-arg  --debuggable --instruction-set=arm --instruction-set-features=smp,div,atomic_ldrd_strd --runtime-arg -Xrelocate --boot-image=/system/framework/boot.art --runtime-arg -Xms64m --runtime-arg -Xmx512m --instruction-set-variant=krait --instruction-set-features=default --dex-file=/data/app/com.qualcomm.ftcrobotcontroller-1/split_lib_dependencies_apk.apk --oat-file=/data/dalvik-cache/arm/data@app@com.qualcomm.ftcrobotcontroller-1@split_lib_dependencies_apk.apk@classes.dex) because non-0 exit status
10-04 19:58:50.683 12959 12959 I dex2oat : /system/bin/dex2oat --debuggable --dex-file=/data/app/com.qualcomm.ftcrobotcontroller-1/split_lib_slice_0_apk.apk --oat-file=/data/dalvik-cache/arm/data@app@com.qualcomm.ftcrobotcontroller-1@split_lib_slice_0_apk.apk@classes.dex
10-04 19:58:50.683 12959 12959 E dex2oat : Failed to create oat file: /data/dalvik-cache/arm/data@app@com.qualcomm.ftcrobotcontroller-1@split_lib_slice_0_apk.apk@classes.dex: Permission denied
10-04 19:58:50.683 12959 12959 I dex2oat : dex2oat took 628.959us (threads: 4) 
10-04 19:58:50.683 12879 12879 W art     : Failed execv(/system/bin/dex2oat --runtime-arg -classpath --runtime-arg  --debuggable --instruction-set=arm --instruction-set-features=smp,div,atomic_ldrd_strd --runtime-arg -Xrelocate --boot-image=/system/framework/boot.art --runtime-arg -Xms64m --runtime-arg -Xmx512m --instruction-set-variant=krait --instruction-set-features=default --dex-file=/data/app/com.qualcomm.ftcrobotcontroller-1/split_lib_slice_0_apk.apk --oat-file=/data/dalvik-cache/arm/data@app@com.qualcomm.ftcrobotcontroller-1@split_lib_slice_0_apk.apk@classes.dex) because non-0 exit status
10-04 19:58:50.753 12961 12961 I dex2oat : /system/bin/dex2oat --debuggable --dex-file=/data/app/com.qualcomm.ftcrobotcontroller-1/split_lib_slice_1_apk.apk --oat-file=/data/dalvik-cache/arm/data@app@com.qualcomm.ftcrobotcontroller-1@split_lib_slice_1_apk.apk@classes.dex
10-04 19:58:50.753 12961 12961 E dex2oat : Failed to create oat file: /data/dalvik-cache/arm/data@app@com.qualcomm.ftcrobotcontroller-1@split_lib_slice_1_apk.apk@classes.dex: Permission denied
10-04 19:58:50.753 12961 12961 I dex2oat : dex2oat took 653.333us (threads: 4) 
10-04 19:58:50.753 12879 12879 W art     : Failed execv(/system/bin/dex2oat --runtime-arg -classpath --runtime-arg  --debuggable --instruction-set=arm --instruction-set-features=smp,div,atomic_ldrd_strd --runtime-arg -Xrelocate --boot-image=/system/framework/boot.art --runtime-arg -Xms64m --runtime-arg -Xmx512m --instruction-set-variant=krait --instruction-set-features=default --dex-file=/data/app/com.qualcomm.ftcrobotcontroller-1/split_lib_slice_1_apk.apk --oat-file=/data/dalvik-cache/arm/data@app@com.qualcomm.ftcrobotcontroller-1@split_lib_slice_1_apk.apk@classes.dex) because non-0 exit status
10-04 19:58:50.823 12964 12964 I dex2oat : /system/bin/dex2oat --debuggable --dex-file=/data/app/com.qualcomm.ftcrobotcontroller-1/split_lib_slice_2_apk.apk --oat-file=/data/dalvik-cache/arm/data@app@com.qualcomm.ftcrobotcontroller-1@split_lib_slice_2_apk.apk@classes.dex
10-04 19:58:50.823 12964 12964 E dex2oat : Failed to create oat file: /data/dalvik-cache/arm/data@app@com.qualcomm.ftcrobotcontroller-1@split_lib_slice_2_apk.apk@classes.dex: Permission denied
10-04 19:58:50.823 12964 12964 I dex2oat : dex2oat took 1.114ms (threads: 4) 
10-04 19:58:50.833 12879 12879 W art     : Failed execv(/system/bin/dex2oat --runtime-arg -classpath --runtime-arg  --debuggable --instruction-set=arm --instruction-set-features=smp,div,atomic_ldrd_strd --runtime-arg -Xrelocate --boot-image=/system/framework/boot.art --runtime-arg -Xms64m --runtime-arg -Xmx512m --instruction-set-variant=krait --instruction-set-features=default --dex-file=/data/app/com.qualcomm.ftcrobotcontroller-1/split_lib_slice_2_apk.apk --oat-file=/data/dalvik-cache/arm/data@app@com.qualcomm.ftcrobotcontroller-1@split_lib_slice_2_apk.apk@classes.dex) because non-0 exit status
10-04 19:58:50.903 12966 12966 I dex2oat : /system/bin/dex2oat --debuggable --dex-file=/data/app/com.qualcomm.ftcrobotcontroller-1/split_lib_slice_3_apk.apk --oat-file=/data/dalvik-cache/arm/data@app@com.qualcomm.ftcrobotcontroller-1@split_lib_slice_3_apk.apk@classes.dex
10-04 19:58:50.903 12966 12966 E dex2oat : Failed to create oat file: /data/dalvik-cache/arm/data@app@com.qualcomm.ftcrobotcontroller-1@split_lib_slice_3_apk.apk@classes.dex: Permission denied
10-04 19:58:50.903 12966 12966 I dex2oat : dex2oat took 661.094us (threads: 4) 
10-04 19:58:50.903 12879 12879 W art     : Failed execv(/system/bin/dex2oat --runtime-arg -classpath --runtime-arg  --debuggable --instruction-set=arm --instruction-set-features=smp,div,atomic_ldrd_strd --runtime-arg -Xrelocate --boot-image=/system/framework/boot.art --runtime-arg -Xms64m --runtime-arg -Xmx512m --instruction-set-variant=krait --instruction-set-features=default --dex-file=/data/app/com.qualcomm.ftcrobotcontroller-1/split_lib_slice_3_apk.apk --oat-file=/data/dalvik-cache/arm/data@app@com.qualcomm.ftcrobotcontroller-1@split_lib_slice_3_apk.apk@classes.dex) because non-0 exit status
10-04 19:58:50.983 12968 12968 I dex2oat : /system/bin/dex2oat --debuggable --dex-file=/data/app/com.qualcomm.ftcrobotcontroller-1/split_lib_slice_4_apk.apk --oat-file=/data/dalvik-cache/arm/data@app@com.qualcomm.ftcrobotcontroller-1@split_lib_slice_4_apk.apk@classes.dex
10-04 19:58:50.983 12968 12968 E dex2oat : Failed to create oat file: /data/dalvik-cache/arm/data@app@com.qualcomm.ftcrobotcontroller-1@split_lib_slice_4_apk.apk@classes.dex: Permission denied
10-04 19:58:50.983 12968 12968 I dex2oat : dex2oat took 728.489us (threads: 4) 
10-04 19:58:50.983 12879 12879 W art     : Failed execv(/system/bin/dex2oat --runtime-arg -classpath --runtime-arg  --debuggable --instruction-set=arm --instruction-set-features=smp,div,atomic_ldrd_strd --runtime-arg -Xrelocate --boot-image=/system/framework/boot.art --runtime-arg -Xms64m --runtime-arg -Xmx512m --instruction-set-variant=krait --instruction-set-features=default --dex-file=/data/app/com.qualcomm.ftcrobotcontroller-1/split_lib_slice_4_apk.apk --oat-file=/data/dalvik-cache/arm/data@app@com.qualcomm.ftcrobotcontroller-1@split_lib_slice_4_apk.apk@classes.dex) because non-0 exit status
10-04 19:58:50.993 12879 12879 E InstantRunHelper: Error accessing apk file: /data/app/com.qualcomm.ftcrobotcontroller-1/split_lib_slice_5_apk.apk, IOException: java.io.IOException: No original dex files found for dex location /data/app/com.qualcomm.ftcrobotcontroller-1/split_lib_slice_5_apk.apk
10-04 19:58:50.993 12879 12879 E InstantRunHelper: java.io.IOException: No original dex files found for dex location /data/app/com.qualcomm.ftcrobotcontroller-1/split_lib_slice_5_apk.apk
10-04 19:58:50.993 12879 12879 E InstantRunHelper: 	at dalvik.system.DexFile.openDexFileNative(Native Method)
10-04 19:58:50.993 12879 12879 E InstantRunHelper: 	at dalvik.system.DexFile.openDexFile(DexFile.java:295)
10-04 19:58:50.993 12879 12879 E InstantRunHelper: 	at dalvik.system.DexFile.<init>(DexFile.java:80)
10-04 19:58:50.993 12879 12879 E InstantRunHelper: 	at org.firstinspires.ftc.robotcore.internal.opmode.InstantRunHelper.getAllClassNames(InstantRunHelper.java:77)
10-04 19:58:51.003 12879 12879 E InstantRunHelper: 	at org.firstinspires.ftc.robotcore.internal.opmode.ClassManager.getAllClassNames(ClassManager.java:168)
10-04 19:58:51.003 12879 12879 E InstantRunHelper: 	at org.firstinspires.ftc.robotcore.internal.opmode.ClassManager.processAllClasses(ClassManager.java:255)
10-04 19:58:51.003 12879 12879 E InstantRunHelper: 	at com.qualcomm.ftccommon.ClassManagerFactory.processAllClasses(ClassManagerFactory.java:90)
10-04 19:58:51.003 12879 12879 E InstantRunHelper: 	at org.firstinspires.ftc.robotcontroller.internal.FtcRobotControllerActivity.onCreate(FtcRobotControllerActivity.java:339)
10-04 19:58:51.003 12879 12879 E InstantRunHelper: 	at android.app.Activity.performCreate(Activity.java:6876)
10-04 19:58:51.003 12879 12879 E InstantRunHelper: 	at android.app.Instrumentation.callActivityOnCreate(Instrumentation.java:1135)
10-04 19:58:51.003 12879 12879 E InstantRunHelper: 	at android.app.ActivityThread.performLaunchActivity(ActivityThread.java:3206)
10-04 19:58:51.003 12879 12879 E InstantRunHelper: 	at android.app.ActivityThread.handleLaunchActivity(ActivityThread.java:3349)
10-04 19:58:51.003 12879 12879 E InstantRunHelper: 	at android.app.ActivityThread.access$1100(ActivityThread.java:221)
10-04 19:58:51.013 12879 12879 E InstantRunHelper: 	at android.app.ActivityThread$H.handleMessage(ActivityThread.java:1794)
10-04 19:58:51.013 12879 12879 E InstantRunHelper: 	at android.os.Handler.dispatchMessage(Handler.java:102)
10-04 19:58:51.013 12879 12879 E InstantRunHelper: 	at android.os.Looper.loop(Looper.java:158)
10-04 19:58:51.013 12879 12879 E InstantRunHelper: 	at android.app.ActivityThread.main(ActivityThread.java:7224)
10-04 19:58:51.013 12879 12879 E InstantRunHelper: 	at java.lang.reflect.Method.invoke(Native Method)
10-04 19:58:51.013 12879 12879 E InstantRunHelper: 	at com.android.internal.os.ZygoteInit$MethodAndArgsCaller.run(ZygoteInit.java:1230)
10-04 19:58:51.013 12879 12879 E InstantRunHelper: 	at com.android.internal.os.ZygoteInit.main(ZygoteInit.java:1120)
10-04 19:58:51.083 12970 12970 I dex2oat : /system/bin/dex2oat --debuggable --dex-file=/data/app/com.qualcomm.ftcrobotcontroller-1/split_lib_slice_6_apk.apk --oat-file=/data/dalvik-cache/arm/data@app@com.qualcomm.ftcrobotcontroller-1@split_lib_slice_6_apk.apk@classes.dex
10-04 19:58:51.083 12970 12970 E dex2oat : Failed to create oat file: /data/dalvik-cache/arm/data@app@com.qualcomm.ftcrobotcontroller-1@split_lib_slice_6_apk.apk@classes.dex: Permission denied
10-04 19:58:51.083 12970 12970 I dex2oat : dex2oat took 1.529ms (threads: 4) 
10-04 19:58:51.083 12879 12879 W art     : Failed execv(/system/bin/dex2oat --runtime-arg -classpath --runtime-arg  --debuggable --instruction-set=arm --instruction-set-features=smp,div,atomic_ldrd_strd --runtime-arg -Xrelocate --boot-image=/system/framework/boot.art --runtime-arg -Xms64m --runtime-arg -Xmx512m --instruction-set-variant=krait --instruction-set-features=default --dex-file=/data/app/com.qualcomm.ftcrobotcontroller-1/split_lib_slice_6_apk.apk --oat-file=/data/dalvik-cache/arm/data@app@com.qualcomm.ftcrobotcontroller-1@split_lib_slice_6_apk.apk@classes.dex) because non-0 exit status
10-04 19:58:51.153 12974 12974 I dex2oat : /system/bin/dex2oat --debuggable --dex-file=/data/app/com.qualcomm.ftcrobotcontroller-1/split_lib_slice_7_apk.apk --oat-file=/data/dalvik-cache/arm/data@app@com.qualcomm.ftcrobotcontroller-1@split_lib_slice_7_apk.apk@classes.dex
10-04 19:58:51.153 12974 12974 E dex2oat : Failed to create oat file: /data/dalvik-cache/arm/data@app@com.qualcomm.ftcrobotcontroller-1@split_lib_slice_7_apk.apk@classes.dex: Permission denied
10-04 19:58:51.153 12974 12974 I dex2oat : dex2oat took 1.313ms (threads: 4) 
10-04 19:58:51.153 12879 12879 W art     : Failed execv(/system/bin/dex2oat --runtime-arg -classpath --runtime-arg  --debuggable --instruction-set=arm --instruction-set-features=smp,div,atomic_ldrd_strd --runtime-arg -Xrelocate --boot-image=/system/framework/boot.art --runtime-arg -Xms64m --runtime-arg -Xmx512m --instruction-set-variant=krait --instruction-set-features=default --dex-file=/data/app/com.qualcomm.ftcrobotcontroller-1/split_lib_slice_7_apk.apk --oat-file=/data/dalvik-cache/arm/data@app@com.qualcomm.ftcrobotcontroller-1@split_lib_slice_7_apk.apk@classes.dex) because non-0 exit status
10-04 19:58:51.233 12980 12980 I dex2oat : /system/bin/dex2oat --debuggable --dex-file=/data/app/com.qualcomm.ftcrobotcontroller-1/split_lib_slice_8_apk.apk --oat-file=/data/dalvik-cache/arm/data@app@com.qualcomm.ftcrobotcontroller-1@split_lib_slice_8_apk.apk@classes.dex
10-04 19:58:51.233 12980 12980 E dex2oat : Failed to create oat file: /data/dalvik-cache/arm/data@app@com.qualcomm.ftcrobotcontroller-1@split_lib_slice_8_apk.apk@classes.dex: Permission denied
10-04 19:58:51.233 12980 12980 I dex2oat : dex2oat took 632.708us (threads: 4) 
10-04 19:58:51.233 12879 12879 W art     : Failed execv(/system/bin/dex2oat --runtime-arg -classpath --runtime-arg  --debuggable --instruction-set=arm --instruction-set-features=smp,div,atomic_ldrd_strd --runtime-arg -Xrelocate --boot-image=/system/framework/boot.art --runtime-arg -Xms64m --runtime-arg -Xmx512m --instruction-set-variant=krait --instruction-set-features=default --dex-file=/data/app/com.qualcomm.ftcrobotcontroller-1/split_lib_slice_8_apk.apk --oat-file=/data/dalvik-cache/arm/data@app@com.qualcomm.ftcrobotcontroller-1@split_lib_slice_8_apk.apk@classes.dex) because non-0 exit status
10-04 19:58:51.303 12982 12982 I dex2oat : /system/bin/dex2oat --debuggable --dex-file=/data/app/com.qualcomm.ftcrobotcontroller-1/split_lib_slice_9_apk.apk --oat-file=/data/dalvik-cache/arm/data@app@com.qualcomm.ftcrobotcontroller-1@split_lib_slice_9_apk.apk@classes.dex
10-04 19:58:51.303 12982 12982 E dex2oat : Failed to create oat file: /data/dalvik-cache/arm/data@app@com.qualcomm.ftcrobotcontroller-1@split_lib_slice_9_apk.apk@classes.dex: Permission denied
10-04 19:58:51.303 12982 12982 I dex2oat : dex2oat took 687.969us (threads: 4) 
10-04 19:58:51.313 12879 12879 W art     : Failed execv(/system/bin/dex2oat --runtime-arg -classpath --runtime-arg  --debuggable --instruction-set=arm --instruction-set-features=smp,div,atomic_ldrd_strd --runtime-arg -Xrelocate --boot-image=/system/framework/boot.art --runtime-arg -Xms64m --runtime-arg -Xmx512m --instruction-set-variant=krait --instruction-set-features=default --dex-file=/data/app/com.qualcomm.ftcrobotcontroller-1/split_lib_slice_9_apk.apk --oat-file=/data/dalvik-cache/arm/data@app@com.qualcomm.ftcrobotcontroller-1@split_lib_slice_9_apk.apk@classes.dex) because non-0 exit status
10-04 19:58:51.313 12879 12879 V OnBotJava:ClassLoader: opening DexFile /storage/emulated/0/FIRST/java/build/jars/onBotJavaJar-2019-09-15+08.07.56--1765342321/OnBotJava.jar
10-04 19:58:51.393 12984 12984 I dex2oat : /system/bin/dex2oat --debuggable --dex-file=/storage/emulated/0/FIRST/java/build/jars/onBotJavaJar-2019-09-15+08.07.56--1765342321/OnBotJava.jar --oat-file=/data/user/0/com.qualcomm.ftcrobotcontroller/app_dexopt/@storage@emulated@0@FIRST@java@build@jars@onBotJavaJar-2019-09-15+08.07.56--1765342321@OnBotJava.jar@classes.dex
10-04 19:58:51.493 12984 12984 I dex2oat : ----------------------------------------------------
10-04 19:58:51.493 12984 12984 I dex2oat : <SS>: S T A R T I N G . . .
10-04 19:58:51.493 12984 12984 E dex2oat : <SS>: oat location is not valid /data/user/0/com.qualcomm.ftcrobotcontroller/app_dexopt/@storage@emulated@0@FIRST@java@build@jars@onBotJavaJar-2019-09-15+08.07.56--1765342321@OnBotJava.jar@classes.dex
10-04 19:58:51.493 12984 12984 I dex2oat : dex2oat took 100.883ms (threads: 4) arena alloc=1199KB java alloc=21KB native alloc=2MB free=2MB
10-04 19:58:51.493 12879 12879 I OnBotJavaHelperImpl: /storage/emulated/0/FIRST/java/build/jars/onBotJavaJar-2019-09-15+08.07.56--1765342321/OnBotJava.jar: org.firstinspires.ftc.teamcode.ArushHdrive
10-04 19:58:51.493 12879 12879 I OnBotJavaHelperImpl: /storage/emulated/0/FIRST/java/build/jars/onBotJavaJar-2019-09-15+08.07.56--1765342321/OnBotJava.jar: org.firstinspires.ftc.teamcode.AutonCrater_final
10-04 19:58:51.493 12879 12879 I OnBotJavaHelperImpl: /storage/emulated/0/FIRST/java/build/jars/onBotJavaJar-2019-09-15+08.07.56--1765342321/OnBotJava.jar: org.firstinspires.ftc.teamcode.AutonDepot_final
10-04 19:58:51.493 12879 12879 I OnBotJavaHelperImpl: /storage/emulated/0/FIRST/java/build/jars/onBotJavaJar-2019-09-15+08.07.56--1765342321/OnBotJava.jar: org.firstinspires.ftc.teamcode.BabyBot
10-04 19:58:51.493 12879 12879 I OnBotJavaHelperImpl: /storage/emulated/0/FIRST/java/build/jars/onBotJavaJar-2019-09-15+08.07.56--1765342321/OnBotJava.jar: org.firstinspires.ftc.teamcode.Teleop
10-04 19:58:51.503 12879 12879 V OnBotJava:ClassLoader: opening DexFile /storage/emulated/0/FIRST/java/build/jars/onBotJavaJar-2019-09-15+08.07.56--1765342321/OnBotJava.jar
10-04 19:58:52.253 12879 12879 V OnBotJava:ClassLoader: From /storage/emulated/0/FIRST/java/build/jars/onBotJavaJar-2019-09-15+08.07.56--1765342321/OnBotJava.jar loaded: org.firstinspires.ftc.teamcode.AutonCrater_final
10-04 19:58:52.253 12879 12879 V OnBotJava:ClassLoader: From /storage/emulated/0/FIRST/java/build/jars/onBotJavaJar-2019-09-15+08.07.56--1765342321/OnBotJava.jar loaded: org.firstinspires.ftc.teamcode.ArushHdrive
10-04 19:58:52.253 12879 12879 V OnBotJava:ClassLoader: From /storage/emulated/0/FIRST/java/build/jars/onBotJavaJar-2019-09-15+08.07.56--1765342321/OnBotJava.jar loaded: org.firstinspires.ftc.teamcode.BabyBot
10-04 19:58:52.253 12879 12879 V OnBotJava:ClassLoader: From /storage/emulated/0/FIRST/java/build/jars/onBotJavaJar-2019-09-15+08.07.56--1765342321/OnBotJava.jar loaded: org.firstinspires.ftc.teamcode.AutonDepot_final
10-04 19:58:52.253 12879 12879 V OnBotJava:ClassLoader: From /storage/emulated/0/FIRST/java/build/jars/onBotJavaJar-2019-09-15+08.07.56--1765342321/OnBotJava.jar loaded: org.firstinspires.ftc.teamcode.Teleop
10-04 19:58:53.503 12879 12879 V OnBotJavaDeterminer: isOnBotJava: class=AdafruitBNO055IMU loader=PathClassLoader: false
10-04 19:58:53.533 12879 12879 V OnBotJavaDeterminer: isOnBotJava: class=NavxMicroNavigationSensor loader=PathClassLoader: false
10-04 19:58:53.543 12879 12879 V OnBotJavaDeterminer: isOnBotJava: class=LynxEmbeddedIMU loader=PathClassLoader: false
10-04 19:58:53.593 12879 12879 V OnBotJavaDeterminer: isOnBotJava: class=ModernRoboticsAnalogOpticalDistanceSensor loader=PathClassLoader: false
10-04 19:58:53.603 12879 12879 V OnBotJavaDeterminer: isOnBotJava: class=ModernRoboticsI2cCompassSensor loader=PathClassLoader: false
10-04 19:58:53.613 12879 12879 V OnBotJavaDeterminer: isOnBotJava: class=ModernRoboticsI2cRangeSensor loader=PathClassLoader: false
10-04 19:58:53.613 12879 12879 V OnBotJavaDeterminer: isOnBotJava: class=ModernRoboticsTouchSensor loader=PathClassLoader: false
10-04 19:58:53.633 12879 12879 V OnBotJavaDeterminer: isOnBotJava: class=Matrix12vMotor loader=PathClassLoader: false
10-04 19:58:53.643 12879 12879 V OnBotJavaDeterminer: isOnBotJava: class=MatrixLegacyMotor loader=PathClassLoader: false
10-04 19:58:53.653 12879 12879 V OnBotJavaDeterminer: isOnBotJava: class=NeveRest20Gearmotor loader=PathClassLoader: false
10-04 19:58:53.663 12879 12879 V OnBotJavaDeterminer: isOnBotJava: class=NeveRest3_7GearmotorV1 loader=PathClassLoader: false
10-04 19:58:53.663 12879 12879 V OnBotJavaDeterminer: isOnBotJava: class=NeveRest40Gearmotor loader=PathClassLoader: false
10-04 19:58:53.693 12879 12879 V OnBotJavaDeterminer: isOnBotJava: class=NeveRest60Gearmotor loader=PathClassLoader: false
10-04 19:58:53.703 12879 12879 V OnBotJavaDeterminer: isOnBotJava: class=RevRobotics20HdHexMotor loader=PathClassLoader: false
10-04 19:58:53.723 12879 12879 V OnBotJavaDeterminer: isOnBotJava: class=RevRobotics40HdHexMotor loader=PathClassLoader: false
10-04 19:58:53.723 12879 12879 V OnBotJavaDeterminer: isOnBotJava: class=RevRoboticsCoreHexMotor loader=PathClassLoader: false
10-04 19:58:53.733 12879 12879 V OnBotJavaDeterminer: isOnBotJava: class=TetrixMotor loader=PathClassLoader: false
10-04 19:58:53.743 12879 12879 V OnBotJavaDeterminer: isOnBotJava: class=Rev2mDistanceSensor loader=PathClassLoader: false
10-04 19:58:53.753 12879 12879 V OnBotJavaDeterminer: isOnBotJava: class=RevBlinkinLedDriver loader=PathClassLoader: false
10-04 19:58:53.763 12879 12879 V OnBotJavaDeterminer: isOnBotJava: class=RevColorSensorV3 loader=PathClassLoader: false
10-04 19:58:53.773 12879 12879 V OnBotJavaDeterminer: isOnBotJava: class=RevSPARKMini loader=PathClassLoader: false
10-04 19:58:53.773 12879 12879 V OnBotJavaDeterminer: isOnBotJava: class=RevTouchSensor loader=PathClassLoader: false
10-04 19:58:53.793 12879 12879 V OnBotJavaDeterminer: isOnBotJava: class=AnalogInput loader=PathClassLoader: false
10-04 19:58:53.803 12879 12879 V OnBotJavaDeterminer: isOnBotJava: class=CRServo loader=PathClassLoader: false
10-04 19:58:53.813 12879 12879 V OnBotJavaDeterminer: isOnBotJava: class=DigitalChannelImpl loader=PathClassLoader: false
10-04 19:58:53.833 12879 12879 V OnBotJavaDeterminer: isOnBotJava: class=LED loader=PathClassLoader: false
10-04 19:58:53.843 12879 12879 V OnBotJavaDeterminer: isOnBotJava: class=Servo loader=PathClassLoader: false
10-04 19:58:53.873 12879 12879 V OnBotJavaDeterminer: isOnBotJava: class=UnspecifiedMotor loader=PathClassLoader: false
10-04 19:58:54.413 12879 12879 V UpdateUI: Network: inactive, disconnected
10-04 19:58:54.413 12879 12879 V ServiceStarter: attempting to start service FtcRobotControllerWatchdogService
10-04 19:58:54.423 12879 12879 V ServiceStarter: started service FtcRobotControllerWatchdogService
10-04 19:58:54.423 12879 12879 V RobotCore: BuildConfig: versionCode=34 versionName=5.2 module=com.qualcomm.ftcrobotcontroller
10-04 19:58:54.423 12879 12879 V RobotCore: BuildConfig: versionCode=64 versionName=11.6 module=com.qualcomm.robotcore
10-04 19:58:54.433 12879 12879 V RobotCore: BuildConfig: versionCode=64 versionName=11.6 module=com.qualcomm.hardware
10-04 19:58:54.433 12879 12879 V RobotCore: BuildConfig: versionCode=64 versionName=11.6 module=com.qualcomm.ftccommon
10-04 19:58:54.433 12879 12879 V RobotCore: BuildConfig: versionCode=64 versionName=11.6 module=com.google.blocks
10-04 19:58:54.433 12879 12879 V RobotCore: BuildConfig: versionCode=64 versionName=11.6 module=org.firstinspires.inspection
10-04 19:58:54.433 12879 12879 I RCActivity: Android device serial number: 15ae9b38
10-04 19:58:54.433 12879 12879 I RobotCore: Android Device: maker=samsung model=SM-G900V sdk=23
10-04 19:58:54.433 12879 12879 V RCActivity: onStart()
10-04 19:58:54.433 12879 12879 V RCActivity: pref_wifip2p_channel: Found existing preferred channel (0).
10-04 19:58:54.433 12879 12879 V RCActivity: pref_wifip2p_channel: attempting to set preferred channel...
10-04 19:58:54.433 12879 12879 V WifiDirectChannelChanger: changeToChannel() channel=0
10-04 19:58:54.433 12879 12879 V WifiDirectChannelChanger: startChannelChange() channel=0
10-04 19:58:54.433 12879 12879 V RCActivity: onResume()
10-04 19:58:54.433 12879 12931 V WifiDirectChannelChanger: callSetWifiP2pChannels() success
10-04 19:58:54.443 12879 12931 V WifiDirectChannelChanger: Channel 0 saved as preference "pref_wifip2p_channel".
10-04 19:58:54.443 12879 12931 V WifiDirectChannelChanger: finishChannelChange() channel=0 success=true
10-04 19:58:54.443 12879 12879 D ViewRootImpl: #1 mView = com.android.internal.policy.PhoneWindow$DecorView{4c86b8a I.E...... R.....ID 0,0-0,0}
10-04 19:58:54.443 12879 12879 D SecWifiDisplayUtil: Metadata value : none
10-04 19:58:54.453 12879 13014 D OpenGLRenderer: Use EGL_SWAP_BEHAVIOR_PRESERVED: true
10-04 19:58:54.463 12879 12879 D ConnectivityManager: requestNetwork; getAppId(CallingUid) : 10208, CallingPid : 12879
10-04 19:58:54.483 12879 12879 V FtcRobotControllerWatchdogService: onCreate()
10-04 19:58:54.483 12879 12879 V FtcRobotControllerWatchdogService: onStartCommand() intent=Intent { cmp=com.qualcomm.ftcrobotcontroller/org.firstinspires.ftc.ftccommon.internal.FtcRobotControllerWatchdogService } flags=0x0 startId=1
10-04 19:58:54.483 12879 12879 V FtcRobotControllerWatchdogService: shouldAutoLauchRobotController() result=false
10-04 19:58:54.483 12879 12879 V FTCService: onCreate()
